02-29 20:05:37.641  1331  1429 D HwAppTransitionImpl: windowAnimations = 0 dose not come from system, not to override it.
02-29 20:05:37.644   685 16923 I GRALLOC : getCallingPid=729, shrFd=11,fmt=0x1,intFmt=0x1,btStrd=3072,size=4829184,pid=685 
02-29 20:05:37.644   685 16923 I GRALLOC : 	 yuv=2,w=756,h=1570,Stride u=0 v=0,offset u=0 v=0 
02-29 20:05:37.644   685 16923 I GRALLOC : 	 iova_size=4829184,conUsg=0x306,proUsg=0x366,	 strd=768,[afbc]HdrStrd=0 PyldStrd=0 Scrmbl=0,ionhnd = 0 
02-29 20:05:37.649  1331  1808 D HwAppTransitionImpl: windowAnimations = 0 dose not come from system, not to override it.
02-29 20:05:37.649  1331  1808 E WindowManager: win=Window{73200e1 u0 GestureNavRight} destroySurfaces: appStopped=true win.mWindowRemovalAllowed=false win.mRemoveOnExit=false
02-29 20:05:37.654  1331  1814 W InputDispatcher: channel '6eb4371 com.xm.testcodec/com.xm.testcodec.MainActivity (server)' ~ Consumer closed input channel or an error occurred.  events=0x9
02-29 20:05:37.654  1331  1814 E InputDispatcher: channel '6eb4371 com.xm.testcodec/com.xm.testcodec.MainActivity (server)' ~ Channel is unrecoverably broken and will be disposed!
02-29 20:05:37.654  1331  1814 I WindowManager: WINDOW DIED Window{6eb4371 u0 com.xm.testcodec/com.xm.testcodec.MainActivity}
02-29 20:05:37.654  1331  1814 V WindowManager: removeIfPossible: Window{6eb4371 u0 com.xm.testcodec/com.xm.testcodec.MainActivity} callers=com.android.server.wm.WindowState.removeIfPossible:5506492 com.android.server.wm.InputManagerCallback.notifyInputChannelBroken:16352324 com.android.server.input.InputManagerService.notifyInputChannelBroken:18526052 <bottom of call stack> <bottom of call stack> 
02-29 20:05:37.654  1331  1814 W InputDispatcher: Attempted to unregister already unregistered input channel '6eb4371 com.xm.testcodec/com.xm.testcodec.MainActivity (server)'
02-29 20:05:37.654  1331  1814 V WindowManager: postWindowRemoveCleanupLocked: Window{6eb4371 u0 com.xm.testcodec/com.xm.testcodec.MainActivity}
02-29 20:05:37.654  1331  1814 V WindowManager: Removing Window{6eb4371 u0 com.xm.testcodec/com.xm.testcodec.MainActivity} from AppWindowToken{75abb03 token=Token{76fba0e ActivityRecord{740c809 u0 com.xm.testcodec/.MainActivity t9841}}}
02-29 20:05:37.656  1331  1940 I PackageManager: getInstalledPackages cost 2 ms, flags: 786432, userId: 0, callingUid: 1000, callingPid: 1331
02-29 20:05:37.665  1331  1422 W         : Failed to UpdateQosForCgroupInner, tid=0, policy=10
02-29 20:05:37.665   643   643 I Zygote  : Process 9350 exited due to signal 11 (Segmentation fault)
02-29 20:05:37.672 23628 23628 I HiBoard_10.0.8.313_LauncherOverlayService: onCreate
02-29 20:05:37.673 23628 23628 I HiBoard_10.0.8.313_Utils: isLauncherSupportSpecificFeature: isSupport: true
02-29 20:05:37.673 23628 23628 I HiBoard_10.0.8.313_WorkspaceManager: initServiceOnCreate mIsWindowAttached true, mIsLauncherSupportHiBoardRtl: true
02-29 20:05:37.673 23628 23628 I HiBoard_10.0.8.313_Utils: updateViewWidth()
02-29 20:05:37.673 23628 23628 I HiBoard_10.0.8.313_Utils: getScreenHeightWidthInch screenHeight =2244 screenWidth =1080 screenInch =6.515126648827681
02-29 20:05:37.673 23628 23628 I HiBoard_10.0.8.313_Utils: getScreenInch screenInch=6.515126648827681
02-29 20:05:37.673 23628 23628 I HiBoard_10.0.8.313_Utils: initScreenType: screenType = 0
02-29 20:05:37.673 23628 23628 I HiBoard_10.0.8.313_WorkspaceManager: getScreenWidth width = 1080, orientation = 1
02-29 20:05:37.674 23628 23628 I HiBoard_10.0.8.313_WorkspaceManager: getScreenWidth width = 1080, orientation = 1
02-29 20:05:37.674 23628 23628 I HiBoard_10.0.8.313_LauncherOverlayService: onBind
02-29 20:05:37.675  2654  3180 I OPCollectLog: OdmfHelper:isCharging: true
02-29 20:05:37.678  8925  8953 D Mms:PduLoaderManager: XThreadFactory create: Mms:PduLoaderManager-1. @java.util.concurrent.ThreadPoolExecutor$Worker@53b3489[State = -1, empty queue] @in thread 83461 call from -->com.huawei.cspcommon.ex.ThreadEx$XThreadFactory:newThread(ThreadEx.java:174)
02-29 20:05:37.678  1331  2222 I ActivityManager: Process com.xm.testcodec (pid 9350) has died: vis+99 TOP 
02-29 20:05:37.678  1331  2222 D ActivityManager: cleanUpApplicationRecord app: ProcessRecord{6d2b699 9350:com.xm.testcodec/u0a249}, app.bad: false, restarting: false, allowRestart: true
02-29 20:05:37.678  1331  1437 I HwPowerManagerService: appdie release wakelock, pid = 9350, uid = 10249
02-29 20:05:37.678  1331  1444 I libprocessgroup: Successfully killed process cgroup uid 10249 pid 9350 in 0ms
02-29 20:05:37.679  1331  2224 D PGGoogleServicePolicy: prevent gms/gsf hold partial wakelock
02-29 20:05:37.679  2654  3180 I OPCollectLog: OdmfHelper:insert database success 
02-29 20:05:37.679  2654  3180 I OPCollectLog: OdmfHelper:opcollectCache size: 1
02-29 20:05:37.679  2654  3180 I OPCollectLog: OdmfHelper:opcollectCache lastTime: 2757062451
02-29 20:05:37.680  1331  2222 V WindowManager: removeAppToken: AppWindowToken{75abb03 token=Token{76fba0e ActivityRecord{740c809 u0 com.xm.testcodec/.MainActivity t9841}}} delayed=false Callers=com.android.server.wm.DisplayContent.removeAppToken:8167260 com.android.server.wm.ActivityRecord.removeWindowContainer:8168932 com.android.server.wm.ActivityStack.removeActivityFromHistoryLocked:8166360 com.android.server.wm.ActivityStack.removeHistoryRecordsForAppLocked:6809884 
02-29 20:05:37.680  8925  8953 D ThumbnailManager: XThreadFactory create: ThumbnailManager-1. @java.util.concurrent.ThreadPoolExecutor$Worker@b59e8bc[State = -1, empty queue] @in thread 83461 call from -->com.huawei.cspcommon.ex.ThreadEx$XThreadFactory:newThread(ThreadEx.java:174)
02-29 20:05:37.682  1331  2222 V ActivityTaskManager: removeChild: detaching stackId=822 from displayId=0
02-29 20:05:37.684  1331  1422 D PGGoogleServicePolicy: prevent gms/gsf hold partial wakelock
02-29 20:05:37.687 23628 23686 I HiBoard_10.0.8.313_LauncherOverlayService: windowAttached
02-29 20:05:37.687 23628 23686 I HiBoard_10.0.8.313_Utils: updateViewWidth()
02-29 20:05:37.687 23628 23686 I HiBoard_10.0.8.313_Utils: getScreenHeightWidthInch screenHeight =2244 screenWidth =1080 screenInch =6.515126648827681
02-29 20:05:37.687 23628 23686 I HiBoard_10.0.8.313_Utils: getScreenInch screenInch=6.515126648827681
02-29 20:05:37.687 23628 23686 I HiBoard_10.0.8.313_Utils: initScreenType: screenType = 0
02-29 20:05:37.687 23628 23686 I HiBoard_10.0.8.313_WorkspaceManager: overlayStatusChanged state 1
02-29 20:05:37.687 23628 23628 I HiBoard_10.0.8.313_WorkspaceManager: handleMessage ATTACHWINDOW
02-29 20:05:37.687 23628 23628 I HiBoard_10.0.8.313_WorkspaceManager: windowAttached mIsWindowAttached true
02-29 20:05:37.687 23628 23628 I HiBoard_10.0.8.313_WorkspaceManager: windowAttached token is the same, no need init
02-29 20:05:37.687 25159 25159 E HwLauncher: NegativeScreenClientCallBack onServiceStateChanged overlayAttached = true mServiceState = 0
02-29 20:05:37.693  5581  5581 I HwIME_Pro: ImeService>>>onStartInput
02-29 20:05:37.693  1331 14804 D PGGoogleServicePolicy: prevent gms/gsf hold partial wakelock
02-29 20:05:37.694  1331 14804 D HwConnectivityServiceEx: set cache by key is 10104 interfaceName iswlan0 value is false
02-29 20:05:37.695  1331 14804 E WifiService: enforceCanAccessScanResults: hiding ssid and bssidLocation mode is disabled for the device
02-29 20:05:37.697   889  1062 D ScreemCommon: <LOGMGR> <complete_pm> [Entry]
02-29 20:05:37.698  5581  5581 I HuaweiIME: SysInfo.getSysParam: orientation=1||config d=3.0,w=1080,h=2163||metrics d=3.0,w=1080,h=2163||sdk=29,bar_h=81||appScale=3.3,sysScale=3.0||isMultiWin=false,isPadMode=false, boardw=1080, boardH=705, candH=130, boardL=0, boardR=1080, ver=8.2.8.80, realW=1080, realH=2244, isInLargeWinMode=false
02-29 20:05:37.698  5581  5581 I HuaweiIME: isPortrait-adjustOffset-r: 5
02-29 20:05:37.703  1331  1428 W ActivityManager: setHasOverlayUi called on unknown pid: 9350
02-29 20:05:37.703  2487  3458 D DollieActivityManagerAdapter: [UidGone]  uid:10249
02-29 20:05:37.703  1331  2222 V BroadcastQueue: Finished with ordered broadcast BroadcastRecord{7079775 u0 android.intent.action.DROPBOX_ENTRY_ADDED}
02-29 20:05:37.703  2487  3458 E DollieAdapterService: notifyActivityState pkg:com.xm.testcodec/com.xm.testcodec.MainActivity state:20 fg:false mUid:10249
02-29 20:05:37.704  2487  3458 I HidataAppQoeP: foregroundUidRemove uid: 10249 name: com.xm.testcodec
02-29 20:05:37.704  2487  2563 I HwPacketFilterBypass: handleActivityUidStateChanged uid:10249 -1 foreground:0
02-29 20:05:37.704  2487  2563 I HwPacketFilterBypass: isAllowSendSmartCureToChr false, no exceptions occur, dropCnt:0
02-29 20:05:37.704  2487  2487 D SmartDualCardConfig: getAppType,pkgName=com.xm.testcodec,appType=-1
02-29 20:05:37.705  2487  2487 D SmartDualCardConfig: getAppType,pkgName=com.xm.testcodec,appType=-1
02-29 20:05:37.705  2487  2487 E SmartDualCardConfig: isAppInBlackList false,items==null
02-29 20:05:37.706  2487  2487 D SmartDualCardSM: onUidStateUpdate,uid=10249,appName=com.xm.testcodec,state=BACKGROUND
02-29 20:05:37.706  2487  2487 D SmartDualCardConfig: removeAppFromList,after remove,size()=0,uid=10249
02-29 20:05:37.706  2487  2487 D SmartDualCardConfig: getAppType,pkgName=com.xm.testcodec,appType=-1
02-29 20:05:37.706  2487  2487 D SmartDualCardSM: updateAppState mAppState=1
02-29 20:05:37.706  2487  2487 D SmartDualCardSM: IdleState:got msg.what=EVENT_APP_MOVE_BACKGROUND
02-29 20:05:37.706  2487  2487 D SmartDualCardSM: startAppBackgroundTimer
02-29 20:05:37.706  2487  2599 I DollieChr: handleForegroundAppUpdateMsg,mAppState=2,scenes=1,mForegroundAppName=com.xm.testcodec
02-29 20:05:37.707 25159 25159 W HwLauncher: FolderIcondrawSelectedLabel bitmap null
02-29 20:05:37.710 25159 25159 I chatty  : uid=10074(com.huawei.android.launcher) identical 3 lines
02-29 20:05:37.711 25159 25159 W HwLauncher: FolderIcondrawSelectedLabel bitmap null
02-29 20:05:37.715   806   806 I aptouch_daemon: copy_frame, grid_data is nullptr
02-29 20:05:37.715   806   806 I aptouch_daemon: check_afe_status, idle in. 300
02-29 20:05:37.719  1331  1422 I HwAudioService: now type = -1,reportForegroundAppType = 28,pkg = null,systemload = -1mVoipOptimizeInGameModefalse
02-29 20:05:37.719  1331  1895 V BroadcastQueue: Finished with ordered broadcast BroadcastRecord{7079671 u0 android.intent.action.DROPBOX_ENTRY_ADDED}
02-29 20:05:37.753  1331  1426 D HwPhoneWindowManager: Transact:setSystemUIColor to status bar service
02-29 20:05:37.753 11925 19607 I HwCommandQueue: updateBarBgColor
02-29 20:05:37.753 11925 19607 D HwCommandQueue: CommandQueue, setBarBackgroundColor
02-29 20:05:37.754  1331  1426 I StatusBarDisable: setFlags what=0 which=1 pkg=Window{69e2409 u0 com.huawei.android.launcher/com.huawei.android.launcher.unihome.UniHomeLauncher}
02-29 20:05:37.755  2487  3372 E HsmCoreServiceImpl: onTransact in code is: 102
02-29 20:05:37.755  2487  3372 I MediaProcessHandler: processOp opType: 1, uid: 10249, pid: 9350
02-29 20:05:37.755  2487  3372 W MediaProcessHandler: remove target not exist, maybe the UI process: uid: 10249, pid: 9350
02-29 20:05:37.755  2487  2966 D HicomMonitor: notifyAppDied: uid = 10249
02-29 20:05:37.755  2487  2966 D Hicom_SysEnvMonitor: onAppDied, uid:10249
02-29 20:05:37.755  2487  2966 I AppStatisticProc: handleAppDied: pkgName = com.xm.testcodec is not apk supported in Smartcare
02-29 20:05:37.755  2487  2966 D Hicom_PolicyCenterService: policencenterservice receive handleMessage: 68
02-29 20:05:37.755  2487  2966 D Hicom_AppLifeCycleManager: sAppAllSocketClosed rm uid: 10249
02-29 20:05:37.755  2487  2966 D Hicom_SingleTaskDecisionSystem: AllAppPolicyEmpty(), disable MobileData...
02-29 20:05:37.755  2487  2966 D Hicom_MobileDataControl: setMobileData Mobile switch closing,mEnableSourceMask:0
02-29 20:05:37.755  2487  2966 D Hicom_MobileDataControl: stopMobileDataNetwork
02-29 20:05:37.755  2487  2966 D Hicom_MobileDataControl: has already stopMobileDataNetwork
02-29 20:05:37.756  1331  1803 W AwareLog: SchedLevelBoost: onProcessDied config not set!
02-29 20:05:37.756  2487 32350 I BoosterSwitchP: notifyUidState do nothing
02-29 20:05:37.756  2487 32350 I DeepNoDisturbP: notifyUidState
02-29 20:05:37.756  2487 16768 E HsmCoreServiceImpl: onTransact in code is: 102
02-29 20:05:37.756  2487 32350 I BrowserChrP: notifyUidState
02-29 20:05:37.756  2487 16768 I MediaProcessHandler: processOp opType: 1, uid: 10249, pid: 9350
02-29 20:05:37.756  2487 16768 W MediaProcessHandler: remove target not exist, maybe the UI process: uid: 10249, pid: 9350
02-29 20:05:37.757  2487  2966 I Hicom_MpFlowDecisionSystem: stopMpFlow: pkgName:  is not a stared mp-flow app. 
02-29 20:05:37.757  2487  2966 E Hicom_PolicyCenterService: handleAppDied. multipathPolicy
02-29 20:05:37.757  2487  3372 I MediaProcessHandler: executedCallBack opType: 1 mMediaStatusObservers.size=0
02-29 20:05:37.757  2487 16768 I MediaProcessHandler: executedCallBack opType: 1 mMediaStatusObservers.size=0
02-29 20:05:37.758   853  2633 D iTouchService: itouch currentPackageName = com.xm.testcodec
02-29 20:05:37.758   853  2633 D iTouchService: itouch appType=-1 appState=0 gameMode=2
02-29 20:05:37.758   853  2633 D iTouchService: g_itouch_reader_monitor empty
02-29 20:05:37.758   853  2633 D iTouchService: g_itouch_reader_monitor Monitor::isReaderMonitorEnable()=0
02-29 20:05:37.758   853  2633 D iTouchService: itouch getCurrentParmID tempPkg=com.xm.xxx
02-29 20:05:37.758   853  2633 D iTouchService: itouch:app com.xm.testcodec is  not game app
02-29 20:05:37.758   853  2633 D iTouchService: itouch:app com.xm.testcodec is  not in StylusPenList
02-29 20:05:37.758   853  2633 D iTouchService: itouch:styluspen_switch is disable
02-29 20:05:37.758   853  2633 D iTouchService: itouch:currentAppTypeName =|UNKNOWN|
02-29 20:05:37.862   642 15202 I netd    : trafficSwapActiveStatsMap() <9.99ms>
02-29 20:05:37.866  1331 10370 D HwActivityManagerServiceEx: process has started, packageName:com.android.contacts, processName:com.android.contacts
02-29 20:05:37.878   642 15202 I netd    : trafficSwapActiveStatsMap() <13.44ms>
02-29 20:05:37.880    53    53 W migration/7: type=1400 audit(0.0:20600083): avc: granted { setsched } for pid=53 scontext=u:r:kernel:s0 tcontext=u:r:kernel:s0 tclass=process
02-29 20:05:37.980    47    47 W migration/6: type=1400 audit(0.0:20600084): avc: granted { setsched } for pid=47 scontext=u:r:kernel:s0 tcontext=u:r:kernel:s0 tclass=process
02-29 20:05:38.093  1331  1457 D DisplayPowerController: mPowerState.mScreenChangedReason: 65537 mPendingRequestLocked.mScreenChangeReason 65537
02-29 20:05:38.119   719   719 E WifiHAL : enter wifi_get_link_stats
02-29 20:05:38.128  1331  1844 E WificondControl: Noise: 0, Snr: -82, Chload: 127
02-29 20:05:38.131  1331  1844 V HwWifiServiceFactory: get AllImpl object = com.android.server.wifi.HwWifiServiceFactoryImpl@6f595c9
02-29 20:05:38.138  1331  1844 D TelephonyManager: getAllCellInfo calling app is android
02-29 20:05:38.139  2691  2969 W PhoneInterfaceManager: shouldBlockLocation running ...
02-29 20:05:38.139  2691  2969 I PhoneInterfaceManager: shouldBlockLocation  ret:false
02-29 20:05:38.140    47    47 W migration/6: type=1400 audit(0.0:20600085): avc: granted { setsched } for pid=47 scontext=u:r:kernel:s0 tcontext=u:r:kernel:s0 tclass=process
02-29 20:05:38.148 25159 25595 W OpenGLRenderer: Incorrectly called buildLayer on View: ShortcutAndWidgetContainer, destroying layer...
02-29 20:05:38.148 25159 25595 W OpenGLRenderer: Incorrectly called buildLayer on View: ShortcutAndWidgetContainer, destroying layer...
02-29 20:05:38.148 25159 25159 I HwViewRootImpl: removeInvalidNode all the node in jank list is out of time
02-29 20:05:38.179   697 11961 I audio_hw_primary: usb_ext_get_parameters: check show hires (false)
02-29 20:05:38.194  1331  1422 D HwConnectivityServiceEx: set cache by key is 10035 interfaceName iswlan0 value is false
02-29 20:05:38.196 27250  8969 E TotemWeather: DeviceStateServiceListener:lastLocation is null
02-29 20:05:38.198  1331  1422 D ConnectivityService: get Network state from cache, cacheBlock is 0
02-29 20:05:38.246  8962  8993 D Mms:PduLoaderManager: XThreadFactory create: Mms:PduLoaderManager-1. @java.util.concurrent.ThreadPoolExecutor$Worker@b556edb[State = -1, empty queue] @in thread 83467 call from -->com.huawei.cspcommon.ex.ThreadEx$XThreadFactory:newThread(ThreadEx.java:174)
02-29 20:05:38.247  8962  8993 D ThumbnailManager: XThreadFactory create: ThumbnailManager-1. @java.util.concurrent.ThreadPoolExecutor$Worker@8c35cb6[State = -1, empty queue] @in thread 83467 call from -->com.huawei.cspcommon.ex.ThreadEx$XThreadFactory:newThread(ThreadEx.java:174)
02-29 20:05:38.260    53    53 W migration/7: type=1400 audit(0.0:20600087): avc: granted { setsched } for pid=53 scontext=u:r:kernel:s0 tcontext=u:r:kernel:s0 tclass=process
02-29 20:05:38.318  1331  1422 I chatty  : uid=1000(system) Binder:1331_1 identical 1 line
02-29 20:05:38.405  1331  1422 D ConnectivityService: get Network state from cache, cacheBlock is 0
02-29 20:05:38.488  1331  1442 I ActivityManager: App 10035/com.huawei.android.totemweather targets O+, restricted
02-29 20:05:38.488  1331  1442 W BroadcastQueue: Background execution not allowed: receiving Intent { act=com.huawei.android.action.WEATHER_CHANGE flg=0x10 (has extras) } to com.huawei.android.totemweather/.wear.ChangeWeatherReceiver
02-29 20:05:38.488  1331  1442 V BroadcastQueue: Finished with ordered broadcast BroadcastRecord{707975b u0 com.huawei.android.action.WEATHER_CHANGE}
