--------- beginning of main
02-29 20:05:27.011  1331  1843 I TrafficMonitor: update:rxPkts:0,txPkts:0,rxBytes:0,txBytes:0
02-29 20:05:27.011  1331  1843 I TrafficMonitor: start expired. level:-1
02-29 20:05:27.011  1331  1843 I TrafficMonitor: gettimer:interval=2000
02-29 20:05:27.022  1331  1956 D HwSelfCureEngine: periodicArpDetection signalLevel = 3, isScreenOn = true , mArpDetectionFailedCnt = 0
02-29 20:05:27.022  1331  1956 I HwWifiProServiceProxy: ctrlHwWifiNetwork pkgName: WIFIPRO_SERVICE interfaceId: 52
02-29 20:05:27.022  1331  1956 I HwWifiProServiceProxy: ctrlHwWifiNetwork pkgName: WIFIPRO_SERVICE interfaceId: 68
02-29 20:05:27.023  1331  1956 D wifiserviceimpl: netmask =16777215
02-29 20:05:27.078  1331  1956 D HwDualBandManager: pair = Pair{true 14}, Bundle = Bundle[{time=14, arpResult=true}]
02-29 20:05:27.078  1331  1956 I HwWifiProServiceProxy: ctrlHwWifiNetwork pkgName: WIFIPRO_SERVICE interfaceId: 63
02-29 20:05:27.079  2654  3007 D HwWifiCHRStateManager: handleMessage : 1121
02-29 20:05:27.079  2654  3007 E HwCHRWifiRSSIGroupSummery: updatArpSummery mRSSI:-1  HwCHRWifiRSSIGroup [rssi_index=4, rtt_tcp_packets=0, rtt_tcp_duration=0, rtt_lan_duration=172289, rtt_lan_failures=54, rtt_lan_succ=10343, rtt_lan_max=934, rtt_lan_min=2,same_area_frequency=0,adjacent_area_frequency=1]
02-29 20:05:27.148 23038 23038 I adbd    : <unknown>: offline
02-29 20:05:27.148 23038 23038 I adbd    : ADB disconnect
--------- beginning of system
02-29 20:05:27.149  1331  3027 D AdbDebuggingManager: Received disconnected message: QAAAAA+4znoRyR6Ik95XeypYfgTSsHaNiXzGAMjgmQKFq2GMRD/y2gkErv0TXiL68OnX9qjdfRpHKbEfCmQGKqFS2tb/N1LVSxv5kE86E4wTTvEwXDKf7eWGfjPHvbxkzI8eH/l0V6EzDQ/DZsj4eRW3b9GJ7LApA3PgOxcAmr9M60CfFh0sEbDsvPngRluPjzViAJzbzCUSvRDXtJYZUzy2y1FMcTfqR4ahYnkweDI2bxDnqbooxbmhjkBUhjJO/uYw5jrVOul3K+rvYYO4rJDnV89WGfPbeswO7ewmyfgf6McONlDLBMy2Z2MhbFqOKgg+8xy2OVeprpbPizR6ETqXmUGqtvCi25YSmKoh5hjT+2jFFWHYV1WOCwsxorzydGIYMtJowUgrAhTpejzIlPAWakM4xKsez1JVoCy8NV+X9UoXy1ctWHMK+NhOTZvthrT/Zm1+x3YDmDIOmcikEftkCkURyQArGsvGlJbeSp5KtaN0bOcSBLsJhbGJnj3pfR2NBWNMiEb/4HJ6Q1PehN1YmKZRiafSURDFkJiWJiDKBT//Ff3sSKmVVzhp54ILj1UkhjBpiZXy9DNMPNqRgvPaDv5CwECODnM4sA4G2GyPJjXwmxTOG4VgVRkBl0g+h5m0FTYidB9JPAt9P8njuwVjblzrO2B1BeH3YrfeLzU82m0m3cMfJgEAAQA= unknown@unknown
02-29 20:05:27.150 23038 23038 I adbd    : authPass 0 btAddrStatus 1 screenLockState 0
02-29 20:05:27.150 23038 23038 I adbd    : Calling send_auth_request...
02-29 20:05:27.150  1331  1425 D AdbDebuggingManager: Logging key QAAAAA+4znoRyR6Ik95XeypYfgTSsHaNiXzGAMjgmQKFq2GMRD/y2gkErv0TXiL68OnX9qjdfRpHKbEfCmQGKqFS2tb/N1LVSxv5kE86E4wTTvEwXDKf7eWGfjPHvbxkzI8eH/l0V6EzDQ/DZsj4eRW3b9GJ7LApA3PgOxcAmr9M60CfFh0sEbDsvPngRluPjzViAJzbzCUSvRDXtJYZUzy2y1FMcTfqR4ahYnkweDI2bxDnqbooxbmhjkBUhjJO/uYw5jrVOul3K+rvYYO4rJDnV89WGfPbeswO7ewmyfgf6McONlDLBMy2Z2MhbFqOKgg+8xy2OVeprpbPizR6ETqXmUGqtvCi25YSmKoh5hjT+2jFFWHYV1WOCwsxorzydGIYMtJowUgrAhTpejzIlPAWakM4xKsez1JVoCy8NV+X9UoXy1ctWHMK+NhOTZvthrT/Zm1+x3YDmDIOmcikEftkCkURyQArGsvGlJbeSp5KtaN0bOcSBLsJhbGJnj3pfR2NBWNMiEb/4HJ6Q1PehN1YmKZRiafSURDFkJiWJiDKBT//Ff3sSKmVVzhp54ILj1UkhjBpiZXy9DNMPNqRgvPaDv5CwECODnM4sA4G2GyPJjXwmxTOG4VgVRkBl0g+h5m0FTYidB9JPAt9P8njuwVjblzrO2B1BeH3YrfeLzU82m0m3cMfJgEAAQA= unknown@unknown, state = 7, alwaysAllow = true, lastConnectionTime = 1582977927149, authWindow = 604800000
02-29 20:05:27.619  1331  1457 D DisplayPowerController: mPowerState.mScreenChangedReason: 65537 mPendingRequestLocked.mScreenChangeReason 65537
02-29 20:05:27.849  1331  1795 D HwConnectivityServiceEx: set cache by key is 10154 interfaceName iswlan0 value is false
02-29 20:05:27.850  1331  1795 D HwConnectivityServiceEx: set cache by key is 10154 interfaceName isNULL value is false
02-29 20:05:27.851  1331  1795 D ConnectivityService: get Network state from cache, cacheBlock is 0
02-29 20:05:27.854  1331  1795 I chatty  : uid=1000(system) Binder:1331_3 identical 23 lines
02-29 20:05:27.855  1331  1795 D ConnectivityService: get Network state from cache, cacheBlock is 0
02-29 20:05:27.927  1331  1795 D HwConnectivityServiceEx: set cache by key is 10151 interfaceName iswlan0 value is false
02-29 20:05:28.006  1331  1843 I TrafficMonitor: expired arrive. level:-1
02-29 20:05:28.006  1331  1843 I TrafficMonitor: during_ms:2003,period_ms:2000
02-29 20:05:28.006  1331  1843 I TrafficMonitor: count:10,rx_sum:0,tx_sum:0,rxBytes:0,during_ms:2003,rx_speed:0.0,tx_speed:0.0,rto:0.0
02-29 20:05:28.115 23038 23038 I adbd    : <unknown>: offline
02-29 20:05:28.116 23038 23038 I adbd    : authPass 0 btAddrStatus 1 screenLockState 0
02-29 20:05:28.116 23038 23038 I adbd    : Calling send_auth_request...
02-29 20:05:28.130 23038 23038 I adbd    : Loading keys from /data/misc/adb/adb_keys
02-29 20:05:28.134 23038 23038 I adbd    : Calling send_auth_request...
02-29 20:05:28.135  1331  3027 D AdbDebuggingManager: Received public key: QAAAAA+4znoRyR6Ik95XeypYfgTSsHaNiXzGAMjgmQKFq2GMRD/y2gkErv0TXiL68OnX9qjdfRpHKbEfCmQGKqFS2tb/N1LVSxv5kE86E4wTTvEwXDKf7eWGfjPHvbxkzI8eH/l0V6EzDQ/DZsj4eRW3b9GJ7LApA3PgOxcAmr9M60CfFh0sEbDsvPngRluPjzViAJzbzCUSvRDXtJYZUzy2y1FMcTfqR4ahYnkweDI2bxDnqbooxbmhjkBUhjJO/uYw5jrVOul3K+rvYYO4rJDnV89WGfPbeswO7ewmyfgf6McONlDLBMy2Z2MhbFqOKgg+8xy2OVeprpbPizR6ETqXmUGqtvCi25YSmKoh5hjT+2jFFWHYV1WOCwsxorzydGIYMtJowUgrAhTpejzIlPAWakM4xKsez1JVoCy8NV+X9UoXy1ctWHMK+NhOTZvthrT/Zm1+x3YDmDIOmcikEftkCkURyQArGsvGlJbeSp5KtaN0bOcSBLsJhbGJnj3pfR2NBWNMiEb/4HJ6Q1PehN1YmKZRiafSURDFkJiWJiDKBT//Ff3sSKmVVzhp54ILj1UkhjBpiZXy9DNMPNqRgvPaDv5CwECODnM4sA4G2GyPJjXwmxTOG4VgVRkBl0g+h5m0FTYidB9JPAt9P8njuwVjblzrO2B1BeH3YrfeLzU82m0m3cMfJgEAAQA= unknown@unknown
02-29 20:05:28.136  1331  1425 D AdbDebuggingManager: Logging key QAAAAA+4znoRyR6Ik95XeypYfgTSsHaNiXzGAMjgmQKFq2GMRD/y2gkErv0TXiL68OnX9qjdfRpHKbEfCmQGKqFS2tb/N1LVSxv5kE86E4wTTvEwXDKf7eWGfjPHvbxkzI8eH/l0V6EzDQ/DZsj4eRW3b9GJ7LApA3PgOxcAmr9M60CfFh0sEbDsvPngRluPjzViAJzbzCUSvRDXtJYZUzy2y1FMcTfqR4ahYnkweDI2bxDnqbooxbmhjkBUhjJO/uYw5jrVOul3K+rvYYO4rJDnV89WGfPbeswO7ewmyfgf6McONlDLBMy2Z2MhbFqOKgg+8xy2OVeprpbPizR6ETqXmUGqtvCi25YSmKoh5hjT+2jFFWHYV1WOCwsxorzydGIYMtJowUgrAhTpejzIlPAWakM4xKsez1JVoCy8NV+X9UoXy1ctWHMK+NhOTZvthrT/Zm1+x3YDmDIOmcikEftkCkURyQArGsvGlJbeSp5KtaN0bOcSBLsJhbGJnj3pfR2NBWNMiEb/4HJ6Q1PehN1YmKZRiafSURDFkJiWJiDKBT//Ff3sSKmVVzhp54ILj1UkhjBpiZXy9DNMPNqRgvPaDv5CwECODnM4sA4G2GyPJjXwmxTOG4VgVRkBl0g+h5m0FTYidB9JPAt9P8njuwVjblzrO2B1BeH3YrfeLzU82m0m3cMfJgEAAQA= unknown@unknown, state = 1, alwaysAllow = false, lastConnectionTime = 1582977927149, authWindow = 604800000
02-29 20:05:28.138 11925 11925 V StatusBar: mStatusBarWindow: com.android.systemui.statusbar.phone.StatusBarWindowView{3aeceb4 V.E...... ........ 0,0-1080,81} canPanelBeCollapsed(): false
02-29 20:05:28.141  1331  1425 I ActivityTaskManager: START u0 {flg=0x10000000 hwFlg=0x10 cmp=com.android.systemui/.usb.HwUsbDebuggingActivity (has extras)} from uid 1000
02-29 20:05:28.142  1331  1425 I ActivityTaskManager: ActivityRecord info: ActivityInfo{76758cf com.android.systemui.usb.HwUsbDebuggingActivity}
02-29 20:05:28.144  2335  2481 I PG_ash  : front pkg : com.android.systemui launcher: false
02-29 20:05:28.144  2335  2481 I PG_ash  : above launcher front pkgs: [com.xm.testcodec, com.android.systemui]
02-29 20:05:28.147 23038 23038 I adbd    : Loading keys from /data/misc/adb/adb_keys
02-29 20:05:28.148 23038 23038 I adbd    : adb client authorized
02-29 20:05:28.148  1331  3027 D AdbDebuggingManager: Received connected key message: QAAAAA+4znoRyR6Ik95XeypYfgTSsHaNiXzGAMjgmQKFq2GMRD/y2gkErv0TXiL68OnX9qjdfRpHKbEfCmQGKqFS2tb/N1LVSxv5kE86E4wTTvEwXDKf7eWGfjPHvbxkzI8eH/l0V6EzDQ/DZsj4eRW3b9GJ7LApA3PgOxcAmr9M60CfFh0sEbDsvPngRluPjzViAJzbzCUSvRDXtJYZUzy2y1FMcTfqR4ahYnkweDI2bxDnqbooxbmhjkBUhjJO/uYw5jrVOul3K+rvYYO4rJDnV89WGfPbeswO7ewmyfgf6McONlDLBMy2Z2MhbFqOKgg+8xy2OVeprpbPizR6ETqXmUGqtvCi25YSmKoh5hjT+2jFFWHYV1WOCwsxorzydGIYMtJowUgrAhTpejzIlPAWakM4xKsez1JVoCy8NV+X9UoXy1ctWHMK+NhOTZvthrT/Zm1+x3YDmDIOmcikEftkCkURyQArGsvGlJbeSp5KtaN0bOcSBLsJhbGJnj3pfR2NBWNMiEb/4HJ6Q1PehN1YmKZRiafSURDFkJiWJiDKBT//Ff3sSKmVVzhp54ILj1UkhjBpiZXy9DNMPNqRgvPaDv5CwECODnM4sA4G2GyPJjXwmxTOG4VgVRkBl0g+h5m0FTYidB9JPAt9P8njuwVjblzrO2B1BeH3YrfeLzU82m0m3cMfJgEAAQA= unknown@unknown
02-29 20:05:28.148 23038 23038 W adbd    : timeout expired while flushing socket, closing
02-29 20:05:28.151  1331  1425 D ActivityTaskManager: TaskLaunchParamsModifier:task=null activity=ActivityRecord{7574ae9 u0 com.android.systemui/.usb.HwUsbDebuggingActivity t-1} display-id=0 display-windowing-mode=1
02-29 20:05:28.152  1331  1425 D ActivityTaskManager: TaskLaunchParamsModifier:task=null activity=ActivityRecord{7574ae9 u0 com.android.systemui/.usb.HwUsbDebuggingActivity t-1} display-id=0 display-windowing-mode=1 inherit-fullscreen non-freeform-display
02-29 20:05:28.154  1331  1425 V ActivityTaskManager: addChild: attaching stackId=823 to displayId=0 position=6
02-29 20:05:28.154  1331  1425 V ActivityTaskManager: positionChild stackId=823 to top.
02-29 20:05:28.154  1331  1425 D ActivityTaskManager: TaskLaunchParamsModifier:task=TaskRecord{70af451 #9842 A=com.android.systemui U=0 StackId=823 sz=0} activity=ActivityRecord{7574ae9 u0 com.android.systemui/.usb.HwUsbDebuggingActivity t-1} display-from-task=0 display-id=0 display-windowing-mode=1 inherit-fullscreen non-freeform-display
02-29 20:05:28.155  1331  1425 V ActivityTaskManager: positionChild stackId=823 to top.
02-29 20:05:28.156  1331  1425 V ActivityTaskManager: addAppToken: AppWindowToken{7374999 token=Token{74fc721 ActivityRecord{7574ae9 u0 com.android.systemui/.usb.HwUsbDebuggingActivity t9842}}} task={taskId=9842 appTokens=[] mdr=false} at 2147483647
02-29 20:05:28.165  1331  2550 V ActivityTaskManager: Making visible and scheduling visibility: ActivityRecord{7574ae9 u0 com.android.systemui/.usb.HwUsbDebuggingActivity t9842}
02-29 20:05:28.166  2335  2481 I AppFastHibernation: rev F_Z exception for visible pkg: com.android.systemui
02-29 20:05:28.166 11925 11925 W ActivityThread: handleWindowVisibility: no activity for token android.os.BinderProxy@cd44130
02-29 20:05:28.167  1331  2550 W HwActivityTaskManagerServiceEx: appSwitch from: com.xm.testcodec to: com.android.systemui
02-29 20:05:28.167  1331  1425 D AdbDebuggingManager: Logging key QAAAAA+4znoRyR6Ik95XeypYfgTSsHaNiXzGAMjgmQKFq2GMRD/y2gkErv0TXiL68OnX9qjdfRpHKbEfCmQGKqFS2tb/N1LVSxv5kE86E4wTTvEwXDKf7eWGfjPHvbxkzI8eH/l0V6EzDQ/DZsj4eRW3b9GJ7LApA3PgOxcAmr9M60CfFh0sEbDsvPngRluPjzViAJzbzCUSvRDXtJYZUzy2y1FMcTfqR4ahYnkweDI2bxDnqbooxbmhjkBUhjJO/uYw5jrVOul3K+rvYYO4rJDnV89WGfPbeswO7ewmyfgf6McONlDLBMy2Z2MhbFqOKgg+8xy2OVeprpbPizR6ETqXmUGqtvCi25YSmKoh5hjT+2jFFWHYV1WOCwsxorzydGIYMtJowUgrAhTpejzIlPAWakM4xKsez1JVoCy8NV+X9UoXy1ctWHMK+NhOTZvthrT/Zm1+x3YDmDIOmcikEftkCkURyQArGsvGlJbeSp5KtaN0bOcSBLsJhbGJnj3pfR2NBWNMiEb/4HJ6Q1PehN1YmKZRiafSURDFkJiWJiDKBT//Ff3sSKmVVzhp54ILj1UkhjBpiZXy9DNMPNqRgvPaDv5CwECODnM4sA4G2GyPJjXwmxTOG4VgVRkBl0g+h5m0FTYidB9JPAt9P8njuwVjblzrO2B1BeH3YrfeLzU82m0m3cMfJgEAAQA= unknown@unknown, state = 4, alwaysAllow = true, lastConnectionTime = 1582977928167, authWindow = 604800000
02-29 20:05:28.167   889  1062 D ScreemCommon: <LOGMGR> <SceneStart> [Entry]
02-29 20:05:28.167   889  1062 D ScreemCommon: <LOGMGR> <SceneStart> [logId update 961273000 when new scene come after 9805]
02-29 20:05:28.167  2487 20539 D AssistantService-1011301: registerHwActivityNotifier call fromPackage:com.xm.testcodec, toPackage:com.android.systemui
02-29 20:05:28.167  1331  2550 D ZrHung.AppEyeFocusWindow: FocusWindowErrorScene CheckFreezeScreen
02-29 20:05:28.168  2487  2672 D AssistantService-1011301: handleMessage app switch fromPackage:com.xm.testcodec, toPackage:com.android.systemui
02-29 20:05:28.168  2487  2672 D AssistantService-1011301: package:com.xm.testcodec inAppAssistant:false
02-29 20:05:28.169  2487  2672 D AssistantService-1011301: package:com.android.systemui inAppAssistant:false
02-29 20:05:28.172    47    47 W migration/6: type=1400 audit(0.0:20600060): avc: granted { setsched } for pid=47 scontext=u:r:kernel:s0 tcontext=u:r:kernel:s0 tclass=process
02-29 20:05:28.172  2335  2435 D ScenarioService: front pkg : com.android.systemui launcher: false
02-29 20:05:28.172  2335  2435 D ScenarioService: new above launcher front pkgs: [com.xm.testcodec, com.android.systemui]
02-29 20:05:28.172  2335  2435 I AppManager: handleAppFrontEvent: com.android.systemui
02-29 20:05:28.172  2335  2435 I AppsUsage: scnOff:false FgAPP:com.android.systemui BgAPP:com.xm.testcodec
02-29 20:05:28.173  2335  2491 I PGServer: report state:10000 event type:2 pid:0 uid:0 pkg:com.xm.testcodec to pid: 2335
02-29 20:05:28.173  1331  1438 D HwGameAssistantController: UPDATE: mCurFgPkg=com.android.systemui, mCurFgPid=11925, mCurIsGame=false
02-29 20:05:28.173  2335  2512 E AwareLog: SPKSchedFeature: Uid has been sent, ignore.
02-29 20:05:28.173  2335  2512 E AwareLog: SPKEQSchedFeature: Uid has been sent, ignore.
02-29 20:05:28.173  1331  1437 I HwAudioServiceEx: ComponentInfo : className = com.xm.testcodec.MainActivity, flag=onPause, isHomeActivity=, isTop=false
02-29 20:05:28.173  1331  1437 W SecurityProfileService: Activity life state callback extras get package null!
02-29 20:05:28.174  2487  3458 D DollieActivityManagerAdapter: [Paused] pid:9350 uid:10249 ComponentInfo{com.xm.testcodec/com.xm.testcodec.MainActivity} uidState:2
02-29 20:05:28.174  2335  2491 I SceneReceiver: state type: 10000 eventType:2 pid:0 uid:0 pkg:com.xm.testcodec
02-29 20:05:28.174  2335  2491 I PGServer: report state:10000 event type:2 pid:0 uid:0 pkg:com.xm.testcodec to pid: 1331
02-29 20:05:28.174  2335  2491 I PGServer: report state:10000 event type:2 pid:0 uid:0 pkg:com.xm.testcodec to pid: 2487
02-29 20:05:28.174  2335  2491 I PGServer: report state:10000 event type:1 pid:0 uid:0 pkg:com.android.systemui to pid: 2335
02-29 20:05:28.174 11925 15501 D ZrHung.AppEyeUiProbe: restart watching
02-29 20:05:28.176  2335  2491 I SceneReceiver: state type: 10000 eventType:1 pid:0 uid:0 pkg:com.android.systemui
02-29 20:05:28.178  2335  2509 D HwThermalStateManager: current foreapp pkg : com.android.systemui
02-29 20:05:28.179  2335  2513 D ThermalTrace_ThermalRaise: current pkg:com.xm.testcodec
02-29 20:05:28.180    53    53 W migration/7: type=1400 audit(0.0:20600061): avc: granted { setsched } for pid=53 scontext=u:r:kernel:s0 tcontext=u:r:kernel:s0 tclass=process
02-29 20:05:28.180  9808  9808 W getprop : type=1400 audit(0.0:20600062): avc: denied { map } for pid=9808 path="/dev/__properties__/u:object_r:huawei_perf_persist_public_read_prop:s0" dev="tmpfs" ino=17452 scontext=u:r:shell:s0 tcontext=u:object_r:huawei_perf_persist_public_read_prop:s0 tclass=file permissive=0
02-29 20:05:28.181   855  1785 E HwCameraServiceEx: notifyMonitoredUids: Failed to trigger permission callback: -129
02-29 20:05:28.183  2335  2491 I PGServer: report state:10000 event type:1 pid:0 uid:0 pkg:com.android.systemui to pid: 1331
02-29 20:05:28.183  2335  2491 I PGServer: report state:10000 event type:1 pid:0 uid:0 pkg:com.android.systemui to pid: 2487
02-29 20:05:28.183  2487 20539 D HicomMonitor: notifyForegroundAppChanged: pkg:com.android.systemui
02-29 20:05:28.183  2335 18622 I PGServer: checkPkgType. calling pkg: android
02-29 20:05:28.183  2487 20539 D Hicom_EmcomManagerService: onForegroundAppChanged, pkgName:com.android.systemui
02-29 20:05:28.183  2487 20539 D Hicom_SysEnvMonitor: onForegroundAppChanged, pkgName: com.android.systemui
02-29 20:05:28.183  2487 20539 D SmartcareProc: onForegroundAppChanged, pkgName:com.android.systemui
02-29 20:05:28.184  2487 20539 W FIControl: Failed to find configuration for com.android.systemui
02-29 20:05:28.184  2335 18622 I PGServer: checkPkgType. calling pkg: android
02-29 20:05:28.184  2487  2966 D Hicom_PolicyCenterService: policencenterservice receive handleMessage: 88
02-29 20:05:28.184  2487  2966 D Hicom_PolicyCenterService: handleForegroundAppChanged new foreground app 10008
02-29 20:05:28.184  2487  2966 D Hicom_AppLifeCycleManager: sAppAllSocketClosed NOT contain: 10249
02-29 20:05:28.184  2487  2966 D Hicom_PolicyCenterService: mCurrentForegroundUid is not policy exist
02-29 20:05:28.185  2487  2966 D Hicom_MpFlowDecisionSystem: handleForegroundAppChanged try start MPFlow for cur app: com.android.systemui, uid:10008
02-29 20:05:28.185  2487  2966 E Hicom_MpFlowDecisionSystem: getMultipathFlowByPkgName. multipathPolicy is illegal
02-29 20:05:28.185  2487  2966 E Hicom_MpFlowDecisionSystem: startMpFlow. multipathFlow is illegal
02-29 20:05:28.191 11925 11925 V ActivityThread: callActivityOnCreate
02-29 20:05:28.210  1331  1456 W ProcessCpuTracker: Failed to stat(/proc/9808): android.system.ErrnoException: stat failed: ENOENT (No such file or directory)
02-29 20:05:28.210  1331  1456 W ProcessCpuTracker: Skipping unknown process pid 9808
02-29 20:05:28.214 11925 11925 D ActivityThread: add activity client record, r= ActivityRecord{89a4b4e token=android.os.BinderProxy@cd44130 {com.android.systemui/com.android.systemui.usb.HwUsbDebuggingActivity}} token= android.os.BinderProxy@cd44130
02-29 20:05:28.218 11925 11925 D UsbDebuggingActivity: setFloatWindowVisibile: false
02-29 20:05:28.221  1331  1895 V WindowManager: addWindow: Window{72b43b9 u0 com.android.systemui/com.android.systemui.usb.HwUsbDebuggingActivity}
02-29 20:05:28.222 11925 12114 D OpenGLRenderer: disableOutlineDraw is true
02-29 20:05:28.222  1331  1437 I HwAudioServiceEx: ComponentInfo : className = com.android.systemui.usb.HwUsbDebuggingActivity, flag=onResume, isHomeActivity=, isTop=true
02-29 20:05:28.222  1331  1437 W SecurityProfileService: Activity life state callback extras get package null!
02-29 20:05:28.222  2654 18970 I OPCollectLog: AppChangeImpl:call onAppChange.
02-29 20:05:28.222  2654  3180 I OPCollectLog: HwForegroundAppAction:handleMessage 
02-29 20:05:28.222  2654  3180 D OPCollectLog: HwForegroundAppAction:FG executeWithArgs
02-29 20:05:28.223  2654  3180 I OPCollectLog: OPCollectUtils:ODMF Api Version:2.14.1
02-29 20:05:28.223  2487  3458 D DollieActivityManagerAdapter: [Resumed] bg:true pid:11925 uid:10008 ComponentInfo{com.android.systemui/com.android.systemui.usb.HwUsbDebuggingActivity}
02-29 20:05:28.223  2487  3458 E DollieAdapterService: notifyActivityState pkg:com.android.systemui/com.android.systemui.usb.HwUsbDebuggingActivity state:2 fg:true mUid:10008
02-29 20:05:28.223  2654  3180 I OPCollectLog: Action:HwForegroundAppAction executed successfully
02-29 20:05:28.223  2654  3180 D OPCollectLog: OdmfCollectScheduler:handleMessage msg: 4
02-29 20:05:28.223  2654  3180 I OPCollectLog: OdmfHelper:opcollectCache 1
02-29 20:05:28.223  2654  3180 I OPCollectLog: OdmfHelper:opcollectCache curTime: 2757052994, interval: 9524
02-29 20:05:28.223  2487  3458 I HidataAppQoeP: foregroundUidAdd uid: 10008 name: android.uid.systemui:10008 activity state: true
02-29 20:05:28.225  1331  1940 I PackageManager: getInstalledPackages cost 1 ms, flags: 786432, userId: 0, callingUid: 1000, callingPid: 1331
02-29 20:05:28.228  2487  3454 D ConnCureStateMonitor: handleMessage: msg[2]
02-29 20:05:28.228  2487  2563 I HwPacketFilterBypass: handleActivityUidStateChanged uid:10008 -1 foreground:1
02-29 20:05:28.228  2487  2563 I UidCloseNrStateMachine: enter uidStateChanged, ForeGrountApp = com.android.systemui, mIsCallOn = false, mIsUsbPlugged = true
02-29 20:05:28.228  2654  3180 I OPCollectLog: OdmfHelper:isCharging: true
02-29 20:05:28.228  2487  2487 D SmartDualCardConfig: getAppType,pkgName=android.uid.systemui:10008,appType=-1
02-29 20:05:28.229  2487  2487 D SmartDualCardConfig: getAppType,pkgName=com.android.systemui,appType=255
02-29 20:05:28.229  2487  2487 E SmartDualCardConfig: isAppInBlackList false,items==null
02-29 20:05:28.229  2487  2487 D SmartDualCardSM: onUidStateUpdate,uid=10008,appName=android.uid.systemui:10008,state=FOREGROUND
02-29 20:05:28.231  2487  2487 D SmartDualCardConfig: getAppType,pkgName=android.uid.systemui:10008,appType=-1
02-29 20:05:28.231  2487  2487 D SmartDualCardSM: updateAppState mAppState=2
02-29 20:05:28.231  2487  2487 D SmartDualCardConfig: addForegroundAppToList,size()=2,uid=10008
02-29 20:05:28.231  1331  1341 I         : VMRuntime: VMRuntime_isNativeDebuggable Unsupported!!!
02-29 20:05:28.232  2654  3180 I OPCollectLog: OdmfHelper:insert database success 
02-29 20:05:28.232  2654  3180 I OPCollectLog: OdmfHelper:opcollectCache size: 1
02-29 20:05:28.232  2487  2487 I BoosterUtil: getSlaveCardSubId slotId: 0, subId: -1
02-29 20:05:28.232  2654  3180 I OPCollectLog: OdmfHelper:opcollectCache lastTime: 2757053003
02-29 20:05:28.232  1331  1341 I         : VMDebug: VMDebug_getMethodTracingMode Unsupported!!!
02-29 20:05:28.232  2487  2487 I BoosterUtil: getSlaveCardSubId slotId: 0, subId: -1
02-29 20:05:28.234  2487  2487 D SmartDualCardSM: isNeedMonitorAppQoe return false
02-29 20:05:28.235  2487  2487 D SmartDualCardSM: resetAppQoeState
02-29 20:05:28.235  2487  2487 D SmartDualCardSM: IdleState:got msg.what=EVENT_APP_MOVE_FOREGROUND
02-29 20:05:28.236  1331  1795 D HwConnectivityServiceEx: set cache by key is 1000 interfaceName iswlan0 value is false
02-29 20:05:28.237 11925  9814 D HiTouch_PressGestureDetector: onAttached, package=com.android.systemui, windowType=1, mHiTouchRestricted=false
02-29 20:05:28.245  1331  1795 I WindowManager: relayoutVisibleWindow: set isFormatChanged
02-29 20:05:28.246  1331  1795 D ZrHung.AppEyeFocusWindow: FocusWindowErrorScene cancelCheckFreezeScreen
02-29 20:05:28.246  1331  1795 D ZrHung.AppEyeTransparentWindow: TransparentWindow mHungConfigStatus = 0,mHungConfigEnable = 1
02-29 20:05:28.247 11925 12114 D mali_winsys: EGLint new_window_surface(egl_winsys_display *, void *, EGLSurface, EGLConfig, egl_winsys_surface **, EGLBoolean) returns 0x3000
02-29 20:05:28.248   685 16923 I GRALLOC : getCallingPid=729, shrFd=11,fmt=0x1,intFmt=0x1,btStrd=4352,size=3031040,pid=685 
02-29 20:05:28.248   685 16923 I GRALLOC : 	 yuv=2,w=1080,h=693,Stride u=0 v=0,offset u=0 v=0 
02-29 20:05:28.248   685 16923 I GRALLOC : 	 iova_size=3031040,conUsg=0xb00,proUsg=0xb00,	 strd=1088,[afbc]HdrStrd=0 PyldStrd=0 Scrmbl=0,ionhnd = 0 
02-29 20:05:28.249  1331  1426 I StatusBarDisable: setFlags what=0 which=1 pkg=Window{72b43b9 u0 com.android.systemui/com.android.systemui.usb.HwUsbDebuggingActivity}
02-29 20:05:28.249   685 16923 I GRALLOC : getCallingPid=729, shrFd=11,fmt=0x1,intFmt=0x1,btStrd=4352,size=3031040,pid=685 
02-29 20:05:28.249   685 16923 I GRALLOC : 	 yuv=2,w=1080,h=693,Stride u=0 v=0,offset u=0 v=0 
02-29 20:05:28.249   685 16923 I GRALLOC : 	 iova_size=3031040,conUsg=0xb00,proUsg=0xb00,	 strd=1088,[afbc]HdrStrd=0 PyldStrd=0 Scrmbl=0,ionhnd = 0 
02-29 20:05:28.249   729   835 D         : DoWinFrameOptStatusRecog begin to recog Layer result=2
02-29 20:05:28.250   685 16923 I GRALLOC : getCallingPid=729, shrFd=11,fmt=0x1,intFmt=0x1,btStrd=4352,size=3031040,pid=685 
02-29 20:05:28.250   685 16923 I GRALLOC : 	 yuv=2,w=1080,h=693,Stride u=0 v=0,offset u=0 v=0 
02-29 20:05:28.250   685 16923 I GRALLOC : 	 iova_size=3031040,conUsg=0xb00,proUsg=0xb00,	 strd=1088,[afbc]HdrStrd=0 PyldStrd=0 Scrmbl=0,ionhnd = 0 
02-29 20:05:28.252   729   835 D         : DoWinFrameOptStatusRecog begin to recog Layer result=2
02-29 20:05:28.254 11925 11925 I HwViewRootImpl: removeInvalidNode all the node in jank list is out of time
02-29 20:05:28.257  1331  1429 I HwWindowManagerServiceEx: closing apps count = 0
02-29 20:05:28.257  1331  1429 D HwAppTransitionImpl: windowAnimations = 2060168 dose not come from system, not to override it.
02-29 20:05:28.257  1331  1429 D HwWindowManagerServiceEx: is app exit to launcher info: transit = 24, app = AppWindowToken{7374999 token=Token{74fc721 ActivityRecord{7574ae9 u0 com.android.systemui/.usb.HwUsbDebuggingActivity t9842}}}, window = Window{72b43b9 u0 com.android.systemui/com.android.systemui.usb.HwUsbDebuggingActivity}, mClosingApps = {}, topOpeningApp = AppWindowToken{7374999 token=Token{74fc721 ActivityRecord{7574ae9 u0 com.android.systemui/.usb.HwUsbDebuggingActivity t9842}}}, mExitIconBitmap = null, mExitIconHeight = -1, mExitIconWidth = -1
02-29 20:05:28.257  1331  1429 E WindowManager: icon is null!!
02-29 20:05:28.259  1331  1439 I ActivityTaskManager: Displayed com.android.systemui/.usb.HwUsbDebuggingActivity: +119ms
02-29 20:05:28.272   889  1062 D ScreemCommon: <LOGMGR> <complete_pm> [Entry]
02-29 20:05:28.285  1331  1795 I PackageManager: getInstalledPackages cost 4 ms, flags: 786432, userId: 0, callingUid: 2000, callingPid: 9825
02-29 20:05:28.310   880   902 E AwareLog: iawared: GetFileContent open /proc/9831/task/9835/cpuset fail errno(2)!
02-29 20:05:28.310   880   902 W         : Failed to SetQos, ret=-1, tid=9835, qos=1
02-29 20:05:28.367  1331  1795 I PackageManager: getInstalledPackages cost 1 ms, flags: 786432, userId: 0, callingUid: 2000, callingPid: 9842
02-29 20:05:28.381   880   902 E AwareLog: iawared: GetFileContent open /proc/9846/task/9848/cpuset fail errno(2)!
02-29 20:05:28.381   880   902 W         : Failed to SetQos, ret=-1, tid=9848, qos=1
02-29 20:05:28.450   642 15202 I netd    : trafficSwapActiveStatsMap() <15.24ms>
02-29 20:05:28.466   642 15202 I netd    : trafficSwapActiveStatsMap() <13.63ms>
02-29 20:05:28.590   871   871 E Thermal-daemon: [ap] temp_new :33  temp_old :34
02-29 20:05:28.590   871   871 E Thermal-daemon: Report temperature: [ap] temp :33  report_threshold:1
02-29 20:05:28.613  9350  9391 D ZrHung.AppEyeUiProbe: not watching, wait.
02-29 20:05:28.660    53    53 W migration/7: type=1400 audit(0.0:20600063): avc: granted { setsched } for pid=53 scontext=u:r:kernel:s0 tcontext=u:r:kernel:s0 tclass=process
02-29 20:05:28.660    47    47 W migration/6: type=1400 audit(0.0:20600064): avc: granted { setsched } for pid=47 scontext=u:r:kernel:s0 tcontext=u:r:kernel:s0 tclass=process
02-29 20:05:28.913  2691  2691 E HwModemCapability: isCapabilitySupport java.lang.StringIndexOutOfBoundsException: length=7; index=7
02-29 20:05:28.918  2335  2509 E HwModemCapability: isCapabilitySupport java.lang.StringIndexOutOfBoundsException: length=7; index=7
02-29 20:05:28.921  2654  2654 E HwModemCapability: isCapabilitySupport java.lang.StringIndexOutOfBoundsException: length=7; index=7
02-29 20:05:28.921  2654  2654 I chatty  : uid=1000(system) com.huawei.hiview identical 1 line
02-29 20:05:28.921  2654  2654 E HwModemCapability: isCapabilitySupport java.lang.StringIndexOutOfBoundsException: length=7; index=7
02-29 20:05:28.921  2487  2487 I OllieUtils: getNetworkTypeBySubId, nsaState is 1, isDataInService is true
02-29 20:05:28.921  2654  2654 E HwModemCapability: isCapabilitySupport java.lang.StringIndexOutOfBoundsException: length=7; index=7
02-29 20:05:28.921  2654  2654 I chatty  : uid=1000(system) com.huawei.hiview identical 1 line
02-29 20:05:28.922  2654  2654 E HwModemCapability: isCapabilitySupport java.lang.StringIndexOutOfBoundsException: length=7; index=7
02-29 20:05:28.922  1331  1331 I MQoS    : onSignal: mSubId=1,currDataSubID=1
02-29 20:05:28.922  2654  2654 E HwModemCapability: isCapabilitySupport java.lang.StringIndexOutOfBoundsException: length=7; index=7
02-29 20:05:28.923  2654  2654 I chatty  : uid=1000(system) com.huawei.hiview identical 3 lines
02-29 20:05:28.923  2654  2654 E HwModemCapability: isCapabilitySupport java.lang.StringIndexOutOfBoundsException: length=7; index=7
02-29 20:05:28.923  1331  1331 E HwModemCapability: isCapabilitySupport java.lang.StringIndexOutOfBoundsException: unknown reason
02-29 20:05:28.923  1331  1331 I MQoS    : received cell-signal:5
02-29 20:05:28.923  2654  2654 E HwModemCapability: isCapabilitySupport java.lang.StringIndexOutOfBoundsException: length=7; index=7
02-29 20:05:28.923  2487  2966 E HwModemCapability: isCapabilitySupport java.lang.StringIndexOutOfBoundsException: length=7; index=7
02-29 20:05:28.923  2654  2654 E HwModemCapability: isCapabilitySupport java.lang.StringIndexOutOfBoundsException: length=7; index=7
02-29 20:05:28.923  2487  2966 D DaemonMessageAdapter: onMobileSignalStrengthChanged, slotId: 1, signalStrength: SignalStrength:{mCdma=CellSignalStrengthCdma: cdmaDbm=-70 cdmaEcio=-42 evdoDbm=-96 evdoEcio=2 evdoSnr=2147483647 level=4 mLevelHw=3 phoneId=1,mGsm=CellSignalStrengthGsm: rssi=2147483647 ber=2147483647 mTa=2147483647 mLevel=0 mLevelHw = 0 phoneId=1,mWcdma=CellSignalStrengthWcdma: ss=2147483647 ber=2147483647 rscp=2147483647 ecno=2147483647 level=0 levelHw=0 ecio=2147483647 mPhoneId=1,mTdscdma=CellSignalStrengthTdscdma: rssi=2147483647 ber=2147483647 rscp=2147483647 level=0 mPhoneId=1,mLte=CellSignalStrengthLte: rssi=2147483647 rsrp=-100 rsrq=-7 rssnr=2 cqi=2147483647 ta=2147483647 level=1 levelHw=4 mIsCdma=true mPhoneId=1,mNr=CellSignalStrengthNr:{ csiRsrp = 2147483647 csiRsrq = 2147483647 csiSinr = 2147483647 ssRsrp = 2147483647 ssRsrq = 2147483647 ssSinr = 2147483647 level = 0 levelHw =0 },primary=CellSignalStrengthLte}
02-29 20:05:28.923  2654  2654 E HwModemCapability: isCapabilitySupport java.lang.StringIndexOutOfBoundsException: length=7; index=7
02-29 20:05:28.924  2487  2966 E HwModemCapability: isCapabilitySupport java.lang.StringIndexOutOfBoundsException: length=7; index=7
02-29 20:05:28.924  2487  2487 E HwModemCapability: isCapabilitySupport java.lang.StringIndexOutOfBoundsException: length=7; index=7
02-29 20:05:28.924  2654  2654 E HwModemCapability: isCapabilitySupport java.lang.StringIndexOutOfBoundsException: length=7; index=7
02-29 20:05:28.924 11925 12001 E HwModemCapability: isCapabilitySupport java.lang.StringIndexOutOfBoundsException: length=7; index=7
02-29 20:05:28.924  2487  2966 D DaemonMessageAdapter: SignalStrength update result, ss: SignalStrengthInfo: 102486979 mGsmSignalStrength: 2147483647 mWcdmaRscp: 2147483647 mWcdmaEcio: 2147483647 mLteRsrp: -100 mLteRsrq: -7 mCdmaDbm: -70 mCdmaEcio: -42 mEvdoDbm: -96 mEvdoEcio: 2 mLteRssnr: 2
02-29 20:05:28.924  2487  2487 E HwModemCapability: isCapabilitySupport java.lang.StringIndexOutOfBoundsException: length=7; index=7
02-29 20:05:28.924  2487  2966 D Hicom_PolicyCenterService: policencenterservice receive handleMessage: 101
02-29 20:05:28.924  2654  2654 E HwModemCapability: isCapabilitySupport java.lang.StringIndexOutOfBoundsException: length=7; index=7
02-29 20:05:28.924 11925 12001 E HwModemCapability: isCapabilitySupport java.lang.StringIndexOutOfBoundsException: length=7; index=7
02-29 20:05:28.924 29770 29770 E HwModemCapability: isCapabilitySupport java.lang.StringIndexOutOfBoundsException: length=7; index=7
02-29 20:05:28.924 11925 12001 E HwModemCapability: isCapabilitySupport java.lang.StringIndexOutOfBoundsException: length=7; index=7
02-29 20:05:28.924  2654  2654 E HwModemCapability: isCapabilitySupport java.lang.StringIndexOutOfBoundsException: length=7; index=7
02-29 20:05:28.926  2654  2654 I chatty  : uid=1000(system) com.huawei.hiview identical 12 lines
02-29 20:05:28.927  2654  2654 E HwModemCapability: isCapabilitySupport java.lang.StringIndexOutOfBoundsException: length=7; index=7
02-29 20:05:28.928  1331  1795 E HwModemCapability: isCapabilitySupport java.lang.StringIndexOutOfBoundsException: unknown reason
02-29 20:05:28.935  2487  2554 I HidataAppQoeP: handleStateChanged reason=6
02-29 20:05:28.935  9493  9493 E HwModemCapability: isCapabilitySupport java.lang.StringIndexOutOfBoundsException: length=7; index=7
02-29 20:05:28.938 11925 11925 E HwModemCapability: isCapabilitySupport java.lang.StringIndexOutOfBoundsException: length=7; index=7
02-29 20:05:28.941  2487  2554 I PreDnsQuery: handleStateChanged reason=6
02-29 20:05:28.942  2654  2654 E HwModemCapability: isCapabilitySupport java.lang.StringIndexOutOfBoundsException: length=7; index=7
02-29 20:05:28.944  2487  2554 I BrowserChrP: handleStateChanged
02-29 20:05:28.944  2654  2654 I chatty  : uid=1000(system) com.huawei.hiview identical 16 lines
02-29 20:05:28.945  2654  2654 E HwModemCapability: isCapabilitySupport java.lang.StringIndexOutOfBoundsException: length=7; index=7
02-29 20:05:29.013  1331  1843 I TrafficMonitor: update:rxPkts:0,txPkts:0,rxBytes:0,txBytes:0
02-29 20:05:29.013  1331  1843 I TrafficMonitor: start expired. level:-1
02-29 20:05:29.013  1331  1843 I TrafficMonitor: gettimer:interval=2000
02-29 20:05:29.059   719   719 E WifiHAL : enter wifi_get_link_stats
02-29 20:05:29.063  1331  1844 E WificondControl: Noise: 0, Snr: -82, Chload: 127
02-29 20:05:29.066  1331  1844 V HwWifiServiceFactory: get AllImpl object = com.android.server.wifi.HwWifiServiceFactoryImpl@6f595c9
02-29 20:05:29.071  1331  1844 D TelephonyManager: getAllCellInfo calling app is android
02-29 20:05:29.072  2691  2969 W PhoneInterfaceManager: shouldBlockLocation running ...
02-29 20:05:29.073  2691  2969 I PhoneInterfaceManager: shouldBlockLocation  ret:false
02-29 20:05:29.173  9493  9493 I Media_effect:ThermalDetect: doThermalControl: 0
02-29 20:05:29.174  9493  9493 E Media_effect:Camera2Manager: onThermalChange, nothing changed
02-29 20:05:29.225  1331  1895 V ActivityManager: Successfully start provider ContentProviderRecord{6999890 u0 com.android.providers.contacts/.ContactsProvider2} launchingApp=ProcessRecord{6bfcc51 9613:android.process.acore/u0a20} caller pid= 30210
02-29 20:05:29.230  2487  2563 I HwPacketFilterBypass: isBypassAllowed not allowed reason: DATA_OFF
02-29 20:05:29.230  2487  2563 I HwPacketFilterBypass: kernelAddTrackUid uid:10008 allowed:false
02-29 20:05:29.751   806   806 I aptouch_daemon: check_afe_status, idle out.
02-29 20:05:29.753   806   806 I aptouch_daemon: print_log, touch:1, down:1 (+0)
02-29 20:05:29.753  1331  1815 D libfingersense_wrapper: Calling fingersense_classify_touch()
02-29 20:05:29.754 23038 23038 W adbd    : timeout expired while flushing socket, closing
02-29 20:05:29.757  1331  1815 D libfingersense_wrapper: fingersense_classify_touch() finished
02-29 20:05:29.758 11925 11925 W Settings: Setting device_provisioned has moved from android.provider.Settings.Secure to android.provider.Settings.Global.
02-29 20:05:29.758 11925 11925 V HiTouch_HiTouchSensor: User setup is finished.
02-29 20:05:29.808   889  1062 D ScreemCommon: <LOGMGR> <SceneEnd> [Entry]
02-29 20:05:29.808   889  1062 D ScreemCommon: <LOGMGR> <SceneEnd> [scene status ok,status:1 lastId:961273000]
02-29 20:05:29.808   889  1062 D ScreemCommon: <LOGMGR> <SceneClose> [Entry]
02-29 20:05:29.808   889  1062 D ScreemCommon: <LOGMGR> <SceneClose> [scene status ok,status:2 lastId:961273000]
02-29 20:05:29.833   806   806 I aptouch_daemon: print_log, touch:0, down:0 
02-29 20:05:29.836 11925 11925 V AudioManager: querySoundEffectsEnabled...
02-29 20:05:30.230  2487  3454 D ConnCureStateMonitor: handleMessage: msg[4]
02-29 20:05:30.232  2487  3454 D ConnCureStateMonitor: canPerformConnCure: wifi link normally
02-29 20:05:30.394   806   806 I aptouch_daemon: copy_frame, grid_data is nullptr
02-29 20:05:30.394   806   806 I aptouch_daemon: check_afe_status, idle in. 300
02-29 20:05:30.450   642 15202 I netd    : trafficSwapActiveStatsMap() <9.65ms>
02-29 20:05:30.481   806   806 I aptouch_daemon: check_afe_status, idle out.
02-29 20:05:30.490   806   806 I aptouch_daemon: print_log, touch:1, down:1 (+0)
02-29 20:05:30.490  1331  1815 D libfingersense_wrapper: Calling fingersense_classify_touch()
02-29 20:05:30.493  1331  1815 D libfingersense_wrapper: fingersense_classify_touch() finished
02-29 20:05:30.545   806   806 I aptouch_daemon: print_log, touch:0, down:0 
02-29 20:05:30.546 11925 11925 V AudioManager: querySoundEffectsEnabled...
02-29 20:05:30.551  1331  1895 V ActivityTaskManager: positionChild stackId=822 to top.
02-29 20:05:30.551  1331  1425 D AdbDebuggingManager: Logging key QAAAAA+4znoRyR6Ik95XeypYfgTSsHaNiXzGAMjgmQKFq2GMRD/y2gkErv0TXiL68OnX9qjdfRpHKbEfCmQGKqFS2tb/N1LVSxv5kE86E4wTTvEwXDKf7eWGfjPHvbxkzI8eH/l0V6EzDQ/DZsj4eRW3b9GJ7LApA3PgOxcAmr9M60CfFh0sEbDsvPngRluPjzViAJzbzCUSvRDXtJYZUzy2y1FMcTfqR4ahYnkweDI2bxDnqbooxbmhjkBUhjJO/uYw5jrVOul3K+rvYYO4rJDnV89WGfPbeswO7ewmyfgf6McONlDLBMy2Z2MhbFqOKgg+8xy2OVeprpbPizR6ETqXmUGqtvCi25YSmKoh5hjT+2jFFWHYV1WOCwsxorzydGIYMtJowUgrAhTpejzIlPAWakM4xKsez1JVoCy8NV+X9UoXy1ctWHMK+NhOTZvthrT/Zm1+x3YDmDIOmcikEftkCkURyQArGsvGlJbeSp5KtaN0bOcSBLsJhbGJnj3pfR2NBWNMiEb/4HJ6Q1PehN1YmKZRiafSURDFkJiWJiDKBT//Ff3sSKmVVzhp54ILj1UkhjBpiZXy9DNMPNqRgvPaDv5CwECODnM4sA4G2GyPJjXwmxTOG4VgVRkBl0g+h5m0FTYidB9JPAt9P8njuwVjblzrO2B1BeH3YrfeLzU82m0m3cMfJgEAAQA= unknown@unknown, state = 2, alwaysAllow = true, lastConnectionTime = 1582977930551, authWindow = 604800000
02-29 20:05:30.552  1331  1895 V HwPhoneWindowManager: updateSystemUiColorLw window=Window{6eb4371 u0 com.xm.testcodec/com.xm.testcodec.MainActivity},EmuiStyle=0,StatusBarColor=0xff000000,NavigationBarColor=0xfffcfcfc, mForceNotchStatusBar=false
02-29 20:05:30.552  1331  1895 D ZrHung.AppEyeTransparentWindow: TransparentWindow cancelCheckFreezeScreen
02-29 20:05:30.552  1331  1895 D ZrHung.AppEyeTransparentWindow: TransparentWindow mHungConfigStatus = 0,mHungConfigEnable = 1
02-29 20:05:30.552  1331  1895 W HwActivityTaskManagerServiceEx: appSwitch from: com.android.systemui to: com.xm.testcodec
02-29 20:05:30.553  2487 20539 D AssistantService-1011301: registerHwActivityNotifier call fromPackage:com.android.systemui, toPackage:com.xm.testcodec
02-29 20:05:30.553  1331  1438 D HwGameAssistantController: UPDATE: mCurFgPkg=com.xm.testcodec, mCurFgPid=9350, mCurIsGame=false
02-29 20:05:30.553  2487  2672 D AssistantService-1011301: handleMessage app switch fromPackage:com.android.systemui, toPackage:com.xm.testcodec
02-29 20:05:30.553  2487  2672 D AssistantService-1011301: package:com.android.systemui inAppAssistant:false
02-29 20:05:30.553  2487  2672 D AssistantService-1011301: package:com.xm.testcodec inAppAssistant:false
02-29 20:05:30.554 23038 23038 I adbd    : adb client authorized
02-29 20:05:30.556  1331  1426 D HwPhoneWindowManager: Transact:setSystemUIColor to status bar service
02-29 20:05:30.558 11925 15740 I HwCommandQueue: updateBarBgColor
02-29 20:05:30.558 11925 15740 D HwCommandQueue: CommandQueue, setBarBackgroundColor
02-29 20:05:30.558  1331  1426 I StatusBarDisable: setFlags what=0 which=1 pkg=Window{6eb4371 u0 com.xm.testcodec/com.xm.testcodec.MainActivity}
02-29 20:05:30.560  2335  2512 E AwareLog: SPKSchedFeature: Uid has been sent, ignore.
02-29 20:05:30.560  2335  2512 E AwareLog: SPKEQSchedFeature: Uid has been sent, ignore.
02-29 20:05:30.559  1331  1426 I StatusBarDisable: setFlags what=0 which=1 pkg=Window{6eb4371 u0 com.xm.testcodec/com.xm.testcodec.MainActivity}
02-29 20:05:30.562  1331  2550 V WindowManager: notifyAppResumed: wasStopped=false AppWindowToken{75abb03 token=Token{76fba0e ActivityRecord{740c809 u0 com.xm.testcodec/.MainActivity t9841}}}
02-29 20:05:30.562  2335  2435 D ScenarioService: front pkg : com.xm.testcodec launcher: false
02-29 20:05:30.562  2335  2435 D ScenarioService: new above launcher front pkgs: [com.xm.testcodec]
02-29 20:05:30.562  2335  2435 I AppManager: handleAppFrontEvent: com.xm.testcodec
02-29 20:05:30.562  2335  2481 I PG_ash  : front pkg : com.xm.testcodec launcher: false
02-29 20:05:30.562  2335  2481 I PG_ash  : above launcher front pkgs: [com.xm.testcodec]
02-29 20:05:30.562  2335  2435 I AppsUsage: scnOff:false FgAPP:com.xm.testcodec BgAPP:com.android.systemui
02-29 20:05:30.563  2335  2491 I PGServer: report state:10000 event type:2 pid:0 uid:0 pkg:com.android.systemui to pid: 2335
02-29 20:05:30.560    47    47 W migration/6: type=1400 audit(0.0:20600065): avc: granted { setsched } for pid=47 scontext=u:r:kernel:s0 tcontext=u:r:kernel:s0 tclass=process
02-29 20:05:30.560    53    53 W migration/7: type=1400 audit(0.0:20600066): avc: granted { setsched } for pid=53 scontext=u:r:kernel:s0 tcontext=u:r:kernel:s0 tclass=process
02-29 20:05:30.564  2335  2491 I SceneReceiver: state type: 10000 eventType:2 pid:0 uid:0 pkg:com.android.systemui
02-29 20:05:30.564  2335  2491 I PGServer: report state:10000 event type:2 pid:0 uid:0 pkg:com.android.systemui to pid: 1331
02-29 20:05:30.564  2335  2491 I PGServer: report state:10000 event type:2 pid:0 uid:0 pkg:com.android.systemui to pid: 2487
02-29 20:05:30.564  2335  2491 I PGServer: report state:10000 event type:1 pid:0 uid:0 pkg:com.xm.testcodec to pid: 2335
02-29 20:05:30.564  1331  2550 I HwWindowManagerServiceEx: closing apps count = 1
02-29 20:05:30.564   889  1062 D ScreemCommon: <LOGMGR> <SceneStart> [Entry]
02-29 20:05:30.564   889  1062 D ScreemCommon: <LOGMGR> <SceneStart> [new scene start 961285202]
02-29 20:05:30.564  1331  2550 D HwWindowManagerServiceEx: is app exit to launcher info: transit = 25, app = AppWindowToken{7374999 token=Token{74fc721 ActivityRecord{7574ae9 u0 com.android.systemui/.usb.HwUsbDebuggingActivity t9842}}}, window = Window{72b43b9 u0 com.android.systemui/com.android.systemui.usb.HwUsbDebuggingActivity}, mClosingApps = {AppWindowToken{7374999 token=Token{74fc721 ActivityRecord{7574ae9 u0 com.android.systemui/.usb.HwUsbDebuggingActivity t9842}}}}, topOpeningApp = AppWindowToken{75abb03 token=Token{76fba0e ActivityRecord{740c809 u0 com.xm.testcodec/.MainActivity t9841}}}, mExitIconBitmap = null, mExitIconHeight = -1, mExitIconWidth = -1
02-29 20:05:30.564  1331  2550 E WindowManager: icon is null!!
02-29 20:05:30.565  1331  2550 D HwAppTransitionImpl: windowAnimations = 2060168 dose not come from system, not to override it.
02-29 20:05:30.565  2335  2491 I SceneReceiver: state type: 10000 eventType:1 pid:0 uid:0 pkg:com.xm.testcodec
02-29 20:05:30.565  2335  2491 I PGServer: report state:10000 event type:1 pid:0 uid:0 pkg:com.xm.testcodec to pid: 1331
02-29 20:05:30.565  2335  2509 D HwThermalStateManager: current foreapp pkg : com.xm.testcodec
02-29 20:05:30.565  2335  2491 I PGServer: report state:10000 event type:1 pid:0 uid:0 pkg:com.xm.testcodec to pid: 2487
02-29 20:05:30.565  2335  2513 D ThermalTrace_ThermalRaise: current pkg:com.android.systemui
02-29 20:05:30.566  2335 18622 I PGServer: checkPkgType. calling pkg: android
02-29 20:05:30.566  2487 20539 D HicomMonitor: notifyForegroundAppChanged: pkg:com.xm.testcodec
02-29 20:05:30.566  2487 20539 D Hicom_EmcomManagerService: onForegroundAppChanged, pkgName:com.xm.testcodec
02-29 20:05:30.566  2487 20539 D Hicom_SysEnvMonitor: onForegroundAppChanged, pkgName: com.xm.testcodec
02-29 20:05:30.566  2487 20539 D SmartcareProc: onForegroundAppChanged, pkgName:com.xm.testcodec
02-29 20:05:30.567  2335 18622 I PGServer: checkPkgType. calling pkg: android
02-29 20:05:30.567  2487  2966 D Hicom_PolicyCenterService: policencenterservice receive handleMessage: 88
02-29 20:05:30.567  2487 20539 W FIControl: Failed to find configuration for com.xm.testcodec
02-29 20:05:30.567  2487  2966 D Hicom_PolicyCenterService: handleForegroundAppChanged new foreground app 10249
02-29 20:05:30.567  2487  2966 D Hicom_AppLifeCycleManager: sAppAllSocketClosed NOT contain: 10008
02-29 20:05:30.567  2487  2966 D Hicom_PolicyCenterService: mCurrentForegroundUid is not policy exist
02-29 20:05:30.568   685 16923 I GRALLOC : getCallingPid=729, shrFd=11,fmt=0x1,intFmt=0x1,btStrd=3072,size=4829184,pid=685 
02-29 20:05:30.568   685 16923 I GRALLOC : 	 yuv=2,w=756,h=1570,Stride u=0 v=0,offset u=0 v=0 
02-29 20:05:30.568   685 16923 I GRALLOC : 	 iova_size=4829184,conUsg=0x306,proUsg=0x366,	 strd=768,[afbc]HdrStrd=0 PyldStrd=0 Scrmbl=0,ionhnd = 0 
02-29 20:05:30.573  2487  2966 E Utils   : Failed to get uid from package
02-29 20:05:30.573  2487  2966 D Hicom_MpFlowDecisionSystem: handleForegroundAppChanged try start MPFlow for cur app: com.xm.testcodec, uid:10249
02-29 20:05:30.573  2487  2966 E Hicom_MpFlowDecisionSystem: getMultipathFlowByPkgName. multipathPolicy is illegal
02-29 20:05:30.573  2487  2966 E Hicom_MpFlowDecisionSystem: startMpFlow. multipathFlow is illegal
02-29 20:05:30.577  1331  1437 I HwAudioServiceEx: ComponentInfo : className = com.android.systemui.usb.HwUsbDebuggingActivity, flag=onPause, isHomeActivity=, isTop=false
02-29 20:05:30.577  1331  1437 W SecurityProfileService: Activity life state callback extras get package null!
02-29 20:05:30.578  2487  3458 D DollieActivityManagerAdapter: [Paused] pid:11925 uid:10008 ComponentInfo{com.android.systemui/com.android.systemui.usb.HwUsbDebuggingActivity} uidState:1
02-29 20:05:30.578  2487  3458 E DollieAdapterService: notifyActivityState pkg:com.android.systemui/com.android.systemui.usb.HwUsbDebuggingActivity state:1 fg:false mUid:10008
02-29 20:05:30.578  2487  3458 I HidataAppQoeP: foregroundUidRemove uid: 10008 name: android.uid.systemui:10008
02-29 20:05:30.579  2487  2563 I HwPacketFilterBypass: handleActivityUidStateChanged uid:10008 -1 foreground:0
02-29 20:05:30.579  2487  2563 I HwPacketFilterBypass: isAllowSendSmartCureToChr false, no exceptions occur, dropCnt:0
02-29 20:05:30.579  2487  2487 D SmartDualCardConfig: getAppType,pkgName=android.uid.systemui:10008,appType=-1
02-29 20:05:30.579  2487  2487 D SmartDualCardConfig: getAppType,pkgName=com.android.systemui,appType=255
02-29 20:05:30.579  2487  2487 E SmartDualCardConfig: isAppInBlackList false,items==null
02-29 20:05:30.579  2487  2487 D SmartDualCardSM: onUidStateUpdate,uid=10008,appName=android.uid.systemui:10008,state=BACKGROUND
02-29 20:05:30.579  2487  2487 D SmartDualCardConfig: removeAppFromList,after remove,size()=1,uid=10008
02-29 20:05:30.579  2487  2487 D SmartDualCardSM: onUidStateUpdate,remaining top app uid=10249
02-29 20:05:30.580  2487  2487 D SmartDualCardConfig: getAppType,pkgName=com.xm.testcodec,appType=-1
02-29 20:05:30.580  2487  2487 D SmartDualCardSM: updateAppState mAppState=2
02-29 20:05:30.581  9350  9391 D ZrHung.AppEyeUiProbe: restart watching
02-29 20:05:30.582  2487  2487 I BoosterUtil: getSlaveCardSubId slotId: 0, subId: -1
02-29 20:05:30.583  1331  1437 I HwAudioServiceEx: ComponentInfo : className = com.xm.testcodec.MainActivity, flag=onResume, isHomeActivity=, isTop=true
02-29 20:05:30.583  2654 18970 I OPCollectLog: AppChangeImpl:call onAppChange.
02-29 20:05:30.583  1331  1437 W SecurityProfileService: Activity life state callback extras get package null!
02-29 20:05:30.584  2654  3180 I OPCollectLog: HwForegroundAppAction:handleMessage 
02-29 20:05:30.584  2654  3180 D OPCollectLog: HwForegroundAppAction:FG executeWithArgs
02-29 20:05:30.584  2654  3180 I OPCollectLog: OPCollectUtils:ODMF Api Version:2.14.1
02-29 20:05:30.584  2654  3180 I OPCollectLog: Action:HwForegroundAppAction executed successfully
02-29 20:05:30.584  2654  3180 D OPCollectLog: OdmfCollectScheduler:handleMessage msg: 4
02-29 20:05:30.584  2654  3180 I OPCollectLog: OdmfHelper:opcollectCache 1
02-29 20:05:30.584  2654  3180 I OPCollectLog: OdmfHelper:opcollectCache curTime: 2757055356, interval: 2353
02-29 20:05:30.585  2487  3458 D DollieActivityManagerAdapter: [Resumed] bg:false pid:9350 uid:10249 ComponentInfo{com.xm.testcodec/com.xm.testcodec.MainActivity}
02-29 20:05:30.585  2487  3458 E DollieAdapterService: notifyActivityState pkg:com.xm.testcodec/com.xm.testcodec.MainActivity state:2 fg:true mUid:10249
02-29 20:05:30.591 11925 11925 D UsbDebuggingActivity: setFloatWindowVisibile: true
02-29 20:05:30.591 11925 11925 D ActivityThread: Remove activity client record, r= ActivityRecord{89a4b4e token=android.os.BinderProxy@cd44130 {com.android.systemui/com.android.systemui.usb.HwUsbDebuggingActivity}} token= android.os.BinderProxy@cd44130
02-29 20:05:30.592 11925 11925 W RollbackRuleDetector: RollbackRuleDetector already stop
02-29 20:05:30.592  2487  2487 D SmartDualCardSM: isNeedMonitorAppQoe return false
02-29 20:05:30.593   855  1785 E HwCameraServiceEx: notifyMonitoredUids: Failed to trigger permission callback: -129
02-29 20:05:30.594   729   832 E BufferQueueProducer: [com.android.systemui/com.android.systemui.usb.HwUsbDebuggingActivity#0]:1338: disconnect: not connected (req=1)
02-29 20:05:30.595 11925 12114 W libEGL  : EGLNativeWindowType 0x7ba634b8d0 disconnect failed
02-29 20:05:30.595  1331  2550 V WindowManager: removeIfPossible: Window{72b43b9 u0 com.android.systemui/com.android.systemui.usb.HwUsbDebuggingActivity} callers=com.android.server.wm.WindowState.removeIfPossible:5506492 com.android.server.wm.WindowManagerService.removeWindow:5504480 android.view.IWindowSession$Stub.onTransact:7509052 com.android.server.wm.Session.onTransact:6758608 android.os.Binder.execTransactInternal:8304892 
02-29 20:05:30.596  1331  2550 V WindowManager: postWindowRemoveCleanupLocked: Window{72b43b9 u0 com.android.systemui/com.android.systemui.usb.HwUsbDebuggingActivity}
02-29 20:05:30.596  2487  2487 D SmartDualCardSM: resetAppQoeState
02-29 20:05:30.596  1331  2550 V WindowManager: Removing Window{72b43b9 u0 com.android.systemui/com.android.systemui.usb.HwUsbDebuggingActivity} from AppWindowToken{7374999 token=Token{74fc721 ActivityRecord{7574ae9 u0 com.android.systemui/.usb.HwUsbDebuggingActivity t9842}}}
02-29 20:05:30.599  1331  2222 V WindowManager: removeAppToken: AppWindowToken{7374999 token=Token{74fc721 ActivityRecord{7574ae9 u0 com.android.systemui/.usb.HwUsbDebuggingActivity t9842}}} delayed=false Callers=com.android.server.wm.DisplayContent.removeAppToken:8167260 com.android.server.wm.ActivityRecord.removeWindowContainer:8168932 com.android.server.wm.ActivityStack.removeActivityFromHistoryLocked:8166360 com.android.server.wm.ActivityStack.activityDestroyedLocked:8148140 
02-29 20:05:30.603  1331  2222 V ActivityTaskManager: removeChild: detaching stackId=823 from displayId=0
02-29 20:05:30.611  2654  3180 I OPCollectLog: OdmfHelper:isCharging: true
02-29 20:05:30.614  1331  1940 I PackageManager: getInstalledPackages cost 7 ms, flags: 786432, userId: 0, callingUid: 1000, callingPid: 1331
02-29 20:05:30.620  2654  3180 I OPCollectLog: OdmfHelper:insert database success 
02-29 20:05:30.620  2654  3180 I OPCollectLog: OdmfHelper:opcollectCache size: 1
02-29 20:05:30.620  2654  3180 I OPCollectLog: OdmfHelper:opcollectCache lastTime: 2757055392
02-29 20:05:30.630  1331 14804 I PackageManager: getInstalledPackages cost 2 ms, flags: 786432, userId: 0, callingUid: 2000, callingPid: 9860
