02-29 20:05:30.648   880   902 E AwareLog: iawared: GetFileContent open /proc/9866/task/9868/cpuset fail errno(2)!
02-29 20:05:30.648   880   902 W         : Failed to SetQos, ret=-1, tid=9868, qos=1
02-29 20:05:30.685  1331 14804 I PackageManager: getInstalledPackages cost 2 ms, flags: 786432, userId: 0, callingUid: 2000, callingPid: 9874
02-29 20:05:30.709   880   902 E AwareLog: iawared: GetFileContent open /proc/9878/task/9880/cpuset fail errno(2)!
02-29 20:05:30.710   880   902 W         : Failed to SetQos, ret=-1, tid=9880, qos=1
02-29 20:05:30.820    53    53 W migration/7: type=1400 audit(0.0:20600067): avc: granted { setsched } for pid=53 scontext=u:r:kernel:s0 tcontext=u:r:kernel:s0 tclass=process
02-29 20:05:30.834   642 15202 I netd    : trafficSwapActiveStatsMap() <14.72ms>
02-29 20:05:30.850   642 15202 I netd    : trafficSwapActiveStatsMap() <13.38ms>
02-29 20:05:30.920    47    47 W migration/6: type=1400 audit(0.0:20600068): avc: granted { setsched } for pid=47 scontext=u:r:kernel:s0 tcontext=u:r:kernel:s0 tclass=process
02-29 20:05:31.015  1331  1843 I TrafficMonitor: update:rxPkts:0,txPkts:0,rxBytes:0,txBytes:0
02-29 20:05:31.015  1331  1843 I TrafficMonitor: start expired. level:-1
02-29 20:05:31.016  1331  1843 I TrafficMonitor: gettimer:interval=2000
02-29 20:05:31.107   806   806 I aptouch_daemon: copy_frame, grid_data is nullptr
02-29 20:05:31.107   806   806 I aptouch_daemon: check_afe_status, idle in. 300
02-29 20:05:31.178 11925 15501 D ZrHung.AppEyeUiProbe: not watching, wait.
02-29 20:05:31.243  1331 14804 I ClipboardService: callingPackage:com.ss.android.article.news, uid =10132, isFocusedWindow =false
02-29 20:05:31.243  1331 14804 I ClipboardService: isAugmentedAutofillServiceForUser:false
02-29 20:05:31.243  1331 14804 E ClipboardService: Denying clipboard access to com.ss.android.article.news, application is not in focus neither is a system service for user 0
02-29 20:05:31.243  1331 14804 I ClipboardService: getPrimaryClip pkg=com.ss.android.article.news, intendingUid=10132, isAccessAlowed=false
02-29 20:05:31.336  1530  1531 D HPGNSS  : The vendor name = rxn
02-29 20:05:31.337  1530  1558 I HPGNSS  : process message: 12
02-29 20:05:31.364  1530  1558 I HPGNSS  : process message: 20
02-29 20:05:31.364  1530  1558 I HPGNSS  : process message: 21
02-29 20:05:31.364  1530  1558 D HPGNSS  : Inject gps ephemeris, number is 31
02-29 20:05:31.364  1530  1558 I HPGNSS  : process message: 22
02-29 20:05:31.364  1530  1558 D HPGNSS  : Inject glonass ephemeris, number is 22
02-29 20:05:31.364  1530  1558 I HPGNSS  : process message: 23
02-29 20:05:31.364  1530  1558 D HPGNSS  : Inject galileo ephemeris, number is 19
02-29 20:05:31.365  1530  1558 I HPGNSS  : process message: 24
02-29 20:05:31.365  1530  1558 D HPGNSS  : Inject beidou ephemeris, number is 19
02-29 20:05:31.365  1530  1558 I HPGNSS  : process message: 25
02-29 20:05:31.365  1530  1558 D HPGNSS  : Inject qzs ephemeris, number is 3
02-29 20:05:31.365  1530  1558 I HPGNSS  : process message: 35
02-29 20:05:31.365  1530  1558 I HPGNSS  : process message: 32
02-29 20:05:31.365  1530  1558 D HPGNSS  : Inject gps rti, number is 1
02-29 20:05:31.365  1530  1558 I HPGNSS  : process message: 28
02-29 20:05:31.365  1530  1558 D HPGNSS  : Inject gps almanac, number is 31
02-29 20:05:31.365  1530  1558 I HPGNSS  : process message: 34
02-29 20:05:31.365  1530  1558 I HPGNSS  : process message: 29
02-29 20:05:31.365  1530  1558 D HPGNSS  : Inject glonass almanac, number is 24
02-29 20:05:31.365  1530  1558 I HPGNSS  : process message: 33
02-29 20:05:31.365  1530  1558 I HPGNSS  : process message: 36
02-29 20:05:31.365  1530  1558 I HPGNSS  : process message: 30
02-29 20:05:31.365  1530  1558 D HPGNSS  : Inject beidou almanac, number is 28
02-29 20:05:31.365  1530  1558 I HPGNSS  : process message: 33
02-29 20:05:31.365  1530  1558 I HPGNSS  : process message: 31
02-29 20:05:31.365  1530  1558 D HPGNSS  : Inject galileo almanac, number is 22
02-29 20:05:31.365  1530  1558 I HPGNSS  : process message: 33
02-29 20:05:31.994   870  1000 I storaged: storaged_t::event: storage_info refreshed.
02-29 20:05:32.079   719   719 E WifiHAL : enter wifi_get_link_stats
02-29 20:05:32.090  1331  1844 E WificondControl: Noise: 0, Snr: -82, Chload: 127
02-29 20:05:32.093  1331  1844 V HwWifiServiceFactory: get AllImpl object = com.android.server.wifi.HwWifiServiceFactoryImpl@6f595c9
02-29 20:05:32.099  1331  1844 D TelephonyManager: getAllCellInfo calling app is android
02-29 20:05:32.100  2691  2969 W PhoneInterfaceManager: shouldBlockLocation running ...
02-29 20:05:32.100  2691  2969 I PhoneInterfaceManager: shouldBlockLocation  ret:false
02-29 20:05:32.129  2654  3175 D SensorManager: 0x7c40685180 addFd fd=160
02-29 20:05:32.130  1331 14804 D SensorService: enableSensor handle:3, packageName:com.huawei.bd.collector.BigDataCollector, rate=1000000000
02-29 20:05:32.139   883   883 D SensorHub: batch called handle:3 sampleNs:300000000 latencyNs:0
02-29 20:05:32.139   883   883 D SensorHub: in Batch, handle = 3, flags = 0, periodNs = 300000000, timeout = 0
02-29 20:05:32.140  1331 14804 D SensorService: disableSensor handle:3, packageName:com.huawei.bd.collector.BigDataCollector
02-29 20:05:32.875  1331  1442 I ActivityManager: App 10020/com.android.providers.contacts targets O+, restricted
02-29 20:05:32.896  1331  1795 V BroadcastQueue: Finished with ordered broadcast BroadcastRecord{7079657 u0 null}
02-29 20:05:32.925  1331  1795 D HwConnectivityServiceEx: set cache by key is 10017 interfaceName iswlan0 value is false
02-29 20:05:32.925 11220  9883 I Authzen : [DeviceStateSyncManager] The server is in sync with current state. Nothing to do
02-29 20:05:33.018  1331  1843 I TrafficMonitor: update:rxPkts:0,txPkts:0,rxBytes:0,txBytes:0
02-29 20:05:33.018  1331  1843 I TrafficMonitor: start expired. level:-1
02-29 20:05:33.018  1331  1843 I TrafficMonitor: gettimer:interval=2000
02-29 20:05:33.572  1331  4082 E TaskPersister: File error accessing recents directory (directory doesn't exist?).
02-29 20:05:34.015  1331  1843 I TrafficMonitor: expired arrive. level:-1
02-29 20:05:34.016  1331  1843 I TrafficMonitor: during_ms:2003,period_ms:2000
02-29 20:05:34.016  1331  1843 I TrafficMonitor: count:13,rx_sum:0,tx_sum:0,rxBytes:0,during_ms:2003,rx_speed:0.0,tx_speed:0.0,rto:0.0
02-29 20:05:34.155  1331  1844 E WificondControl: Noise: 0, Snr: -82, Chload: 127
02-29 20:05:34.158  1331  1943 D HuaweiWifiWatchdogStateMachine: nothing to do
02-29 20:05:34.158  1331  1843 D WiFi_PRO: MSG_RETURN_AP_CURRY_RSSI rssi = -68
02-29 20:05:34.159  1331  1843 I QosMonitor: queryRtt: rttType = 3
02-29 20:05:34.159  1331  1943 I HuaweiWifiWatchdogStateMachine: POta txb txg rxg:0, 1, 0. Lr =0% Totpkt=1
02-29 20:05:34.159  1331  1843 I HwWifiProServiceProxy: ctrlHwWifiNetwork pkgName: WIFIPRO_SERVICE interfaceId: 8
02-29 20:05:34.159  1331  9884 I HwUidTcpMonitor: TcpStatisticsRun run
02-29 20:05:34.161  1331  1843 I QosMonitor: postEventFromNative: msg=100,arg1=4,arg2=10
02-29 20:05:34.161  1331  1843 I HwWifiProServiceProxy: ctrlHwWifiNetwork pkgName: WIFIPRO_SERVICE interfaceId: 8
02-29 20:05:34.161  1331  1843 I QosMonitor: postEventFromNative: msg=100,arg1=0,arg2=10
02-29 20:05:34.161  1331  1843 I MQoS    : rtt=192,tcpTxPkts=21140494,tcpRxPkts=39723778
02-29 20:05:34.161  1331  9884 I HwWifiProServiceProxy: ctrlHwWifiNetwork pkgName: WIFIPRO_SERVICE interfaceId: 79
02-29 20:05:34.162  1331  6226 D HwConnectivityServiceEx: set cache by key is 1000 interfaceName iswlan0 value is false
02-29 20:05:34.162  1331  6226 I MQoS    : QOS_level:0(0),DataDisable;use level-0
02-29 20:05:34.162  1331  9885 I HwWifiProServiceProxy: TcpStatisticsRun run
02-29 20:05:34.163  1331  1943 I HuaweiWifiWatchdogStateMachine: PTcp RTT:0, rtt pkt=0, tcp_rx=0, tcp_tx=0, tcp_reTran=0, rtRate=0
02-29 20:05:34.163  1331  1943 D HuaweiWifiWatchdogStateMachine: rssi bad, mrssi=-68 < TargetRssi=-69
02-29 20:05:34.315   880   902 I         : HibSTrategy::HibStrategySwapCandidateProcessAdd packagename com.huawei.hiai
02-29 20:05:34.354  2335 18622 I PGServer: getTopFrontApp. calling pkg: android
02-29 20:05:34.400    47    47 W migration/6: type=1400 audit(0.0:20600069): avc: granted { setsched } for pid=47 scontext=u:r:kernel:s0 tcontext=u:r:kernel:s0 tclass=process
02-29 20:05:34.405   880  2544 I         : HiberManagerService::do_reclaim ok, pid=25647, reclaim_mode = hiber_anon
02-29 20:05:34.405   880  2544 I         : getReclaimResult:reclaim_kb=872, swap_kb=872, swap_us=10261
02-29 20:05:34.405   880  2544 I         : HibStrategy::HibStrategySwapCandidateProcessRemove packagename is com.huawei.hiai
02-29 20:05:34.405   880  2544 I         : HiberManagerService::sendMessagetoHiberTask successful
02-29 20:05:34.434   880   902 I         : HibSTrategy::HibStrategySwapCandidateProcessAdd packagename com.huawei.hiai
02-29 20:05:34.474  2335 18622 I PGServer: getTopFrontApp. calling pkg: android
02-29 20:05:34.500    47    47 W migration/6: type=1400 audit(0.0:20600070): avc: granted { setsched } for pid=47 scontext=u:r:kernel:s0 tcontext=u:r:kernel:s0 tclass=process
02-29 20:05:34.546   880  2544 I         : HiberManagerService::do_reclaim ok, pid=25628, reclaim_mode = hiber_anon
02-29 20:05:34.546   880  2544 I         : getReclaimResult:reclaim_kb=3544, swap_kb=3544, swap_us=31249
02-29 20:05:34.546   880  2544 I         : HibStrategy::HibStrategySwapCandidateProcessRemove packagename is com.huawei.hiai
02-29 20:05:34.546   880  2544 I         : HiberManagerService::sendMessagetoHiberTask successful
02-29 20:05:34.555   880   902 I         : HibSTrategy::HibStrategySwapCandidateProcessAdd packagename com.android.packageinstaller
02-29 20:05:34.594  2335 18622 I PGServer: getTopFrontApp. calling pkg: android
02-29 20:05:34.650   642 15202 I netd    : trafficSwapActiveStatsMap() <15.30ms>
02-29 20:05:34.700    47    47 W migration/6: type=1400 audit(0.0:20600071): avc: granted { setsched } for pid=47 scontext=u:r:kernel:s0 tcontext=u:r:kernel:s0 tclass=process
02-29 20:05:34.700    53    53 W migration/7: type=1400 audit(0.0:20600072): avc: granted { setsched } for pid=53 scontext=u:r:kernel:s0 tcontext=u:r:kernel:s0 tclass=process
02-29 20:05:34.710   880  2544 I         : HiberManagerService::do_reclaim ok, pid=21818, reclaim_mode = hiber_anon
02-29 20:05:34.710   880  2544 I         : getReclaimResult:reclaim_kb=12832, swap_kb=12832, swap_us=75472
02-29 20:05:34.710   880  2544 I         : HibStrategy::HibStrategySwapCandidateProcessRemove packagename is com.android.packageinstaller
02-29 20:05:34.710   880  2544 I         : HiberManagerService::sendMessagetoHiberTask successful
02-29 20:05:34.802   883   883 D SensorHub: SENSOR_TYPE_PROXIMITY data[0] = 0.000000
02-29 20:05:34.820    53    53 W migration/7: type=1400 audit(0.0:20600073): avc: granted { setsched } for pid=53 scontext=u:r:kernel:s0 tcontext=u:r:kernel:s0 tclass=process
02-29 20:05:34.820    47    47 W migration/6: type=1400 audit(0.0:20600074): avc: granted { setsched } for pid=47 scontext=u:r:kernel:s0 tcontext=u:r:kernel:s0 tclass=process
02-29 20:05:34.884   883   883 D SensorHub: SENSOR_TYPE_PROXIMITY data[0] = 0.000000
02-29 20:05:34.919  2691  2691 E HwModemCapability: isCapabilitySupport java.lang.StringIndexOutOfBoundsException: length=7; index=7
02-29 20:05:34.925  2335  2509 E HwModemCapability: isCapabilitySupport java.lang.StringIndexOutOfBoundsException: length=7; index=7
02-29 20:05:34.925  1331  1331 I MQoS    : onSignal: mSubId=1,currDataSubID=1
02-29 20:05:34.926  2654  2654 E HwModemCapability: isCapabilitySupport java.lang.StringIndexOutOfBoundsException: length=7; index=7
02-29 20:05:34.927  2654  2654 E HwModemCapability: isCapabilitySupport java.lang.StringIndexOutOfBoundsException: length=7; index=7
02-29 20:05:34.927  1331  1331 E HwModemCapability: isCapabilitySupport java.lang.StringIndexOutOfBoundsException: unknown reason
02-29 20:05:34.927  2654  2654 E HwModemCapability: isCapabilitySupport java.lang.StringIndexOutOfBoundsException: length=7; index=7
02-29 20:05:34.927  1331  1331 I MQoS    : received cell-signal:5
02-29 20:05:34.927  2654  2654 E HwModemCapability: isCapabilitySupport java.lang.StringIndexOutOfBoundsException: length=7; index=7
02-29 20:05:34.927  2654  2654 E HwModemCapability: isCapabilitySupport java.lang.StringIndexOutOfBoundsException: length=7; index=7
02-29 20:05:34.927 11925 12001 E HwModemCapability: isCapabilitySupport java.lang.StringIndexOutOfBoundsException: length=7; index=7
02-29 20:05:34.927  2654  2654 E HwModemCapability: isCapabilitySupport java.lang.StringIndexOutOfBoundsException: length=7; index=7
02-29 20:05:34.928  2654  2654 E HwModemCapability: isCapabilitySupport java.lang.StringIndexOutOfBoundsException: length=7; index=7
02-29 20:05:34.928 11925 12001 E HwModemCapability: isCapabilitySupport java.lang.StringIndexOutOfBoundsException: length=7; index=7
02-29 20:05:34.928  2654  2654 E HwModemCapability: isCapabilitySupport java.lang.StringIndexOutOfBoundsException: length=7; index=7
02-29 20:05:34.928 11925 12001 E HwModemCapability: isCapabilitySupport java.lang.StringIndexOutOfBoundsException: length=7; index=7
02-29 20:05:34.928  2654  2654 E HwModemCapability: isCapabilitySupport java.lang.StringIndexOutOfBoundsException: length=7; index=7
02-29 20:05:34.928  2654  2654 E HwModemCapability: isCapabilitySupport java.lang.StringIndexOutOfBoundsException: length=7; index=7
02-29 20:05:34.928  2487  2966 E HwModemCapability: isCapabilitySupport java.lang.StringIndexOutOfBoundsException: length=7; index=7
02-29 20:05:34.928  2654  2654 E HwModemCapability: isCapabilitySupport java.lang.StringIndexOutOfBoundsException: length=7; index=7
02-29 20:05:34.929  2487  2966 D DaemonMessageAdapter: onMobileSignalStrengthChanged, slotId: 1, signalStrength: SignalStrength:{mCdma=CellSignalStrengthCdma: cdmaDbm=-67 cdmaEcio=-42 evdoDbm=-96 evdoEcio=2 evdoSnr=2147483647 level=4 mLevelHw=3 phoneId=1,mGsm=CellSignalStrengthGsm: rssi=2147483647 ber=2147483647 mTa=2147483647 mLevel=0 mLevelHw = 0 phoneId=1,mWcdma=CellSignalStrengthWcdma: ss=2147483647 ber=2147483647 rscp=2147483647 ecno=2147483647 level=0 levelHw=0 ecio=2147483647 mPhoneId=1,mTdscdma=CellSignalStrengthTdscdma: rssi=2147483647 ber=2147483647 rscp=2147483647 level=0 mPhoneId=1,mLte=CellSignalStrengthLte: rssi=2147483647 rsrp=-100 rsrq=-7 rssnr=2 cqi=2147483647 ta=2147483647 level=1 levelHw=4 mIsCdma=true mPhoneId=1,mNr=CellSignalStrengthNr:{ csiRsrp = 2147483647 csiRsrq = 2147483647 csiSinr = 2147483647 ssRsrp = 2147483647 ssRsrq = 2147483647 ssSinr = 2147483647 level = 0 levelHw =0 },primary=CellSignalStrengthLte}
02-29 20:05:34.929  2654  2654 E HwModemCapability: isCapabilitySupport java.lang.StringIndexOutOfBoundsException: length=7; index=7
02-29 20:05:34.929  2487  2966 E HwModemCapability: isCapabilitySupport java.lang.StringIndexOutOfBoundsException: length=7; index=7
02-29 20:05:34.929  2654  2654 E HwModemCapability: isCapabilitySupport java.lang.StringIndexOutOfBoundsException: length=7; index=7
02-29 20:05:34.929  2487  2966 D DaemonMessageAdapter: SignalStrength update result, ss: SignalStrengthInfo: 102486979 mGsmSignalStrength: 2147483647 mWcdmaRscp: 2147483647 mWcdmaEcio: 2147483647 mLteRsrp: -100 mLteRsrq: -7 mCdmaDbm: -67 mCdmaEcio: -42 mEvdoDbm: -96 mEvdoEcio: 2 mLteRssnr: 2
02-29 20:05:34.929  2487  2966 D Hicom_PolicyCenterService: policencenterservice receive handleMessage: 101
02-29 20:05:34.929  2654  2654 E HwModemCapability: isCapabilitySupport java.lang.StringIndexOutOfBoundsException: length=7; index=7
02-29 20:05:34.929  2654  2654 I chatty  : uid=1000(system) com.huawei.hiview identical 1 line
02-29 20:05:34.929  2654  2654 E HwModemCapability: isCapabilitySupport java.lang.StringIndexOutOfBoundsException: length=7; index=7
02-29 20:05:34.929 29770 29770 E HwModemCapability: isCapabilitySupport java.lang.StringIndexOutOfBoundsException: length=7; index=7
02-29 20:05:34.930  2654  2654 E HwModemCapability: isCapabilitySupport java.lang.StringIndexOutOfBoundsException: length=7; index=7
02-29 20:05:34.931  2654  2654 I chatty  : uid=1000(system) com.huawei.hiview identical 5 lines
02-29 20:05:34.931  2654  2654 E HwModemCapability: isCapabilitySupport java.lang.StringIndexOutOfBoundsException: length=7; index=7
02-29 20:05:34.931  2487  2487 I OllieUtils: getNetworkTypeBySubId, nsaState is 1, isDataInService is true
02-29 20:05:34.931  2654  2654 E HwModemCapability: isCapabilitySupport java.lang.StringIndexOutOfBoundsException: length=7; index=7
02-29 20:05:34.932  2654  2654 I chatty  : uid=1000(system) com.huawei.hiview identical 5 lines
02-29 20:05:34.933  2654  2654 E HwModemCapability: isCapabilitySupport java.lang.StringIndexOutOfBoundsException: length=7; index=7
02-29 20:05:34.934  2487  2487 E HwModemCapability: isCapabilitySupport java.lang.StringIndexOutOfBoundsException: length=7; index=7
02-29 20:05:34.934  2487  2487 E HwModemCapability: isCapabilitySupport java.lang.StringIndexOutOfBoundsException: length=7; index=7
02-29 20:05:34.936  1331  1795 E HwModemCapability: isCapabilitySupport java.lang.StringIndexOutOfBoundsException: unknown reason
02-29 20:05:34.940  2487  2554 I HidataAppQoeP: handleStateChanged reason=6
02-29 20:05:34.941  9493  9493 E HwModemCapability: isCapabilitySupport java.lang.StringIndexOutOfBoundsException: length=7; index=7
02-29 20:05:34.943 11925 11925 E HwModemCapability: isCapabilitySupport java.lang.StringIndexOutOfBoundsException: length=7; index=7
02-29 20:05:34.945  2487  2554 I PreDnsQuery: handleStateChanged reason=6
02-29 20:05:34.947  2654  2654 E HwModemCapability: isCapabilitySupport java.lang.StringIndexOutOfBoundsException: length=7; index=7
02-29 20:05:34.947  2487  2554 I BrowserChrP: handleStateChanged
02-29 20:05:34.949  2654  2654 I chatty  : uid=1000(system) com.huawei.hiview identical 16 lines
02-29 20:05:34.950  2654  2654 E HwModemCapability: isCapabilitySupport java.lang.StringIndexOutOfBoundsException: length=7; index=7
02-29 20:05:34.983  2691  2691 E HwModemCapability: isCapabilitySupport java.lang.StringIndexOutOfBoundsException: length=7; index=7
02-29 20:05:34.987  2335  2509 E HwModemCapability: isCapabilitySupport java.lang.StringIndexOutOfBoundsException: length=7; index=7
02-29 20:05:34.988  1331  1331 I MQoS    : onSignal: mSubId=1,currDataSubID=1
02-29 20:05:34.989  1331  1331 E HwModemCapability: isCapabilitySupport java.lang.StringIndexOutOfBoundsException: unknown reason
02-29 20:05:34.989  1331  1331 I MQoS    : received cell-signal:5
02-29 20:05:34.989  2654  2654 E HwModemCapability: isCapabilitySupport java.lang.StringIndexOutOfBoundsException: length=7; index=7
02-29 20:05:34.989  1331  1422 E HwModemCapability: isCapabilitySupport java.lang.StringIndexOutOfBoundsException: unknown reason
02-29 20:05:34.990 29770 29770 E HwModemCapability: isCapabilitySupport java.lang.StringIndexOutOfBoundsException: length=7; index=7
02-29 20:05:34.991  2654  2654 E HwModemCapability: isCapabilitySupport java.lang.StringIndexOutOfBoundsException: length=7; index=7
02-29 20:05:34.991 11925 12001 E HwModemCapability: isCapabilitySupport java.lang.StringIndexOutOfBoundsException: length=7; index=7
02-29 20:05:34.991  2654  2654 E HwModemCapability: isCapabilitySupport java.lang.StringIndexOutOfBoundsException: length=7; index=7
02-29 20:05:34.991  2654  2654 E HwModemCapability: isCapabilitySupport java.lang.StringIndexOutOfBoundsException: length=7; index=7
02-29 20:05:34.991 11925 12001 E HwModemCapability: isCapabilitySupport java.lang.StringIndexOutOfBoundsException: length=7; index=7
02-29 20:05:34.991  2654  2654 E HwModemCapability: isCapabilitySupport java.lang.StringIndexOutOfBoundsException: length=7; index=7
02-29 20:05:34.991 11925 12001 E HwModemCapability: isCapabilitySupport java.lang.StringIndexOutOfBoundsException: length=7; index=7
02-29 20:05:34.991  2654  2654 E HwModemCapability: isCapabilitySupport java.lang.StringIndexOutOfBoundsException: length=7; index=7
02-29 20:05:34.992  2654  2654 I chatty  : uid=1000(system) com.huawei.hiview identical 3 lines
02-29 20:05:34.992  2654  2654 E HwModemCapability: isCapabilitySupport java.lang.StringIndexOutOfBoundsException: length=7; index=7
02-29 20:05:34.993  2487  2966 E HwModemCapability: isCapabilitySupport java.lang.StringIndexOutOfBoundsException: length=7; index=7
02-29 20:05:34.993  2654  2654 E HwModemCapability: isCapabilitySupport java.lang.StringIndexOutOfBoundsException: length=7; index=7
02-29 20:05:34.993  2487  2966 D DaemonMessageAdapter: onMobileSignalStrengthChanged, slotId: 1, signalStrength: SignalStrength:{mCdma=CellSignalStrengthCdma: cdmaDbm=-67 cdmaEcio=-60 evdoDbm=-96 evdoEcio=2 evdoSnr=2147483647 level=4 mLevelHw=3 phoneId=1,mGsm=CellSignalStrengthGsm: rssi=2147483647 ber=2147483647 mTa=2147483647 mLevel=0 mLevelHw = 0 phoneId=1,mWcdma=CellSignalStrengthWcdma: ss=2147483647 ber=2147483647 rscp=2147483647 ecno=2147483647 level=0 levelHw=0 ecio=2147483647 mPhoneId=1,mTdscdma=CellSignalStrengthTdscdma: rssi=2147483647 ber=2147483647 rscp=2147483647 level=0 mPhoneId=1,mLte=CellSignalStrengthLte: rssi=2147483647 rsrp=-100 rsrq=-8 rssnr=2147483647 cqi=2147483647 ta=2147483647 level=3 levelHw=4 mIsCdma=true mPhoneId=1,mNr=CellSignalStrengthNr:{ csiRsrp = 2147483647 csiRsrq = 2147483647 csiSinr = 2147483647 ssRsrp = 2147483647 ssRsrq = 2147483647 ssSinr = 2147483647 level = 0 levelHw =0 },primary=CellSignalStrengthLte}
02-29 20:05:34.993  2654  2654 E HwModemCapability: isCapabilitySupport java.lang.StringIndexOutOfBoundsException: length=7; index=7
02-29 20:05:34.993  2654  2654 E HwModemCapability: isCapabilitySupport java.lang.StringIndexOutOfBoundsException: length=7; index=7
02-29 20:05:34.993  2487  2966 E HwModemCapability: isCapabilitySupport java.lang.StringIndexOutOfBoundsException: length=7; index=7
02-29 20:05:34.994  2487  2966 D DaemonMessageAdapter: SignalStrength update result, ss: SignalStrengthInfo: 102486979 mGsmSignalStrength: 2147483647 mWcdmaRscp: 2147483647 mWcdmaEcio: 2147483647 mLteRsrp: -100 mLteRsrq: -8 mCdmaDbm: -67 mCdmaEcio: -60 mEvdoDbm: -96 mEvdoEcio: 2 mLteRssnr: 2147483647
02-29 20:05:34.994  2487  2966 D Hicom_PolicyCenterService: policencenterservice receive handleMessage: 101
02-29 20:05:34.994  2487  2966 D Hicom_MpFlowDecisionSystem: handleRssiChanged. rssi changed in aging time.
02-29 20:05:34.994  9493  9493 E HwModemCapability: isCapabilitySupport java.lang.StringIndexOutOfBoundsException: length=7; index=7
02-29 20:05:34.995  2654  2654 E HwModemCapability: isCapabilitySupport java.lang.StringIndexOutOfBoundsException: length=7; index=7
02-29 20:05:34.996  2654  2654 I chatty  : uid=1000(system) com.huawei.hiview identical 9 lines
02-29 20:05:34.996  2654  2654 E HwModemCapability: isCapabilitySupport java.lang.StringIndexOutOfBoundsException: length=7; index=7
02-29 20:05:34.996  2487  2487 I OllieUtils: getNetworkTypeBySubId, nsaState is 1, isDataInService is true
02-29 20:05:34.997  2654  2654 E HwModemCapability: isCapabilitySupport java.lang.StringIndexOutOfBoundsException: length=7; index=7
02-29 20:05:34.998  2654  2654 I chatty  : uid=1000(system) com.huawei.hiview identical 4 lines
02-29 20:05:34.998  2654  2654 E HwModemCapability: isCapabilitySupport java.lang.StringIndexOutOfBoundsException: length=7; index=7
02-29 20:05:34.999 11925 11925 E HwModemCapability: isCapabilitySupport java.lang.StringIndexOutOfBoundsException: length=7; index=7
02-29 20:05:34.999  2487  2487 E HwModemCapability: isCapabilitySupport java.lang.StringIndexOutOfBoundsException: length=7; index=7
02-29 20:05:34.999  2487  2554 I HidataAppQoeP: handleStateChanged reason=6
02-29 20:05:35.004  2487  2554 I PreDnsQuery: handleStateChanged reason=6
02-29 20:05:35.007  2487  2554 I BrowserChrP: handleStateChanged
02-29 20:05:34.999  2487  2487 E HwModemCapability: isCapabilitySupport java.lang.StringIndexOutOfBoundsException: length=7; index=7
02-29 20:05:35.008  2654  2654 E HwModemCapability: isCapabilitySupport java.lang.StringIndexOutOfBoundsException: length=7; index=7
02-29 20:05:35.014  2654  2654 I chatty  : uid=1000(system) com.huawei.hiview identical 39 lines
02-29 20:05:35.014  2654  2654 E HwModemCapability: isCapabilitySupport java.lang.StringIndexOutOfBoundsException: length=7; index=7
02-29 20:05:35.019  1331  1843 I TrafficMonitor: update:rxPkts:0,txPkts:0,rxBytes:0,txBytes:0
02-29 20:05:35.019  1331  1843 I TrafficMonitor: start expired. level:-1
02-29 20:05:35.019  1331  1843 I TrafficMonitor: gettimer:interval=2000
02-29 20:05:35.042   883   883 D SensorHub: SENSOR_TYPE_PROXIMITY data[0] = 5.000000
02-29 20:05:35.104   719   719 E WifiHAL : enter wifi_get_link_stats
02-29 20:05:35.106  1331  1844 E WificondControl: Noise: 0, Snr: -82, Chload: 127
02-29 20:05:35.109  1331  1844 V HwWifiServiceFactory: get AllImpl object = com.android.server.wifi.HwWifiServiceFactoryImpl@6f595c9
02-29 20:05:35.114  1331  1844 D TelephonyManager: getAllCellInfo calling app is android
02-29 20:05:35.115  2691  2969 W PhoneInterfaceManager: shouldBlockLocation running ...
02-29 20:05:35.115  2691  2969 I PhoneInterfaceManager: shouldBlockLocation  ret:false
02-29 20:05:35.122   883   883 D SensorHub: SENSOR_TYPE_PROXIMITY data[0] = 5.000000
02-29 20:05:35.362   883   883 I chatty  : uid=1000(system) sensors@1.1-ser identical 3 lines
02-29 20:05:35.442   883   883 D SensorHub: SENSOR_TYPE_PROXIMITY data[0] = 5.000000
02-29 20:05:35.474   642 15202 I netd    : trafficSwapActiveStatsMap() <13.97ms>
02-29 20:05:35.522   883   883 D SensorHub: SENSOR_TYPE_PROXIMITY data[0] = 5.000000
02-29 20:05:35.593  1331  1439 D ZrHung.AppEyeTransparentWindow: handleMessage CHECK_TRANS_WINDOW_ERROR_MSG
02-29 20:05:35.602   883   883 D SensorHub: SENSOR_TYPE_PROXIMITY data[0] = 5.000000
02-29 20:05:35.927  1331  1347 I         : [GC] Start force
02-29 20:05:35.928  1331  1347 D         : non-recursive thread list lock level=16 rec=0 owner=0 
02-29 20:05:36.040    47    47 W migration/6: type=1400 audit(0.0:20600075): avc: granted { setsched } for pid=47 scontext=u:r:kernel:s0 tcontext=u:r:kernel:s0 tclass=process
02-29 20:05:36.136  1331  1347 D         : non-recursive thread list lock level=16 rec=0 owner=0 
02-29 20:05:36.177  1331  1347 I         : Force GC finished
02-29 20:05:36.182  1331  1347 I         : system_server GC for force: sync: collected objects: 12750(678KiB), 87.5147% utilization (99MiB/113MiB), max pause: 2ms, total pause: 2ms, total GC time: 254ms
02-29 20:05:36.280    53    53 W migration/7: type=1400 audit(0.0:20600077): avc: granted { setsched } for pid=53 scontext=u:r:kernel:s0 tcontext=u:r:kernel:s0 tclass=process
02-29 20:05:36.914 10980 11180 D WorkerThreadMonitor: Kill MSF check result[ senderSize:0,sendInterval:15780,receiveInterval=15725,addCmdCount=193
02-29 20:05:37.023  1331  1843 I TrafficMonitor: update:rxPkts:0,txPkts:0,rxBytes:0,txBytes:0
02-29 20:05:37.023  1331  1843 I TrafficMonitor: start expired. level:-1
02-29 20:05:37.023  1331  1843 I TrafficMonitor: gettimer:interval=2000
02-29 20:05:37.049   806   806 I aptouch_daemon: check_afe_status, idle out.
02-29 20:05:37.074   806   806 I aptouch_daemon: print_log, touch:1, down:1 (+0)
02-29 20:05:37.075  1331  1815 D libfingersense_wrapper: Calling fingersense_classify_touch()
02-29 20:05:37.078  1331  1815 D libfingersense_wrapper: fingersense_classify_touch() finished
02-29 20:05:37.084  9350  9350 W Settings: Setting device_provisioned has moved from android.provider.Settings.Secure to android.provider.Settings.Global.
02-29 20:05:37.085  9350  9350 V HiTouch_HiTouchSensor: User setup is finished.
02-29 20:05:37.140    47    47 W migration/6: type=1400 audit(0.0:20600079): avc: granted { setsched } for pid=47 scontext=u:r:kernel:s0 tcontext=u:r:kernel:s0 tclass=process
02-29 20:05:37.154   806   806 I aptouch_daemon: print_log, touch:0, down:0 
02-29 20:05:37.166  9350  9350 I HwViewRootImpl: removeInvalidNode all the node in jank list is out of time
02-29 20:05:37.181  9350  9350 V AudioManager: querySoundEffectsEnabled...
02-29 20:05:37.180    53    53 W migration/7: type=1400 audit(0.0:20600080): avc: granted { setsched } for pid=53 scontext=u:r:kernel:s0 tcontext=u:r:kernel:s0 tclass=process
02-29 20:05:37.182  9350  9350 I codec   : player start
02-29 20:05:37.183  9350  9893 I codec   : player run
02-29 20:05:37.183  9350  9893 I codec   : to open /sdcard/voip-data/c.mp4
02-29 20:05:37.180  9350  9350 W om.xm.testcodec: type=1400 audit(0.0:20600081): avc: granted { read } for pid=9350 name="c.mp4" dev="sdcardfs" ino=305172 scontext=u:r:untrusted_app_27:s0:c249,c256,c512,c768 tcontext=u:object_r:sdcardfs:s0 tclass=file
02-29 20:05:37.217  9350  9893 I codec   : find video stream width:1920 height:1080
02-29 20:05:37.218  9350  9893 I codec   : open file ok video id 0 audio id -1
02-29 20:05:37.219  9350  9893 I codec   : 1111111
--------- beginning of crash
02-29 20:05:37.220  9350  9893 F libc    : Fatal signal 11 (SIGSEGV), code 1 (SEGV_MAPERR), fault addr 0x98 in tid 9893 (om.xm.testcodec), pid 9350 (om.xm.testcodec)
02-29 20:05:37.251  9907  9907 E DEBUG   : failed to readlink /proc/9893/fd/95: No such file or directory
02-29 20:05:37.271  9907  9907 I crash_dump64: obtaining output fd from tombstoned, type: kDebuggerdTombstone
02-29 20:05:37.272   890   890 I /system/bin/tombstoned: received crash request for pid 9893
02-29 20:05:37.275  9907  9907 I crash_dump64: performing dump of process 9350 (target tid = 9893)
02-29 20:05:37.283  9907  9907 F DEBUG   : *** *** *** *** *** *** *** *** *** *** *** *** *** *** *** ***
02-29 20:05:37.283  9907  9907 F DEBUG   : Build fingerprint: 'HUAWEI/HMA-AL00/HWHMA:10/HUAWEIHMA-AL00/10.0.0.188C00:user/release-keys'
02-29 20:05:37.283  9907  9907 F DEBUG   : Revision: '0'
02-29 20:05:37.283  9907  9907 F DEBUG   : ABI: 'arm64'
02-29 20:05:37.284  9907  9907 F DEBUG   : SYSVMTYPE: Maple
02-29 20:05:37.284  9907  9907 F DEBUG   : APPVMTYPE: Art
02-29 20:05:37.284  9907  9907 F DEBUG   : Timestamp: 2020-02-29 20:05:37+0800
02-29 20:05:37.284  9907  9907 F DEBUG   : pid: 9350, tid: 9893, name: om.xm.testcodec  >>> com.xm.testcodec <<<
02-29 20:05:37.284  9907  9907 F DEBUG   : uid: 10249
02-29 20:05:37.284  9907  9907 F DEBUG   : signal 11 (SIGSEGV), code 1 (SEGV_MAPERR), fault addr 0x98
02-29 20:05:37.284  9907  9907 F DEBUG   : Cause: null pointer dereference
02-29 20:05:37.284  9907  9907 F DEBUG   :     x0  0000000000000000  x1  0000000000000000  x2  0000000000000000  x3  0000000000000001
02-29 20:05:37.284  9907  9907 F DEBUG   :     x4  0000007cced32000  x5  0000000000000001  x6  0000000017c39c00  x7  0000000017c39c00
02-29 20:05:37.284  9907  9907 F DEBUG   :     x8  8ef9f471e6d9d200  x9  8ef9f471e6d9d200  x10 0000000000000000  x11 0000000000000002
02-29 20:05:37.284  9907  9907 F DEBUG   :     x12 0000007c407f7008  x13 0000000000000002  x14 0000007c4cf67bd0  x15 0000007c407fe220
02-29 20:05:37.284  9907  9907 F DEBUG   :     x16 0000007bdbc631b0  x17 0000007c4459d050  x18 0000007bdbb5f2ff  x19 0000007c3d3e1d50
02-29 20:05:37.284  9907  9907 F DEBUG   :     x20 0000007cd191716c  x21 0000007c3d3e1d50  x22 0000248600002486  x23 0000007c3d3e1dd8
02-29 20:05:37.284  9907  9907 F DEBUG   :     x24 0000007c3d3e1d50  x25 0000007c3d3e1d50  x26 0000007c3d3e2020  x27 0000007cd2883020
02-29 20:05:37.284  9907  9907 F DEBUG   :     x28 0000007fda09ba20  x29 0000007c3d3e1480
02-29 20:05:37.284  9907  9907 F DEBUG   :     sp  0000007c3d3e1460  lr  0000007bdb6e8eb0  pc  0000007c4459d060
02-29 20:05:37.286  9907  9907 F DEBUG   : 
02-29 20:05:37.286  9907  9907 F DEBUG   : backtrace:
02-29 20:05:37.286  9907  9907 F DEBUG   :       #00 pc 000000000001b060  /system/lib64/libandroid.so (ANativeWindow_setBuffersGeometry+16) (BuildId: d98cd12b5c84aaf027fff709255998e4)
02-29 20:05:37.286  9907  9907 F DEBUG   :       #01 pc 000000000009beac  /data/app/com.xm.testcodec-GMpSCO5ak0FTRc3Vd7msrg==/lib/arm64/libnative-lib.so (EglBase::createSurface(ANativeWindow*)+116) (BuildId: 4e46a89022e3a7c0011060aecee9fdce0b33094e)
02-29 20:05:37.286  9907  9907 F DEBUG   :       #02 pc 000000000009b8cc  /data/app/com.xm.testcodec-GMpSCO5ak0FTRc3Vd7msrg==/lib/arm64/libnative-lib.so (GlScreen::SetSurface(ANativeWindow*)+944) (BuildId: 4e46a89022e3a7c0011060aecee9fdce0b33094e)
02-29 20:05:37.286  9907  9907 F DEBUG   :       #03 pc 0000000000098898  /data/app/com.xm.testcodec-GMpSCO5ak0FTRc3Vd7msrg==/lib/arm64/libnative-lib.so (Player::Run()+520) (BuildId: 4e46a89022e3a7c0011060aecee9fdce0b33094e)
02-29 20:05:37.286  9907  9907 F DEBUG   :       #04 pc 00000000000994e8  /data/app/com.xm.testcodec-GMpSCO5ak0FTRc3Vd7msrg==/lib/arm64/libnative-lib.so (_ZNSt6__ndk114__thread_proxyINS_5tupleIJNS_10unique_ptrINS_15__thread_structENS_14default_deleteIS3_EEEEM6PlayerFvvEPS7_EEEEEPvSC_+480) (BuildId: 4e46a89022e3a7c0011060aecee9fdce0b33094e)
02-29 20:05:37.286  9907  9907 F DEBUG   :       #05 pc 00000000000ce190  /apex/com.android.runtime/lib64/bionic/libc.so (__pthread_start(void*)+36) (BuildId: 2f04208be3c24ae761428c0bcfa6bcdf)
02-29 20:05:37.286  9907  9907 F DEBUG   :       #06 pc 0000000000070ba8  /apex/com.android.runtime/lib64/bionic/libc.so (__start_thread+64) (BuildId: 2f04208be3c24ae761428c0bcfa6bcdf)
02-29 20:05:37.442 11925 12011 W KG_FDT  : FaceDTHandler proc messge 7
02-29 20:05:37.442 11925 12011 W KG_FDT  : unregisterSensor. face dectect finish
02-29 20:05:37.442 11925 12011 W KG_FDT  : stop dectect but already disconnected or already in state=0
02-29 20:05:37.564  1331  9910 W ActivityTaskManager:   finishTopCrashedActivityLocked Force finishing activity com.xm.testcodec/.MainActivity
02-29 20:05:37.564  1331  9910 V ActivityTaskManager: positionChild stackId=0 to top.
02-29 20:05:37.565  1331  9911 I DropBoxManagerService: add tag=data_app_native_crash isTagEnabled=true flags=0x2
02-29 20:05:37.565  1331  9910 W HwActivityTaskManagerServiceEx: setResumedActivityUncheckLocked start call, from: ActivityRecord{740c809 u0 com.xm.testcodec/.MainActivity t9841 f}, to: ActivityRecord{6f9db59 u0 com.huawei.android.launcher/.unihome.UniHomeLauncher t1}
02-29 20:05:37.565  1331  9910 W HwActivityTaskManagerServiceEx: appSwitch from: com.xm.testcodec to: com.huawei.android.launcher
02-29 20:05:37.565   890   890 E /system/bin/tombstoned: Tombstone written to: /data/tombstones/tombstone_01
02-29 20:05:37.566  1331  9910 D ZrHung.AppEyeFocusWindow: FocusWindowErrorScene CheckFreezeScreen
02-29 20:05:37.566  2487 20539 D AssistantService-1011301: registerHwActivityNotifier call fromPackage:com.xm.testcodec, toPackage:com.huawei.android.launcher
02-29 20:05:37.566  1331  1438 D HwGameAssistantController: UPDATE: mCurFgPkg=com.huawei.android.launcher, mCurFgPid=25159, mCurIsGame=false
02-29 20:05:37.567  2487  2672 D AssistantService-1011301: handleMessage app switch fromPackage:com.xm.testcodec, toPackage:com.huawei.android.launcher
02-29 20:05:37.567  2487  2672 D AssistantService-1011301: package:com.xm.testcodec inAppAssistant:false
02-29 20:05:37.568  2487  2672 D AssistantService-1011301: package:com.huawei.android.launcher inAppAssistant:false
02-29 20:05:37.570  1331  2224 I HwWindowManagerServiceEx: set app win exit info, bundle = Bundle[{isLandscape=false, launcherPkgName=com.huawei.android.launcher, iconWidth=160, pivotX=665.0, pivotY=1121.0, iconHeight=160, flag=0}], iconBitmap = android.graphics.Bitmap@6b01659
02-29 20:05:37.574   889  3182 E iMonitor: FaultDetect: FaultEngineTracePrintf return.
02-29 20:05:37.574   889  3181 E iMonitor: FaultDetect: DumptoolPrintf return.
02-29 20:05:37.576  1331  1454 I BootReceiver: Copying /data/tombstones/tombstone_01 to DropBox (SYSTEM_TOMBSTONE)
02-29 20:05:37.576  1331  1454 I DropBoxManagerService: add tag=SYSTEM_TOMBSTONE isTagEnabled=true flags=0x2
02-29 20:05:37.575   889  3181 E iMonitor: FaultDetect: DumptoolPrintf return.
02-29 20:05:37.576  2335  2512 E AwareLog: SPKSchedFeature: Uid has been sent, ignore.
02-29 20:05:37.576  2335  2512 E AwareLog: SPKEQSchedFeature: Uid has been sent, ignore.
02-29 20:05:37.579  1331  1422 V WindowManager: notifyAppResumed: wasStopped=true AppWindowToken{6fcf09f token=Token{6fdf921 ActivityRecord{6f9db59 u0 com.huawei.android.launcher/.unihome.UniHomeLauncher t1}}}
02-29 20:05:37.581  2335  2435 D ScenarioService: front pkg : com.huawei.android.launcher launcher: true
02-29 20:05:37.581  2335  2435 I AppManager: handleAppFrontEvent: com.huawei.android.launcher
02-29 20:05:37.581  2335  2435 I AppsUsage: scnOff:false FgAPP:com.huawei.android.launcher BgAPP:com.xm.testcodec
02-29 20:05:37.581  2335  2481 I PG_ash  : front pkg : com.huawei.android.launcher launcher: true
02-29 20:05:37.581  2335  2481 I PG_ash  : keep window pkg front laucher, multiWin: null , pipWim:null
02-29 20:05:37.581  2335  2491 I PGServer: report state:10000 event type:2 pid:0 uid:0 pkg:com.xm.testcodec to pid: 2335
02-29 20:05:37.584  2335  2491 I SceneReceiver: state type: 10000 eventType:2 pid:0 uid:0 pkg:com.xm.testcodec
02-29 20:05:37.584  2335  2491 I PGServer: report state:10000 event type:2 pid:0 uid:0 pkg:com.xm.testcodec to pid: 1331
02-29 20:05:37.584  2335  2491 I PGServer: report state:10000 event type:2 pid:0 uid:0 pkg:com.xm.testcodec to pid: 2487
02-29 20:05:37.584  2335  2491 I PGServer: report state:10010 event type:1 pid:0 uid:0 pkg:com.huawei.android.launcher to pid: 2335
02-29 20:05:37.585  1331  1437 I HwAudioServiceEx: ComponentInfo : className = com.xm.testcodec.MainActivity, flag=onPause, isHomeActivity=, isTop=false
02-29 20:05:37.585  1331  1437 W SecurityProfileService: Activity life state callback extras get package null!
02-29 20:05:37.588  2487  3458 D DollieActivityManagerAdapter: [Paused] pid:9350 uid:10249 ComponentInfo{com.xm.testcodec/com.xm.testcodec.MainActivity} uidState:2
02-29 20:05:37.588  2335  2491 I SceneReceiver: state type: 10010 eventType:1 pid:0 uid:0 pkg:com.huawei.android.launcher
02-29 20:05:37.588  2335  2491 I PGServer: report state:10010 event type:1 pid:0 uid:0 pkg:com.huawei.android.launcher to pid: 1331
02-29 20:05:37.588  2335  2491 I PGServer: report state:10010 event type:1 pid:0 uid:0 pkg:com.huawei.android.launcher to pid: 2487
02-29 20:05:37.588  2335  2509 D HwThermalStateManager: current foreapp pkg : com.huawei.android.launcher
02-29 20:05:37.588  2335  2513 D ThermalTrace_ThermalRaise: current pkg:com.xm.testcodec
02-29 20:05:37.589  2487  7730 D HicomMonitor: notifyForegroundAppChanged: pkg:com.huawei.android.launcher
02-29 20:05:37.589  2487  7730 D Hicom_EmcomManagerService: onForegroundAppChanged, pkgName:com.huawei.android.launcher
02-29 20:05:37.589  2487  7730 D Hicom_SysEnvMonitor: onForegroundAppChanged, pkgName: com.huawei.android.launcher
02-29 20:05:37.589  2487  7730 D SmartcareProc: onForegroundAppChanged, pkgName:com.huawei.android.launcher
02-29 20:05:37.589  2487  7730 W FIControl: Failed to find configuration for com.huawei.android.launcher
02-29 20:05:37.589  2487  2966 D Hicom_PolicyCenterService: policencenterservice receive handleMessage: 88
02-29 20:05:37.589  2487  2966 D Hicom_PolicyCenterService: handleForegroundAppChanged new foreground app 10074
02-29 20:05:37.589  2487  2966 D Hicom_AppLifeCycleManager: sAppAllSocketClosed NOT contain: 10249
02-29 20:05:37.589  2487  2966 D Hicom_PolicyCenterService: mCurrentForegroundUid is not policy exist
02-29 20:05:37.590  2487  2966 D Hicom_MpFlowDecisionSystem: handleForegroundAppChanged try start MPFlow for cur app: com.huawei.android.launcher, uid:10074
02-29 20:05:37.590  2487  2966 E Hicom_MpFlowDecisionSystem: getMultipathFlowByPkgName. multipathPolicy is illegal
02-29 20:05:37.590  2487  2966 E Hicom_MpFlowDecisionSystem: startMpFlow. multipathFlow is illegal
02-29 20:05:37.591 23628 23628 I HiBoard_10.0.8.313_Workspace: onWindowVisibilityChanged0 isOverlayClosed:true
02-29 20:05:37.592  2335 18622 I PGServer: checkPkgType. calling pkg: android
02-29 20:05:37.594  2335 18622 I PGServer: checkPkgType. calling pkg: android
02-29 20:05:37.594   880   902 E AwareLog: iawared: change_property_content open /proc/9350/task/9395/static_vip fail errno(2)!
02-29 20:05:37.595  1331  1456 W ProcessCpuTracker: Failed to stat(/proc/9907): android.system.ErrnoException: stat failed: ENOENT (No such file or directory)
02-29 20:05:37.595  1331  1456 W ProcessCpuTracker: Skipping unknown process pid 9907
02-29 20:05:37.595  1331  1456 W ProcessCpuTracker: Failed to stat(/proc/9909): android.system.ErrnoException: stat failed: ENOENT (No such file or directory)
02-29 20:05:37.595  1331  1456 W ProcessCpuTracker: Skipping unknown process pid 9909
02-29 20:05:37.599 23628 24322 D mali_winsys: EGLint new_window_surface(egl_winsys_display *, void *, EGLSurface, EGLConfig, egl_winsys_surface **, EGLBoolean) returns 0x3000
02-29 20:05:37.602  1331  1442 W         : Failed to UpdateQosForCgroupInner, tid=0, policy=10
02-29 20:05:37.603 25159 25416 E HwLauncher: ReflectUtils, no such field.
02-29 20:05:37.603 25159 25416 W HwLauncher: Clock getDataFormat the getSystemString failed.
02-29 20:05:37.603   685 16923 I GRALLOC : getCallingPid=729, shrFd=11,fmt=0x1,intFmt=0x200000001,btStrd=4352,size=9973760,pid=685 
02-29 20:05:37.603   685 16923 I GRALLOC : 	 yuv=2,w=1080,h=2244,Stride u=0 v=0,offset u=0 v=0 
02-29 20:05:37.603   685 16923 I GRALLOC : 	 iova_size=9973760,conUsg=0xb00,proUsg=0xb00,	 strd=1088,[afbc]HdrStrd=1088 PyldStrd=69632 Scrmbl=2,ionhnd = 0 
02-29 20:05:37.604  1331  1426 W ActivityManager: Skipping native crash dialog of ProcessRecord{6d2b699 9350:com.xm.testcodec/u0a249}
02-29 20:05:37.606   685   685 I GRALLOC : getCallingPid=729, shrFd=11,fmt=0x1,intFmt=0x200000001,btStrd=4352,size=9973760,pid=685 
02-29 20:05:37.606   685   685 I GRALLOC : 	 yuv=2,w=1080,h=2244,Stride u=0 v=0,offset u=0 v=0 
02-29 20:05:37.606   685   685 I GRALLOC : 	 iova_size=9973760,conUsg=0xb00,proUsg=0xb00,	 strd=1088,[afbc]HdrStrd=1088 PyldStrd=69632 Scrmbl=2,ionhnd = 0 
02-29 20:05:37.608 25159 25593 D ZrHung.AppEyeUiProbe: restart watching
02-29 20:05:37.609 11984 17778 I HiSearch10.0.10.307: [LauncherOverlayService]: LAUNCHER_INTERACTION from launcher and invoke invokeId = -111
02-29 20:05:37.609 11984 17778 I HiSearch10.0.10.307: [LauncherOverlayService]: isOverlayClosed = true
02-29 20:05:37.609 11984 17778 I HiSearch10.0.10.307: [LauncherOverlayService]: LAUNCHER_INTERACTION from launcher and invoke, overlay closed, return. 
02-29 20:05:37.611   685 16923 I GRALLOC : getCallingPid=729, shrFd=11,fmt=0x1,intFmt=0x200000001,btStrd=4352,size=9973760,pid=685 
02-29 20:05:37.611   685 16923 I GRALLOC : 	 yuv=2,w=1080,h=2244,Stride u=0 v=0,offset u=0 v=0 
02-29 20:05:37.611   685 16923 I GRALLOC : 	 iova_size=9973760,conUsg=0xb00,proUsg=0xb00,	 strd=1088,[afbc]HdrStrd=1088 PyldStrd=69632 Scrmbl=2,ionhnd = 0 
02-29 20:05:37.612  2654 18970 I OPCollectLog: AppChangeImpl:call onAppChange.
02-29 20:05:37.613  1331  1437 I HwAudioServiceEx: ComponentInfo : className = com.huawei.android.launcher.unihome.UniHomeLauncher, flag=onResume, isHomeActivity=, isTop=true
02-29 20:05:37.613  1331  1437 W SecurityProfileService: Activity life state callback extras get package null!
02-29 20:05:37.615  2487  3458 D DollieActivityManagerAdapter: [Resumed] bg:true pid:25159 uid:10074 ComponentInfo{com.huawei.android.launcher/com.huawei.android.launcher.unihome.UniHomeLauncher}
02-29 20:05:37.615  2487  3458 E DollieAdapterService: notifyActivityState pkg:com.huawei.android.launcher/com.huawei.android.launcher.unihome.UniHomeLauncher state:2 fg:true mUid:10074
02-29 20:05:37.615  2654  3180 I OPCollectLog: HwForegroundAppAction:handleMessage 
02-29 20:05:37.616  2654  3180 D OPCollectLog: HwForegroundAppAction:FG executeWithArgs
02-29 20:05:37.616  2654  3180 I OPCollectLog: OPCollectUtils:ODMF Api Version:2.14.1
02-29 20:05:37.616  2487  2563 I UidCloseNrStateMachine: enter uidStateChanged, ForeGrountApp = com.huawei.android.launcher, mIsCallOn = false, mIsUsbPlugged = true
02-29 20:05:37.616  2654  3180 I OPCollectLog: Action:HwForegroundAppAction executed successfully
02-29 20:05:37.616  1331  2224 V HwPhoneWindowManager: updateSystemUiColorLw window=Window{69e2409 u0 com.huawei.android.launcher/com.huawei.android.launcher.unihome.UniHomeLauncher},EmuiStyle=-1,StatusBarColor=0x0,NavigationBarColor=0x0, mForceNotchStatusBar=false
02-29 20:05:37.616  2654  3180 D OPCollectLog: OdmfCollectScheduler:handleMessage msg: 4
02-29 20:05:37.616  2654  3180 I OPCollectLog: OdmfHelper:opcollectCache 1
02-29 20:05:37.616  2654  3180 I OPCollectLog: OdmfHelper:opcollectCache curTime: 2757062387, interval: 6995
02-29 20:05:37.616  1331  2224 D ZrHung.AppEyeFocusWindow: FocusWindowErrorScene cancelCheckFreezeScreen
02-29 20:05:37.616  1331  2224 D ZrHung.AppEyeTransparentWindow: TransparentWindow mHungConfigStatus = 0,mHungConfigEnable = 1
02-29 20:05:37.617  2487  2487 D SmartDualCardConfig: getAppType,pkgName=com.huawei.android.launcher,appType=28
02-29 20:05:37.617  2487  2487 D SmartDualCardSM: onUidStateUpdate isSkip,uid=10074,pkgName=com.huawei.android.launcher,pkgNameByComponentName=com.huawei.android.launcher
02-29 20:05:37.617 25159 25595 D mali_winsys: EGLint new_window_surface(egl_winsys_display *, void *, EGLSurface, EGLConfig, egl_winsys_surface **, EGLBoolean) returns 0x3000
02-29 20:05:37.622   889  1062 D ScreemCommon: <LOGMGR> <SceneStart> [Entry]
02-29 20:05:37.622   889  1062 D ScreemCommon: <LOGMGR> <SceneStart> [logId update 961285202 when new scene come after 7058]
02-29 20:05:37.622   685 16923 I GRALLOC : getCallingPid=729, shrFd=11,fmt=0x1,intFmt=0x200000001,btStrd=4352,size=9973760,pid=685 
02-29 20:05:37.622   685 16923 I GRALLOC : 	 yuv=2,w=1080,h=2244,Stride u=0 v=0,offset u=0 v=0 
02-29 20:05:37.622   685 16923 I GRALLOC : 	 iova_size=9973760,conUsg=0xb00,proUsg=0xb00,	 strd=1088,[afbc]HdrStrd=1088 PyldStrd=69632 Scrmbl=2,ionhnd = 0 
02-29 20:05:37.627  1331  1803 W AwareLog: SchedLevelBoost: onFgActivitiesChanged config not set!
02-29 20:05:37.627  2487 20539 I BoosterSwitchP: notifyUidState do nothing
02-29 20:05:37.627  2487 20539 I DeepNoDisturbP: notifyUidState
02-29 20:05:37.627  2487 20539 I BrowserChrP: notifyUidState
02-29 20:05:37.627   729   834 E BufferQueueProducer: [GestureNavLeft#0]:1338: disconnect: not connected (req=1)
02-29 20:05:37.627  1331  1936 W libEGL  : EGLNativeWindowType 0x6f2fcc4c10 disconnect failed
02-29 20:05:37.627  1331  1429 I WindowManager: New wallpaper target: Window{69e2409 u0 com.huawei.android.launcher/com.huawei.android.launcher.unihome.UniHomeLauncher} prevTarget: null
02-29 20:05:37.628  1331  2224 D PGGoogleServicePolicy: prevent gms/gsf hold partial wakelock
02-29 20:05:37.629  1331  2224 I HwNetworkPolicy: onTransact, code = 203
02-29 20:05:37.629 30210 30389 I HwNetworkPolicyManager: getHwUidPolicy uid = 10074 policy = 0
02-29 20:05:37.633  1331  1808 D HwAppTransitionImpl: windowAnimations = 0 dose not come from system, not to override it.
02-29 20:05:37.633  1331  1808 E WindowManager: win=Window{73b5e09 u0 GestureNavLeft} destroySurfaces: appStopped=true win.mWindowRemovalAllowed=false win.mRemoveOnExit=false
02-29 20:05:37.633   685 16923 I GRALLOC : getCallingPid=729, shrFd=11,fmt=0x1,intFmt=0x200000001,btStrd=4352,size=9973760,pid=685 
02-29 20:05:37.633   685 16923 I GRALLOC : 	 yuv=2,w=1080,h=2244,Stride u=0 v=0,offset u=0 v=0 
02-29 20:05:37.633   685 16923 I GRALLOC : 	 iova_size=9973760,conUsg=0xb00,proUsg=0xb00,	 strd=1088,[afbc]HdrStrd=1088 PyldStrd=69632 Scrmbl=2,ionhnd = 0 
02-29 20:05:37.633 23628 23628 I HwViewRootImpl: removeInvalidNode all the node in jank list is out of time
02-29 20:05:37.638   685 16923 I GRALLOC : getCallingPid=729, shrFd=11,fmt=0x1,intFmt=0x200000001,btStrd=4352,size=9973760,pid=685 
02-29 20:05:37.638   685 16923 I GRALLOC : 	 yuv=2,w=1080,h=2244,Stride u=0 v=0,offset u=0 v=0 
02-29 20:05:37.638   685 16923 I GRALLOC : 	 iova_size=9973760,conUsg=0xb00,proUsg=0xb00,	 strd=1088,[afbc]HdrStrd=1088 PyldStrd=69632 Scrmbl=2,ionhnd = 0 
02-29 20:05:37.639   729  1474 E BufferQueueProducer: [GestureNavRight#0]:1338: disconnect: not connected (req=1)
02-29 20:05:37.639  1331  1936 W libEGL  : EGLNativeWindowType 0x6f2fd0ac10 disconnect failed
02-29 20:05:37.639  1331  1429 I HwWindowManagerServiceEx: closing apps count = 1
02-29 20:05:37.639  1331  1429 D HwWindowManagerServiceEx: is app exit to launcher info: transit = 26, app = AppWindowToken{75abb03 token=Token{76fba0e ActivityRecord{740c809 u0 com.xm.testcodec/.MainActivity t9841}}}, window = Window{6eb4371 u0 com.xm.testcodec/com.xm.testcodec.MainActivity}, mClosingApps = {AppWindowToken{75abb03 token=Token{76fba0e ActivityRecord{740c809 u0 com.xm.testcodec/.MainActivity t9841}}}}, topOpeningApp = AppWindowToken{6fcf09f token=Token{6fdf921 ActivityRecord{6f9db59 u0 com.huawei.android.launcher/.unihome.UniHomeLauncher t1}}}, mExitIconBitmap = android.graphics.Bitmap@6b01659, mExitIconHeight = 160, mExitIconWidth = 160
02-29 20:05:37.639  1331  1429 E WindowManager: icon is null!!
02-29 20:05:37.640  1331  1429 D HwWindowManagerServiceEx: is app exit to launcher info: transit = 26, app = AppWindowToken{6fcf09f token=Token{6fdf921 ActivityRecord{6f9db59 u0 com.huawei.android.launcher/.unihome.UniHomeLauncher t1}}}, window = Window{69e2409 u0 com.huawei.android.launcher/com.huawei.android.launcher.unihome.UniHomeLauncher}, mClosingApps = {AppWindowToken{75abb03 token=Token{76fba0e ActivityRecord{740c809 u0 com.xm.testcodec/.MainActivity t9841}}}}, topOpeningApp = AppWindowToken{6fcf09f token=Token{6fdf921 ActivityRecord{6f9db59 u0 com.huawei.android.launcher/.unihome.UniHomeLauncher t1}}}, mExitIconBitmap = android.graphics.Bitmap@6b01659, mExitIconHeight = 160, mExitIconWidth = 160
02-29 20:05:37.640  1331  1429 E WindowManager: icon is null!!
