03-02 13:57:32.635  1731  4441 E set_top_app: 	at com.android.server.am.OomAdjuster.applyOomAdjLocked(OomAdjuster.java:1926)
03-02 13:57:32.635  1731  4441 E set_top_app: 	at com.android.server.am.OomAdjuster.updateOomAdjLocked(OomAdjuster.java:507)
03-02 13:57:32.635  1731  4441 E set_top_app: 	at com.android.server.am.OomAdjuster.updateOomAdjLocked(OomAdjuster.java:256)
03-02 13:57:32.635  1731  4441 E set_top_app: 	at com.android.server.am.ActivityManagerService.updateOomAdjLocked(ActivityManagerService.java:17165)
03-02 13:57:32.635  1731  4441 E set_top_app: 	at com.android.server.am.ActivityManagerService.getContentProviderImpl(ActivityManagerService.java:7096)
03-02 13:57:32.635  1731  4441 E set_top_app: 	at com.android.server.am.ActivityManagerService.getContentProvider(ActivityManagerService.java:7517)
03-02 13:57:32.635  1731  4441 E set_top_app: 	at android.app.IActivityManager$Stub.onTransact(IActivityManager.java:2149)
03-02 13:57:32.635  1731  4441 E set_top_app: 	at com.android.server.am.ActivityManagerService.onTransact(ActivityManagerService.java:2793)
03-02 13:57:32.635  1731  4441 E set_top_app: 	at android.os.Binder.execTransactInternal(Binder.java:1021)
03-02 13:57:32.635  1731  4441 E set_top_app: 	at android.os.Binder.execTransact(Binder.java:994)
03-02 13:57:32.635  1731  4441 E set_top_app: Caused by: android.system.ErrnoException: open failed: ENOENT (No such file or directory)
03-02 13:57:32.635  1731  4441 E set_top_app: 	at libcore.io.Linux.open(Native Method)
03-02 13:57:32.635  1731  4441 E set_top_app: 	at libcore.io.ForwardingOs.open(ForwardingOs.java:167)
03-02 13:57:32.635  1731  4441 E set_top_app: 	at libcore.io.BlockGuardOs.open(BlockGuardOs.java:252)
03-02 13:57:32.635  1731  4441 E set_top_app: 	at libcore.io.IoBridge.open(IoBridge.java:482)
03-02 13:57:32.635  1731  4441 E set_top_app: 	... 15 more
03-02 13:57:32.635  2848  3197 D TelephonyPermissionsInjector: MIUILOG- Permission Denied Get Telephony identifier :  pkg : com.miui.daemon action : getImei
03-02 13:57:32.635  2848  3197 D TelephonyPermissionsInjector: MIUILOG- Permission Denied Get Telephony identifier :  pkg : com.miui.daemon action : getImei
03-02 13:57:32.636  1731  4441 E set_top_app: error /proc/26960/top_app:0
03-02 13:57:32.636  1731  4441 E set_top_app: java.io.FileNotFoundException: /proc/26960/top_app: open failed: ENOENT (No such file or directory)
03-02 13:57:32.636  1731  4441 E set_top_app: 	at libcore.io.IoBridge.open(IoBridge.java:496)
03-02 13:57:32.636  1731  4441 E set_top_app: 	at java.io.FileOutputStream.<init>(FileOutputStream.java:235)
03-02 13:57:32.636  1731  4441 E set_top_app: 	at java.io.FileOutputStream.<init>(FileOutputStream.java:125)
03-02 13:57:32.636  1731  4441 E set_top_app: 	at java.io.FileWriter.<init>(FileWriter.java:63)
03-02 13:57:32.636  1731  4441 E set_top_app: 	at com.android.server.am.ActivityManagerServiceInjector.writeToNode(ActivityManagerServiceInjector.java:1062)
03-02 13:57:32.636  1731  4441 E set_top_app: 	at com.android.server.am.ActivityManagerServiceInjector.setTopAppUIThread(ActivityManagerServiceInjector.java:1047)
03-02 13:57:32.636  1731  4441 E set_top_app: 	at com.android.server.am.OomAdjuster.applyOomAdjLocked(OomAdjuster.java:1930)
03-02 13:57:32.636  1731  4441 E set_top_app: 	at com.android.server.am.OomAdjuster.updateOomAdjLocked(OomAdjuster.java:507)
03-02 13:57:32.636  1731  4441 E set_top_app: 	at com.android.server.am.OomAdjuster.updateOomAdjLocked(OomAdjuster.java:256)
03-02 13:57:32.636  1731  4441 E set_top_app: 	at com.android.server.am.ActivityManagerService.updateOomAdjLocked(ActivityManagerService.java:17165)
03-02 13:57:32.636  1731  4441 E set_top_app: 	at com.android.server.am.ActivityManagerService.getContentProviderImpl(ActivityManagerService.java:7096)
03-02 13:57:32.636  1731  4441 E set_top_app: 	at com.android.server.am.ActivityManagerService.getContentProvider(ActivityManagerService.java:7517)
03-02 13:57:32.636  1731  4441 E set_top_app: 	at android.app.IActivityManager$Stub.onTransact(IActivityManager.java:2149)
03-02 13:57:32.636  1731  4441 E set_top_app: 	at com.android.server.am.ActivityManagerService.onTransact(ActivityManagerService.java:2793)
03-02 13:57:32.636  1731  4441 E set_top_app: 	at android.os.Binder.execTransactInternal(Binder.java:1021)
03-02 13:57:32.636  1731  4441 E set_top_app: 	at android.os.Binder.execTransact(Binder.java:994)
03-02 13:57:32.636  1731  4441 E set_top_app: Caused by: android.system.ErrnoException: open failed: ENOENT (No such file or directory)
03-02 13:57:32.636  1731  4441 E set_top_app: 	at libcore.io.Linux.open(Native Method)
03-02 13:57:32.636  1731  4441 E set_top_app: 	at libcore.io.ForwardingOs.open(ForwardingOs.java:167)
03-02 13:57:32.636  1731  4441 E set_top_app: 	at libcore.io.BlockGuardOs.open(BlockGuardOs.java:252)
03-02 13:57:32.636  1731  4441 E set_top_app: 	at libcore.io.IoBridge.open(IoBridge.java:482)
03-02 13:57:32.636  1731  4441 E set_top_app: 	... 15 more
03-02 13:57:32.636  1731  2379 W DevicePolicyManager: Package com.miui.daemon (uid=1000, pid=3560) cannot access Device IDs
03-02 13:57:32.636  2848  3197 W TelephonyPermissions: reportAccessDeniedToReadIdentifiers:com.miui.daemon:getImei:isPreinstalled=true:isPrivApp=false
03-02 13:57:32.637  1731  4441 E set_top_app: error /proc/9216/top_app:1
03-02 13:57:32.637  1731  4441 E set_top_app: java.io.FileNotFoundException: /proc/9216/top_app: open failed: ENOENT (No such file or directory)
03-02 13:57:32.637  1731  4441 E set_top_app: 	at libcore.io.IoBridge.open(IoBridge.java:496)
03-02 13:57:32.637  1731  4441 E set_top_app: 	at java.io.FileOutputStream.<init>(FileOutputStream.java:235)
03-02 13:57:32.637  1731  4441 E set_top_app: 	at java.io.FileOutputStream.<init>(FileOutputStream.java:125)
03-02 13:57:32.637  1731  4441 E set_top_app: 	at java.io.FileWriter.<init>(FileWriter.java:63)
03-02 13:57:32.637  1731  4441 E set_top_app: 	at com.android.server.am.ActivityManagerServiceInjector.writeToNode(ActivityManagerServiceInjector.java:1062)
03-02 13:57:32.637  1731  4441 E set_top_app: 	at com.android.server.am.ActivityManagerServiceInjector.setTopAppUIThread(ActivityManagerServiceInjector.java:1047)
03-02 13:57:32.637  1731  4441 E set_top_app: 	at com.android.server.am.OomAdjuster.applyOomAdjLocked(OomAdjuster.java:1884)
03-02 13:57:32.637  1731  4441 E set_top_app: 	at com.android.server.am.OomAdjuster.updateOomAdjLocked(OomAdjuster.java:507)
03-02 13:57:32.637  1731  4441 E set_top_app: 	at com.android.server.am.OomAdjuster.updateOomAdjLocked(OomAdjuster.java:256)
03-02 13:57:32.637  1731  4441 E set_top_app: 	at com.android.server.am.ActivityManagerService.updateOomAdjLocked(ActivityManagerService.java:17165)
03-02 13:57:32.637  1731  4441 E set_top_app: 	at com.android.server.am.ActivityManagerService.getContentProviderImpl(ActivityManagerService.java:7096)
03-02 13:57:32.637  1731  4441 E set_top_app: 	at com.android.server.am.ActivityManagerService.getContentProvider(ActivityManagerService.java:7517)
03-02 13:57:32.637  1731  4441 E set_top_app: 	at android.app.IActivityManager$Stub.onTransact(IActivityManager.java:2149)
03-02 13:57:32.637  1731  4441 E set_top_app: 	at com.android.server.am.ActivityManagerService.onTransact(ActivityManagerService.java:2793)
03-02 13:57:32.637  1731  4441 E set_top_app: 	at android.os.Binder.execTransactInternal(Binder.java:1021)
03-02 13:57:32.637  1731  4441 E set_top_app: 	at android.os.Binder.execTransact(Binder.java:994)
03-02 13:57:32.637  1731  4441 E set_top_app: Caused by: android.system.ErrnoException: open failed: ENOENT (No such file or directory)
03-02 13:57:32.637  1731  4441 E set_top_app: 	at libcore.io.Linux.open(Native Method)
03-02 13:57:32.637  1731  4441 E set_top_app: 	at libcore.io.ForwardingOs.open(ForwardingOs.java:167)
03-02 13:57:32.637  1731  4441 E set_top_app: 	at libcore.io.BlockGuardOs.open(BlockGuardOs.java:252)
03-02 13:57:32.637  1731  4441 E set_top_app: 	at libcore.io.IoBridge.open(IoBridge.java:482)
03-02 13:57:32.637  1731  4441 E set_top_app: 	... 15 more
03-02 13:57:32.638  1731  4441 E set_top_app: error /proc/9272/top_app:2
03-02 13:57:32.638  1731  4441 E set_top_app: java.io.FileNotFoundException: /proc/9272/top_app: open failed: ENOENT (No such file or directory)
03-02 13:57:32.638  1731  4441 E set_top_app: 	at libcore.io.IoBridge.open(IoBridge.java:496)
03-02 13:57:32.638  1731  4441 E set_top_app: 	at java.io.FileOutputStream.<init>(FileOutputStream.java:235)
03-02 13:57:32.638  1731  4441 E set_top_app: 	at java.io.FileOutputStream.<init>(FileOutputStream.java:125)
03-02 13:57:32.638  1731  4441 E set_top_app: 	at java.io.FileWriter.<init>(FileWriter.java:63)
03-02 13:57:32.638  1731  4441 E set_top_app: 	at com.android.server.am.ActivityManagerServiceInjector.writeToNode(ActivityManagerServiceInjector.java:1062)
03-02 13:57:32.638  1731  4441 E set_top_app: 	at com.android.server.am.ActivityManagerServiceInjector.setTopAppUIThread(ActivityManagerServiceInjector.java:1047)
03-02 13:57:32.638  1731  4441 E set_top_app: 	at com.android.server.am.OomAdjuster.applyOomAdjLocked(OomAdjuster.java:1893)
03-02 13:57:32.638  1731  4441 E set_top_app: 	at com.android.server.am.OomAdjuster.updateOomAdjLocked(OomAdjuster.java:507)
03-02 13:57:32.638  1731  4441 E set_top_app: 	at com.android.server.am.OomAdjuster.updateOomAdjLocked(OomAdjuster.java:256)
03-02 13:57:32.638  1731  4441 E set_top_app: 	at com.android.server.am.ActivityManagerService.updateOomAdjLocked(ActivityManagerService.java:17165)
03-02 13:57:32.638  1731  4441 E set_top_app: 	at com.android.server.am.ActivityManagerService.getContentProviderImpl(ActivityManagerService.java:7096)
03-02 13:57:32.638  1731  4441 E set_top_app: 	at com.android.server.am.ActivityManagerService.getContentProvider(ActivityManagerService.java:7517)
03-02 13:57:32.638  1731  4441 E set_top_app: 	at android.app.IActivityManager$Stub.onTransact(IActivityManager.java:2149)
03-02 13:57:32.638  1731  4441 E set_top_app: 	at com.android.server.am.ActivityManagerService.onTransact(ActivityManagerService.java:2793)
03-02 13:57:32.638  1731  4441 E set_top_app: 	at android.os.Binder.execTransactInternal(Binder.java:1021)
03-02 13:57:32.638  1731  4441 E set_top_app: 	at android.os.Binder.execTransact(Binder.java:994)
03-02 13:57:32.638  1731  4441 E set_top_app: Caused by: android.system.ErrnoException: open failed: ENOENT (No such file or directory)
03-02 13:57:32.638  1731  4441 E set_top_app: 	at libcore.io.Linux.open(Native Method)
03-02 13:57:32.638  1731  4441 E set_top_app: 	at libcore.io.ForwardingOs.open(ForwardingOs.java:167)
03-02 13:57:32.638  1731  4441 E set_top_app: 	at libcore.io.BlockGuardOs.open(BlockGuardOs.java:252)
03-02 13:57:32.638  1731  4441 E set_top_app: 	at libcore.io.IoBridge.open(IoBridge.java:482)
03-02 13:57:32.638  1731  4441 E set_top_app: 	... 15 more
03-02 13:57:32.639  9216  9216 D Launcher.Lifecycle: onStart:UserHandle{0},8c17eae,false
03-02 13:57:32.641 27010 27010 E MIUINDBG: AM read ack success: Invalid argument
03-02 13:57:32.641 27010 27010 E MIUINDBG: core type: 0: Invalid argument
03-02 13:57:32.641 27010 27010 E MIUINDBG: lsof type: 0: Invalid argument
03-02 13:57:32.641 27010 27010 I MIUINDBG: dump_core pid = 26923 core_rule = 0 
03-02 13:57:32.645  1731  1868 V UidProcStateHelper: foreground changed:[9216,10084,true]
03-02 13:57:32.646  2494  2494 D StatusBar: recevie broadbcast ACTION_APPLICATION_MESSAGE_QUERY, requestFirstTime=false
03-02 13:57:32.646  9216  9289 I RenderThread: RenderThread resumed
03-02 13:57:32.646 23847 25241 I CloudSettingsProvider: uriMatch : 2
03-02 13:57:32.646  9216  9289 I RenderThread: All controllers paused.
03-02 13:57:32.646  9216  9289 I RenderThread: RenderThread paused, waiting for signal
03-02 13:57:32.647  8935  8979 D ProcessObserver: onForegroundActivitiesChanged, pid: 9216 uid: 10084 foregroundActivities: true
03-02 13:57:32.647  8935  8979 D ProcessObserver: Uid: 10084 ForePreTask
03-02 13:57:32.648  8935  8975 D HideModeStateMachine: updateForForegroundPreTaskUidChangedLocked: uid = 10084 foreground = true
03-02 13:57:32.649  9216  9216 D Launcher.Lifecycle: onResume:UserHandle{0},8c17eae,false
03-02 13:57:32.649  1731  2393 I MiuiNetworkPolicy: updateUidState uid = 99002, uidState = 4
03-02 13:57:32.649  1731  2393 I MiuiNetworkPolicy: updateUidState uid = 10118, uidState = 4
03-02 13:57:32.650  9216  9289 I RenderThread: RenderThread resumed
03-02 13:57:32.650  9216  9263 D Launcher: disableStatusBarClock:false
03-02 13:57:32.650   654  1467 D OemNetd : whiteListUid: uid=10118, wmm=add
03-02 13:57:32.650  9216  9216 D Launcher.XOutUtils: canRecommendScreenShow, isShowXout=false
03-02 13:57:32.650  9216  9216 D Launcher.RecommendController: folder display and try to request recommend list
03-02 13:57:32.650  9216  9216 D Launcher.XOutUtils: canRecommendScreenShow, isShowXout=false
03-02 13:57:32.650  9216  9216 D Launcher.RecommendController: don't request, because recommend screen can't show
03-02 13:57:32.650  9216  9216 D Launcher.RecommendController: folder display and try to request recommend list
03-02 13:57:32.650  9216  9289 I RenderThread: All controllers paused.
03-02 13:57:32.650  9216  9289 I RenderThread: RenderThread paused, waiting for signal
03-02 13:57:32.650  9216  9216 D hybrid  : onVisibilityChanged visible=true
03-02 13:57:32.651  1731  2387 V UiModeManager: switch night mode to 1
03-02 13:57:32.651  9216  9216 W CustomVerticalSwitcher: startFlipping is not in minusScreen!
03-02 13:57:32.654  1731  2393 I MiuiNetworkPolicy: updateUidState uid = 10084, uidState = 2
03-02 13:57:32.654   654  1467 D OemNetd : whiteListUid: uid=10084, wmm=add
03-02 13:57:32.656  1731  1731 V SettingsProvider: Notifying for 0: content://settings/secure/com.miui.newhome.preferences.is_home_foreground
03-02 13:57:32.664 21426 21259 D CacheProvider: openFile: /data/user/0/com.miui.hybrid/app_resource/com.miui.assistant.shopping.quickapp.mi/assets/images/index/ic_close_activity.png
03-02 13:57:32.664 23847 25241 I CloudSettingsProvider: uriMatch : 2
03-02 13:57:32.665   891   976 D Layer   : ---setAlpha Launcher=0.000000
03-02 13:57:32.665  1731  4441 I Timeline: Timeline: App_transition_ready time:1026749231
03-02 13:57:32.675   568   568 E         : logfile_template:logfile_template=/data/mqsas/ne/
03-02 13:57:32.676   568   568 E         : path=/data/mqsas/ne/online/-1_ne_null_unknown_286c4dbeda1a53675243296fd5348baf_unknown_development_monet_20.2.6_1583128652_1402974877
03-02 13:57:32.677   891  2451 D Layer   : ---setAlpha Launcher=0.000000
03-02 13:57:32.678   891  2373 D Layer   : ---setAlpha Launcher=0.000000
03-02 13:57:32.678  1731  1873 I Timeline: Timeline: App_transition_ready time:1026749244
03-02 13:57:32.694   891  2451 D Layer   : ---setAlpha Launcher=0.000000
03-02 13:57:32.699   568   568 E         : dump begin:path=/data/mqsas/ne/online/-1_ne_null_unknown_286c4dbeda1a53675243296fd5348baf_unknown_development_monet_20.2.6_1583128652_1402974877,title=null_unknown_286c4dbeda1a53675243296fd5348baf_unknown_development,action=logcat,params=-v,threadtime,-d,*:v,id=-1
03-02 13:57:32.700   891  2451 D BufferQueueLayer: Launcher new frame Arrived
03-02 13:57:32.700   891  2451 D SurfaceFlinger: launcherUpdate
03-02 13:57:32.700   891  2451 D Layer   : ---setAlpha Launcher=1.000000
03-02 13:57:32.701  9216  9216 D Launcher_WallpaperUtils: changeStatusBarMode:false
03-02 13:57:32.703   891  2451 D Layer   : ---setAlpha Launcher=1.000000
03-02 13:57:32.705   891   975 D BufferQueueLayer: Launcher new frame Arrived
03-02 13:57:32.704  2494  2494 D EventBus: [2494, u0] send(AppTransitionFinishedEvent)
03-02 13:57:32.705  2494  2494 D EventBus: [2494, u0]  -> ForcedResizableInfoActivityController [0x3a2ccfc, P1] onBusEvent(AppTransitionFinishedEvent)
03-02 13:57:32.705  2494  2494 D EventBus: [2494, u0] onBusEvent(AppTransitionFinishedEvent) duration: 40 microseconds, avg: 614
03-02 13:57:32.705  9216  9216 D Launcher.Lifecycle: onWindowFocusChanged:true,UserHandle{0},8c17eae,false
03-02 13:57:32.705  9216  9216 D Launcher_UnlockAnimationStateMachine: onWindowFocus:IDLE
03-02 13:57:32.706  2494  2494 D EventBus: [2494, u0] send(AppTransitionFinishedEvent)
03-02 13:57:32.706  2494  2494 D EventBus: [2494, u0]  -> ForcedResizableInfoActivityController [0x3a2ccfc, P1] onBusEvent(AppTransitionFinishedEvent)
03-02 13:57:32.706  2494  2494 D EventBus: [2494, u0] onBusEvent(AppTransitionFinishedEvent) duration: 21 microseconds, avg: 614
03-02 13:57:32.709  1731  1873 I Timeline: Timeline: App_transition_ready time:1026749275
03-02 13:57:32.710  1731  1873 I Timeline: Timeline: Activity_windows_visible id: ActivityRecord{a243cae u0 com.miui.home/.launcher.Launcher t1} time:1026749275
03-02 13:57:32.710  1731  1873 I Timeline: Timeline: App_transition_stopped time:1026749275
03-02 13:57:32.710  2494  2494 D EventBus: [2494, u0] send(AppTransitionFinishedEvent)
03-02 13:57:32.710  2494  2494 D EventBus: [2494, u0]  -> ForcedResizableInfoActivityController [0x3a2ccfc, P1] onBusEvent(AppTransitionFinishedEvent)
03-02 13:57:32.711  2494  2494 D EventBus: [2494, u0] onBusEvent(AppTransitionFinishedEvent) duration: 22 microseconds, avg: 614
03-02 13:57:32.713   891  2209 D Layer   : ---setAlpha Launcher=1.000000
03-02 13:57:32.714  2494  2494 D StatusBar: disable<e i a s b h r c s > disable2<q i n g r >
03-02 13:57:32.715   891   891 D SurfaceFlinger: WallPaper Changed hasWallPaper=1
03-02 13:57:32.715  2494  2494 D PhoneStatusBar/NavigationBarView: setDisabledFlags back:false home:false recent:false
03-02 13:57:32.716  2494  2494 D StatusBarClock:  isNormalMode= true clock visible=true
03-02 13:57:32.723   891  2209 D BufferQueueLayer: Launcher new frame Arrived
03-02 13:57:32.727  2494  2494 D PhoneStatusBar/NavigationBarView: onDraw
03-02 13:57:32.731   891   891 D SurfaceFlinger: Launcher Changed hasLauncher=1
03-02 13:57:32.736  1731  2377 W InputDispatcher: channel '703ba41 com.xm.testcodec/com.xm.testcodec.MainActivity (server)' ~ Consumer closed input channel or an error occurred.  events=0x9
03-02 13:57:32.736  1731  2377 E InputDispatcher: channel '703ba41 com.xm.testcodec/com.xm.testcodec.MainActivity (server)' ~ Channel is unrecoverably broken and will be disposed!
03-02 13:57:32.737  1731  4469 I ActivityManager: Process com.xm.testcodec (pid 26923) has died: vis+99 TOP 
03-02 13:57:32.737  1731  2974 I WindowManager: WIN DEATH: Window{703ba41 u0 com.xm.testcodec/com.xm.testcodec.MainActivity}
03-02 13:57:32.738  1731  2974 W InputDispatcher: Attempted to unregister already unregistered input channel '703ba41 com.xm.testcodec/com.xm.testcodec.MainActivity (server)'
03-02 13:57:32.738  1731  1937 I libprocessgroup: Successfully killed process cgroup uid 10217 pid 26923 in 0ms
03-02 13:57:32.738   656   656 I Zygote  : Process 26923 exited due to signal 11 (Segmentation fault)
03-02 13:57:32.743   802 16432 I /vendor/bin/hw/vendor.qti.hardware.servicetracker@1.1-service: killProcess is called for pid : 26923
03-02 13:57:32.743  1731  1868 V UidProcStateHelper: process died:[26923,10217]
03-02 13:57:32.743  8935  8979 D ProcessObserver: Uid: 10217 Background
03-02 13:57:32.744  8935  9025 D PowerCheckerService: updateForFgUidChangedLocked, mScreenOn = true uid = 10217 foreground = false
03-02 13:57:32.745  8935  9025 D PowerChecker.BaStats: uid = 10217, uidForeground = false, lastBytes = 5949250, curBytes = 7081599, deltaBytes = 1132349
03-02 13:57:32.747  2494  2494 D EventBus: [2494, u0] send(TaskSnapshotChangedEvent)
03-02 13:57:32.749   891   975 D BufferQueueLayer: Launcher new frame Arrived
03-02 13:57:32.756  1731  1872 W ActivityManager: setHasOverlayUi called on unknown pid: 26923
03-02 13:57:32.757  8935  8975 D AppActiveChecker: updateDownloadStateForFgUidChangedLocked, mScreenOn = true uid = 10217 foreground = false
03-02 13:57:32.758  8935  8975 D AppActiveChecker: sendMessageDelayed: uid = 10217 delayMillis = 180000 elapsedRealtime = 1704736187
03-02 13:57:32.758  1731  2393 I MiuiNetworkPolicy: removeUidState uid = 10217
03-02 13:57:32.758  8935  8975 D AppActiveChecker: updateAppActiveStateForUidLocked, uid = 10217 appActiveState = 0
03-02 13:57:32.758  8935  8975 D DeviceIdleAppRuleChecker: updateStateForInteractiveUidChangedLocked: uid = 10217 foreground = false
03-02 13:57:32.758  8935  8975 D KillProcessAppRuleChecker: updateStateForInteractiveUidChangedLocked: uid = 10217 foreground = false
03-02 13:57:32.758  8935  8975 D HideModeStateMachine: updateForForegroundUidChangedLocked: uid = 10217 foreground = false
03-02 13:57:32.758  8935  8975 I HideModeStateMachine: Uid: 10217 State: inactive_level_1st |-> startRun
03-02 13:57:32.758  8935  8975 I HideModeStateMachine: Uid: 10217 State: inactive_level_1st Feature: location |-> startRun
03-02 13:57:32.758  8935  8975 I HideModeStateMachine: Uid: 10217 State: inactive_level_1st Feature: sensor |-> startRun
03-02 13:57:32.758  8935  8975 I HideModeStateMachine: Uid: 10217 State: inactive_level_1st Feature: appIdle |-> startRun
03-02 13:57:32.758  8935  8975 D ActiveStateController: updateStateForFgUidChangedLocked: uid = 10217 foreground = false
03-02 13:57:32.758   654  1467 D OemNetd : whiteListUid: uid=10217, wmm=del
03-02 13:57:32.758  8935  8975 D ActiveStateController: updateRuleForUidLocked, uid = 10217 property = 32
03-02 13:57:32.759  8935  8975 D PowerKeeperConfigureProvider: appActiveTable insert 1756
03-02 13:57:32.760  8935  8975 I HideModeStateMachine: Uid: 10217 State: inactive_level_1st Feature: sensor |-> updateRule, Rule = restrict
03-02 13:57:32.760  8935  8975 I HideModeStateMachine: Uid: 10217 State: inactive_level_1st Feature: sensor |-> subFeatureRuleChangedCallback, Rule = restrict
03-02 13:57:32.760  8935  8975 I HideModeStateMachine: Uid: 10217 State: inactive_level_1st Feature: appIdle |-> updateRule, Rule = restrict
03-02 13:57:32.760  8935  8975 I HideModeStateMachine: Uid: 10217 State: inactive_level_1st Feature: appIdle |-> subFeatureRuleChangedCallback, Rule = restrict
03-02 13:57:32.760  8935  8975 D ActiveStateController: updateStateForUidActiveChangedLocked, uid: 10217 active: false
03-02 13:57:32.760  8935  8975 D ActiveStateController: updateRuleForUidLocked, uid = 10217 property = 0
03-02 13:57:32.761  8935  8975 D PowerKeeperConfigureProvider: appActiveTable insert 1757
03-02 13:57:32.761  8935  8975 I HideModeStateMachine: Uid: 10217 State: inactive_level_1st Feature: sensor |-> updateRule, Rule = allow
03-02 13:57:32.761  8935  8975 I HideModeStateMachine: Uid: 10217 State: inactive_level_1st Feature: appIdle |-> updateRule, Rule = allow
03-02 13:57:32.761  8935  8975 D ActiveStateController: updateStateForUidActiveChangedLocked, uid: 10217 active: true
03-02 13:57:32.761  8935  8975 D ActiveStateController: updateRuleForUidLocked, uid = 10217 property = 32
03-02 13:57:32.761  8935  8975 D PowerKeeperConfigureProvider: appActiveTable insert 1758
03-02 13:57:32.762  8935  8975 I HideModeStateMachine: Uid: 10217 Feature: sensor Rule: restrict |-> notifyAppRuleChangedListeners
03-02 13:57:32.762  8935  8975 I HideModeStateMachine: Uid: 10217 Feature: appIdle Rule: restrict |-> notifyAppRuleChangedListeners
03-02 13:57:32.762  8935  8975 I HideModeStateMachine: Uid: 10217 Feature: sensor Rule: allow |-> notifyAppRuleChangedListeners
03-02 13:57:32.762  8935  8975 I HideModeStateMachine: Uid: 10217 Feature: appIdle Rule: allow |-> notifyAppRuleChangedListeners
03-02 13:57:32.762  8935  8975 D PowerKeeper.Sensor: setUidState, uid = 10217 allow = false
03-02 13:57:32.762  8935  8975 D PowerKeeper.AppStandby: setUidState, uid = 10217 allow = false
03-02 13:57:32.762  2494  2494 D EventBus: [2494, u0] send(AppTransitionFinishedEvent)
03-02 13:57:32.762  2494  2494 D EventBus: [2494, u0]  -> ForcedResizableInfoActivityController [0x3a2ccfc, P1] onBusEvent(AppTransitionFinishedEvent)
03-02 13:57:32.762  2494  2494 D EventBus: [2494, u0] onBusEvent(AppTransitionFinishedEvent) duration: 21 microseconds, avg: 614
03-02 13:57:32.763  8935  8975 D PowerKeeper.Sensor: setUidState, uid = 10217 allow = true
03-02 13:57:32.763  8935  8975 D PowerKeeper.AppStandby: setUidState, uid = 10217 allow = true
03-02 13:57:32.763   568   568 E         : dump begin:path=/data/mqsas/ne/online/-1_ne_null_unknown_286c4dbeda1a53675243296fd5348baf_unknown_development_monet_20.2.6_1583128652_1402974877,title=null_unknown_286c4dbeda1a53675243296fd5348baf_unknown_development,action=logcat,params=-v,threadtime,-b,events,-d,*:v,id=-1
03-02 13:57:32.764   654  1467 I netd    : firewallSetUidRule(2, 10217, 2) <0.04ms>
03-02 13:57:32.765   654  1467 I netd    : firewallSetUidRule(2, 10217, 1) <0.03ms>
03-02 13:57:32.852  9216  9282 E Launcher.Transfer: transfer is closed
03-02 13:57:32.854  1731  2393 I MiuiNetworkPolicy: updateUidState uid = 10057, uidState = 4
03-02 13:57:32.855  9216  9282 D Launcher.Transfer: transfer:onResume, extra:null
03-02 13:57:32.855   654  1467 D OemNetd : whiteListUid: uid=10057, wmm=add
03-02 13:57:33.006  9216  9216 E Launcher: changeViewByFsGestureState,  view=FitSystemWindowView,  alpha=1.0,  scale=1.0
03-02 13:57:33.006  9216  9216 E Launcher: changeViewByFsGestureState,  view=ShortcutMenuLayer,  alpha=1.0,  scale=1.0
03-02 13:57:33.042   568   568 E         : dump begin:path=/data/mqsas/ne/online/-1_ne_null_unknown_286c4dbeda1a53675243296fd5348baf_unknown_development_monet_20.2.6_1583128652_1402974877,title=null_unknown_286c4dbeda1a53675243296fd5348baf_unknown_development,action=logcat,params=-v,threadtime,-b,radio,-d,*:v,id=-1
03-02 13:57:33.272   568   568 E         : dump begin:path=/data/mqsas/ne/online/-1_ne_null_unknown_286c4dbeda1a53675243296fd5348baf_unknown_development_monet_20.2.6_1583128652_1402974877,title=null_unknown_286c4dbeda1a53675243296fd5348baf_unknown_development,action=top,params=-n,1,-d,1,-m,100,id=-1
03-02 13:57:33.288 27031 27031 W top     : type=1400 audit(0.0:286329): avc: denied { sys_ptrace } for capability=19 scontext=u:r:mqsasd:s0 tcontext=u:r:mqsasd:s0 tclass=capability permissive=0 app=com.miui.systemAdSolution
03-02 13:57:33.570   568   568 E         : dump begin:path=/data/mqsas/ne/online/-1_ne_null_unknown_286c4dbeda1a53675243296fd5348baf_unknown_development_monet_20.2.6_1583128652_1402974877,title=null_unknown_286c4dbeda1a53675243296fd5348baf_unknown_development,action=do_dmesg,params=,id=-1
03-02 13:57:33.628   568   568 E         : dump begin:path=/data/mqsas/ne/online/-1_ne_null_unknown_286c4dbeda1a53675243296fd5348baf_unknown_development_monet_20.2.6_1583128652_1402974877,title=null_unknown_286c4dbeda1a53675243296fd5348baf_unknown_development,action=ps,params=-e,id=-1
03-02 13:57:33.860  1731  2393 I MiuiNetworkPolicy: updateUidState uid = 10057, uidState = 16
03-02 13:57:33.860   654  1467 D OemNetd : whiteListUid: uid=10057, wmm=del
