--------- beginning of main
11-21 15:59:00.916  9187 17480 E SecurityDeviceCredentialManager: getService: NULL binder, retry...
11-21 15:59:00.923   701  1853 D libsensor-B2SNotifier: Backlight2SlpiNotifier brightness = 734
11-21 15:59:00.923   729  1310 D SurfaceFlinger: updateHBMOverlayTarget brightness=734, mSupportMulExpo=0
11-21 15:59:01.418  9187 17480 E SecurityDeviceCredentialManager: getService: NULL binder, retry...
11-21 15:59:01.454   669   669 W health@2.0-serv: type=1400 audit(0.0:577834): avc: denied { read } for name="type" dev="sysfs" ino=55767 scontext=u:r:hal_health_default:s0 tcontext=u:object_r:sysfs:s0 tclass=file permissive=0
11-21 15:59:01.461   658   658 W healthd : type=1400 audit(0.0:577835): avc: denied { read } for name="type" dev="sysfs" ino=55767 scontext=u:r:healthd:s0 tcontext=u:object_r:sysfs:s0 tclass=file permissive=0
11-21 15:59:01.920  9187 17480 E SecurityDeviceCredentialManager: getService: NULL binder, retry...
11-21 15:59:01.934   701  1853 D libsensor-B2SNotifier: Backlight2SlpiNotifier brightness = 733
11-21 15:59:01.934   729  1310 D SurfaceFlinger: updateHBMOverlayTarget brightness=733, mSupportMulExpo=0
11-21 15:59:02.422  9187 17480 E SecurityDeviceCredentialManager: getService: NULL binder, retry...
11-21 15:59:02.923  9187 17480 E SecurityDeviceCredentialManager: getService: NULL binder, retry...
11-21 15:59:02.930   701  1853 D libsensor-B2SNotifier: Backlight2SlpiNotifier brightness = 732
11-21 15:59:02.931   729  1310 D SurfaceFlinger: updateHBMOverlayTarget brightness=732, mSupportMulExpo=0
11-21 15:59:03.425  9187 17480 E SecurityDeviceCredentialManager: getService: NULL binder, retry...
11-21 15:59:03.926  9187 17480 E SecurityDeviceCredentialManager: getService: NULL binder, retry...
11-21 15:59:03.937   701  1853 D libsensor-B2SNotifier: Backlight2SlpiNotifier brightness = 731
11-21 15:59:03.937   729  1310 D SurfaceFlinger: updateHBMOverlayTarget brightness=731, mSupportMulExpo=0
11-21 15:59:04.428  9187 17480 E SecurityDeviceCredentialManager: getService: NULL binder, retry...
11-21 15:59:07.440  9187 17480 I chatty  : uid=10072(com.miui.analytics) Thread-4 identical 6 lines
11-21 15:59:07.942  9187 17480 E SecurityDeviceCredentialManager: getService: NULL binder, retry...
11-21 15:59:07.988   658   658 W healthd : type=1400 audit(0.0:577836): avc: denied { read } for name="type" dev="sysfs" ino=55767 scontext=u:r:healthd:s0 tcontext=u:object_r:sysfs:s0 tclass=file permissive=0
11-21 15:59:07.991   669   669 W health@2.0-serv: type=1400 audit(0.0:577837): avc: denied { read } for name="type" dev="sysfs" ino=55767 scontext=u:r:hal_health_default:s0 tcontext=u:object_r:sysfs:s0 tclass=file permissive=0
11-21 15:59:08.001  2018  2018 D KeyguardUpdateMonitor: received broadcast android.intent.action.BATTERY_CHANGED
11-21 15:59:08.002  2209  2209 D QtiCarrierConfigHelper: WARNING, no carrier configs on phone Id: 0
11-21 15:59:08.003  2901  2901 D NfcService: Received android.intent.action.BATTERY_CHANGED
11-21 15:59:08.004  4218  4531 D PowerCheckerService: onBatteryChanged, mBatteryLevel = 99, status = 2, level = 99, plug = 2, scale = 100
11-21 15:59:08.004  3128  3128 I BatteryInfoReceiver: ACTION_BATTERY_CHANGED
11-21 15:59:08.011  4218  4558 D ThermalTempInfoHelper: thermal sensor66 temp is 34460
11-21 15:59:08.013  4218  4558 D ThermalTempInfoHelper: thermal sensor66 temp is 34460
11-21 15:59:08.024   669   669 W health@2.0-serv: type=1400 audit(0.0:577838): avc: denied { read } for name="type" dev="sysfs" ino=55767 scontext=u:r:hal_health_default:s0 tcontext=u:object_r:sysfs:s0 tclass=file permissive=0
11-21 15:59:08.030  2018  2018 D KeyguardUpdateMonitor: received broadcast android.intent.action.BATTERY_CHANGED
11-21 15:59:08.031  2209  2209 D QtiCarrierConfigHelper: WARNING, no carrier configs on phone Id: 0
11-21 15:59:08.032  2901  2901 D NfcService: Received android.intent.action.BATTERY_CHANGED
11-21 15:59:08.024   658   658 W healthd : type=1400 audit(0.0:577839): avc: denied { read } for name="type" dev="sysfs" ino=55767 scontext=u:r:healthd:s0 tcontext=u:object_r:sysfs:s0 tclass=file permissive=0
11-21 15:59:08.032  3128  3128 I BatteryInfoReceiver: ACTION_BATTERY_CHANGED
11-21 15:59:08.032  4218  4531 D PowerCheckerService: onBatteryChanged, mBatteryLevel = 99, status = 2, level = 99, plug = 2, scale = 100
11-21 15:59:08.034  4218  4558 D ThermalTempInfoHelper: thermal sensor66 temp is 34509
11-21 15:59:08.036  4218  4558 D ThermalTempInfoHelper: thermal sensor66 temp is 34509
11-21 15:59:08.443  9187 17480 E SecurityDeviceCredentialManager: getService: NULL binder, retry...
--------- beginning of system
11-21 15:59:03.928  1596  1739 I BackLightController:  grayScale = 0.69803923 level = 2 factor = 0.95244676 inBrightness = 768 outBrightness = 731
11-21 15:59:09.382  1596  1691 E BatteryExternalStatsWorker: no controller energy info supplied for bluetooth
11-21 15:59:08.945  9187 17480 I chatty  : uid=10072(com.miui.analytics) Thread-4 identical 1 line
11-21 15:59:09.447  9187 17480 E SecurityDeviceCredentialManager: getService: NULL binder, retry...
11-21 15:59:09.894   658   658 W healthd : type=1400 audit(0.0:577840): avc: denied { read } for name="type" dev="sysfs" ino=55767 scontext=u:r:healthd:s0 tcontext=u:object_r:sysfs:s0 tclass=file permissive=0
11-21 15:59:09.949  9187 17480 E SecurityDeviceCredentialManager: getService: NULL binder, retry...
11-21 15:59:11.083  1596  7082 I ActivityManager: Force stopping com.xm.testcodec appid=10184 user=0: from process:27526
11-21 15:59:11.084  1596  7082 I AutoStartManagerService: MIUILOG- Reject RestartService packageName :com.xm.testcodec uid : 10184
11-21 15:59:10.451  9187 17480 I chatty  : uid=10072(com.miui.analytics) Thread-4 identical 1 line
11-21 15:59:10.953  9187 17480 E SecurityDeviceCredentialManager: getService: NULL binder, retry...
11-21 15:59:11.093  2209  2209 E PhoneInterfaceManager: [PhoneIntfMgr] getCarrierPackageNamesForIntent: No UICC
11-21 15:59:11.094  2209  2209 D CarrierSvcBindHelper: No carrier app for: 0
11-21 15:59:11.094  2901  2901 D RegisteredServicesCache: Intent action: android.intent.action.PACKAGE_RESTARTED
11-21 15:59:11.098  2209  2209 E PhoneInterfaceManager: [PhoneIntfMgr] getCarrierPackageNamesForIntent: No UICC
11-21 15:59:11.098  2209  2209 D CarrierSvcBindHelper: No carrier app for: 1
11-21 15:59:11.108  2901  2901 E RegisteredServicesCache: Skipping application component ComponentInfo{com.taobao.taobao/com.alibaba.ariver.commonability.device.jsapi.nfc.service.TinyAppHostApduService}: it must request the permission android.permission.NFC
11-21 15:59:11.109  2901  2901 E RegisteredServicesCache: Skipping application component ComponentInfo{me.ele/com.alibaba.ariver.commonability.device.jsapi.nfc.service.TinyAppHostApduService}: it must request the permission android.permission.NFC
11-21 15:59:11.109  2901  2901 D RegisteredServicesCache: Adding service: ComponentInfo{com.eg.android.AlipayGphone/com.alibaba.ariver.commonability.device.jsapi.nfc.service.TinyAppHostApduService} AIDs: []
11-21 15:59:11.109  2901  2901 D RegisteredServicesCache: Adding service: ComponentInfo{com.eg.android.AlipayGphone/com.alipay.android.phone.offlinepay.nfc.CardService} AIDs: [B06937896756002478]
11-21 15:59:11.109  2901  2901 D RegisteredServicesCache: Adding service: ComponentInfo{com.eg.android.AlipayGphone/com.alipay.mobile.aompdevice.nfc.service.TinyAppHostApduService} AIDs: []
11-21 15:59:11.109  2901  2901 D RegisteredServicesCache: Adding service: ComponentInfo{com.sankuai.meituan/com.meituan.android.quickpass.manage.lib.service.ApduService} AIDs: [325041592E5359532E4444463031, A000000333010101, A000000333010102, A000000333010103, A000000333010106]
11-21 15:59:11.109  2901  2901 D RegisteredServicesCache:  Reading service state data always from file
11-21 15:59:11.110  2901  2901 D RegisteredServicesCache: ServiceStateFileVersion=1.0
11-21 15:59:11.110  2901  2901 E RegisteredServicesCache: Next Tag=services
11-21 15:59:11.111  2901  2901 E RegisteredServicesCache: 1invalidateCache:WriteServiceStateToFile
11-21 15:59:11.111  2901  2901 E RegisteredServicesCache:  Writing service state Data Always
11-21 15:59:11.116  2901  2901 D CardEmulationManager: Current default: ComponentInfo{com.eg.android.AlipayGphone/com.alipay.android.phone.offlinepay.nfc.CardService}
11-21 15:59:11.116  2901  2901 D RegisteredAidCache: onServicesUpdated
11-21 15:59:11.117  2901  2901 D RegisteredAidCache: generateServiceMap component: ComponentInfo{com.eg.android.AlipayGphone/com.alibaba.ariver.commonability.device.jsapi.nfc.service.TinyAppHostApduService}
11-21 15:59:11.117  2901  2901 D RegisteredAidCache: generateServiceMap component: ComponentInfo{com.eg.android.AlipayGphone/com.alipay.android.phone.offlinepay.nfc.CardService}
11-21 15:59:11.118  2901  2901 D RegisteredAidCache: generateServiceMap component: ComponentInfo{com.eg.android.AlipayGphone/com.alipay.mobile.aompdevice.nfc.service.TinyAppHostApduService}
11-21 15:59:11.118  2901  2901 D RegisteredAidCache: generateServiceMap component: ComponentInfo{com.sankuai.meituan/com.meituan.android.quickpass.manage.lib.service.ApduService}
11-21 15:59:11.118  2901  2901 D RegisteredAidCache: generateAidCacheLocked: starting with aid 325041592E5359532E4444463031
11-21 15:59:11.118  2901  2901 D RegisteredAidCache: Exact AID, resolving.
11-21 15:59:11.118  2901  2901 D RegisteredAidCache: resolveAidLocked: (Ignoring handling service ComponentInfo{com.sankuai.meituan/com.meituan.android.quickpass.manage.lib.service.ApduService} because it's not the payment default.)
11-21 15:59:11.118  2901  2901 D RegisteredAidCache: resolveAidLocked: DECISION: routing to all matching services
11-21 15:59:11.118  2901  2901 D RegisteredAidCache: AIDs: [325041592E5359532E4444463031] were resolved.
11-21 15:59:11.118  2901  2901 D RegisteredAidCache: generateAidCacheLocked: starting with aid A000000333010101
11-21 15:59:11.118  2901  2901 D RegisteredAidCache: Exact AID, resolving.
11-21 15:59:11.118  2901  2901 D RegisteredAidCache: resolveAidLocked: (Ignoring handling service ComponentInfo{com.sankuai.meituan/com.meituan.android.quickpass.manage.lib.service.ApduService} because it's not the payment default.)
11-21 15:59:11.118  2901  2901 D RegisteredAidCache: resolveAidLocked: DECISION: routing to all matching services
11-21 15:59:11.118  2901  2901 D RegisteredAidCache: AIDs: [A000000333010101] were resolved.
11-21 15:59:11.118  2901  2901 D RegisteredAidCache: generateAidCacheLocked: starting with aid A000000333010102
11-21 15:59:11.119  2901  2901 D RegisteredAidCache: Exact AID, resolving.
11-21 15:59:11.119  2901  2901 D RegisteredAidCache: resolveAidLocked: (Ignoring handling service ComponentInfo{com.sankuai.meituan/com.meituan.android.quickpass.manage.lib.service.ApduService} because it's not the payment default.)
11-21 15:59:11.119  2901  2901 D RegisteredAidCache: resolveAidLocked: DECISION: routing to all matching services
11-21 15:59:11.119  2901  2901 D RegisteredAidCache: AIDs: [A000000333010102] were resolved.
11-21 15:59:11.119  2901  2901 D RegisteredAidCache: generateAidCacheLocked: starting with aid A000000333010103
11-21 15:59:11.119  2901  2901 D RegisteredAidCache: Exact AID, resolving.
11-21 15:59:11.119  2901  2901 D RegisteredAidCache: resolveAidLocked: (Ignoring handling service ComponentInfo{com.sankuai.meituan/com.meituan.android.quickpass.manage.lib.service.ApduService} because it's not the payment default.)
11-21 15:59:11.119  2901  2901 D RegisteredAidCache: resolveAidLocked: DECISION: routing to all matching services
11-21 15:59:11.119  2901  2901 D RegisteredAidCache: AIDs: [A000000333010103] were resolved.
11-21 15:59:11.119  2901  2901 D RegisteredAidCache: generateAidCacheLocked: starting with aid A000000333010106
11-21 15:59:11.119  2901  2901 D RegisteredAidCache: Exact AID, resolving.
11-21 15:59:11.119  2901  2901 D RegisteredAidCache: resolveAidLocked: (Ignoring handling service ComponentInfo{com.sankuai.meituan/com.meituan.android.quickpass.manage.lib.service.ApduService} because it's not the payment default.)
11-21 15:59:11.119  2901  2901 D RegisteredAidCache: resolveAidLocked: DECISION: routing to all matching services
11-21 15:59:11.119  2901  2901 D RegisteredAidCache: AIDs: [A000000333010106] were resolved.
11-21 15:59:11.119  2901  2901 D RegisteredAidCache: generateAidCacheLocked: starting with aid B06937896756002478
11-21 15:59:11.119  2901  2901 D RegisteredAidCache: Exact AID, resolving.
11-21 15:59:11.119  2901  2901 D RegisteredAidCache: resolveAidLocked: DECISION: routing to payment default default ApduService: ComponentInfo{com.eg.android.AlipayGphone/com.alipay.android.phone.offlinepay.nfc.CardService}, description: 支付宝, Static AID Groups: Category: payment, AIDs:B06937896756002478, , Dynamic AID Groups: 
11-21 15:59:11.119  2901  2901 D RegisteredAidCache: AIDs: [B06937896756002478] were resolved.
11-21 15:59:11.119  2901  2901 D RegisteredAidCache: Exact or Prefix AID.B06937896756002478
11-21 15:59:11.119  2901  2901 D RegisteredAidCache: AIDs: [B06937896756002478] were resolved.
11-21 15:59:11.119  2901  2901 D RegisteredAidCache: Exact or Prefix AID.A000000333010106
11-21 15:59:11.119  2901  2901 D RegisteredAidCache: AIDs: [A000000333010106] were resolved.
11-21 15:59:11.119  2901  2901 D RegisteredAidCache: Exact or Prefix AID.A000000333010103
11-21 15:59:11.119  2901  2901 D RegisteredAidCache: AIDs: [A000000333010103] were resolved.
11-21 15:59:11.119  2901  2901 D RegisteredAidCache: Exact or Prefix AID.A000000333010102
11-21 15:59:11.119  2901  2901 D RegisteredAidCache: AIDs: [A000000333010102] were resolved.
11-21 15:59:11.119  2901  2901 D RegisteredAidCache: Exact or Prefix AID.A000000333010101
11-21 15:59:11.119  2901  2901 D RegisteredAidCache: AIDs: [A000000333010101] were resolved.
11-21 15:59:11.119  2901  2901 D RegisteredAidCache: Exact or Prefix AID.325041592E5359532E4444463031
11-21 15:59:11.120  2901  2901 D RegisteredAidCache: AIDs: [325041592E5359532E4444463031] were resolved.
11-21 15:59:11.120  2901  2901 E RegisteredAidCache: updateRoutingLocked(): enter...
11-21 15:59:11.120  2901  2901 D RegisteredAidCache:  AID power state B06937896756002478 17 route 0
11-21 15:59:11.120  2901  2901 I libnfc_nci: [INFO:phNxpConfig.cpp(909)] find found DEFAULT_AID_ROUTE=(0x1)
11-21 15:59:11.120  2901  2901 I libnfc_nci: 
11-21 15:59:11.120  2901  2901 I libnfc_nci: [INFO:phNxpConfig.cpp(909)] find found DEFAULT_AID_PWR_STATE=(0x39)
11-21 15:59:11.120  2901  2901 I libnfc_nci: 
11-21 15:59:11.120  2901  2901 D NfcService: defaultAidRoute : 313
11-21 15:59:11.120  2901  2901 D NfcService: GetDefaultRouteLoc  :1
11-21 15:59:11.120  2901  2901 I libnfc_nci: [INFO:phNxpConfig.cpp(909)] find found DEFAULT_AID_ROUTE=(0x1)
11-21 15:59:11.120  2901  2901 I libnfc_nci: 
11-21 15:59:11.120  2901  2901 I libnfc_nci: [INFO:phNxpConfig.cpp(909)] find found DEFAULT_AID_PWR_STATE=(0x39)
11-21 15:59:11.120  2901  2901 I libnfc_nci: 
11-21 15:59:11.120  2901  2901 D NfcService: defaultAidRoute : 313
11-21 15:59:11.120  2901  2901 I libnfc_nci: [INFO:phNxpConfig.cpp(909)] find found DEFAULT_AID_ROUTE=(0x1)
11-21 15:59:11.120  2901  2901 I libnfc_nci: 
11-21 15:59:11.120  2901  2901 I libnfc_nci: [INFO:phNxpConfig.cpp(909)] find found DEFAULT_AID_PWR_STATE=(0x39)
11-21 15:59:11.120  2901  2901 I libnfc_nci: 
11-21 15:59:11.120  2901  2901 D NfcService: defaultAidRoute : 313
11-21 15:59:11.120  2901  2901 D NfcService: GetDefaultRouteLoc  :1
11-21 15:59:11.120  2901  2901 D AidRoutingManager: mCurrDefaultAidRoute 1
11-21 15:59:11.120  2901  2901 E AidRoutingManager: Size of routing table 506
11-21 15:59:11.120  2901  2901 D AidRoutingManager: #######Routing AID B06937896756002478 to route 0 with power 17
11-21 15:59:11.120  2901  2901 D AidRoutingManager: Routing table unchanged, but commit the routing
11-21 15:59:11.122  2901  2901 E RegisteredServicesCache: 3updateStatusOfServices:WriteServiceStateToFile
11-21 15:59:11.122  2901  2901 E RegisteredServicesCache:  Writing service state Data Always
11-21 15:59:11.127  2901  2901 E RegisteredAidCache: updateRoutingLocked(): exit...
11-21 15:59:11.127  2901  2901 D RegisteredServicesCache: ApduService: ComponentInfo{com.eg.android.AlipayGphone/com.alibaba.ariver.commonability.device.jsapi.nfc.service.TinyAppHostApduService}, description: 支付宝(Alipay) NFC, Static AID Groups: , Dynamic AID Groups: 
11-21 15:59:11.127  2901  2901 D RegisteredServicesCache: ApduService: ComponentInfo{com.eg.android.AlipayGphone/com.alipay.android.phone.offlinepay.nfc.CardService}, description: 支付宝, Static AID Groups: Category: payment, AIDs:B06937896756002478, , Dynamic AID Groups: 
11-21 15:59:11.127  2901  2901 D RegisteredServicesCache: ApduService: ComponentInfo{com.eg.android.AlipayGphone/com.alipay.mobile.aompdevice.nfc.service.TinyAppHostApduService}, description: 支付宝(Alipay) NFC, Static AID Groups: , Dynamic AID Groups: 
11-21 15:59:11.127  2901  2901 D RegisteredServicesCache: ApduService: ComponentInfo{com.sankuai.meituan/com.meituan.android.quickpass.manage.lib.service.ApduService}, description: 美团支付云闪付 点评版, Static AID Groups: Category: payment, AIDs:325041592E5359532E4444463031, A000000333010101, A000000333010102, A000000333010103, A000000333010106, , Dynamic AID Groups: 
11-21 15:59:11.129  2901  2901 D RegisteredNfcFServicesCache: Service unchanged, not updating
11-21 15:59:11.129  2901  2901 E libnfc_nci: [ERROR:RoutingManager.cpp(1934)] RoutingManager::removeApduRouting: enter
11-21 15:59:11.129  2901  3260 I libnfc_nci: [INFO:RoutingManager.cpp(851)] RoutingManager::nfaEeCallback: NFA_EE_REMOVE_APDU_EVT  status=0
11-21 15:59:11.129  2901  2901 E libnfc_nci: [ERROR:RoutingManager.cpp(1940)] RoutingManager::removeApduRouting: removed APDU pattern successfully
11-21 15:59:11.187  1596  7082 I SplashScreenServiceDelegate: None for com.xm.testcodec
11-21 15:59:11.187  1596  7082 I ActivityManager: START u0 {act=android.intent.action.MAIN cat=[android.intent.category.LAUNCHER] flg=0x10000000 cmp=com.xm.testcodec/.MainActivity} from uid 2000
11-21 15:59:11.193   687   749 E ANDR-PERF-MPCTL: Invalid profile no. 0, total profiles 0 only
11-21 15:59:11.195  1596  7082 E ANDR-PERF-JNI: com_qualcomm_qtiperformance_native_perf_io_prefetch_start
11-21 15:59:11.196   686   686 E ANDR-IOP: IOP HAL: Received pkg_name = com.xm.testcodec pid = -1
11-21 15:59:11.216  1596  7082 D CompatibilityInfo: mCompatibilityFlags - 0
11-21 15:59:11.217  1596  7082 D CompatibilityInfo: applicationDensity - 440
11-21 15:59:11.217  1596  7082 D CompatibilityInfo: applicationScale - 1.0
11-21 15:59:11.217   686   735 E ANDR-IOP: io prefetch is disabled
11-21 15:59:11.217  1596  7082 D ActivityTrigger: ActivityTrigger activityPauseTrigger 
11-21 15:59:11.219 27818 27818 D Launcher.Lifecycle: onPause:UserHandle{0},5802d94,true
11-21 15:59:11.253 27818 27867 D Launcher: disableStatusBarClock:false
11-21 15:59:11.261  1596  1685 I set_top_app: success /proc/27818/top_app:0
11-21 15:59:11.289  1596  1687 D Boost   : hostingType=activity, hostingName=com.xm.testcodec/.MainActivity, callerPackage=null, isSystem=true, isBoostNeeded=false.
11-21 15:59:11.291  1596  1687 I ActivityManager: Start proc 27538:com.xm.testcodec/u0a184 for activity com.xm.testcodec/.MainActivity caller=null
11-21 15:59:11.295 27538 27538 I om.xm.testcode: Late-enabling -Xcheck:jni
11-21 15:59:11.356  1596  7082 D CompatibilityInfo: mCompatibilityFlags - 0
11-21 15:59:11.356  1596  7082 D CompatibilityInfo: applicationDensity - 440
11-21 15:59:11.356  1596  7082 D CompatibilityInfo: applicationScale - 1.0
11-21 15:59:11.361  1596  7082 I set_top_app: success /proc/27538/top_app:1
11-21 15:59:11.361  1596  7082 D CompatibilityInfo: mCompatibilityFlags - 0
11-21 15:59:11.361  1596  7082 D CompatibilityInfo: applicationDensity - 440
11-21 15:59:11.361  1596  7082 D CompatibilityInfo: applicationScale - 1.0
11-21 15:59:11.362  4218 18230 D PowerKeeper: PerfEngineController:ForegroundInfo{mForegroundPackageName='com.xm.testcodec', mForegroundUid=10184, mForegroundPid=27538, mLastForegroundPackageName='com.miui.home', mLastForegroundUid=10060, mLastForegroundPid=27818, mMultiWindowForegroundPackageName='null', mMultiWindowForegroundUid=-1, mFlags=1}
11-21 15:59:11.363  4218  4556 D PowerKeeper: PowerStateMachine:Enter power state id=0 name=normal
11-21 15:59:11.364  4218  4482 D ProcessObserver: onScreenAppChanged, FgUid: 10184, FgPackageName: com.xm.testcodec
11-21 15:59:11.364  4218  4482 D ProcessObserver: onScreenAppChanged, PreTaskUid: 10060, PreTaskPackageName: com.miui.home
11-21 15:59:11.364  4218  4482 D ProcessObserver: Uid: 10184 Foreground
11-21 15:59:11.364  4218  4531 D PowerCheckerService: updateForFgUidChangedLocked, mScreenOn = true uid = 10184 foreground = true
11-21 15:59:11.365  4218  4471 D AppActiveChecker: updateDownloadStateForFgUidChangedLocked, mScreenOn = true uid = 10184 foreground = true
11-21 15:59:11.365  4218  4471 D AppActiveChecker: removeMessages: hasMessage, uid = 10184
11-21 15:59:11.365  4218  4471 D DeviceIdleAppRuleChecker: updateStateForInteractiveUidChangedLocked: uid = 10184 foreground = true
11-21 15:59:11.365  4218  4471 D KillProcessAppRuleChecker: updateStateForInteractiveUidChangedLocked: uid = 10184 foreground = true
11-21 15:59:11.365  4218  4471 D HideModeStateMachine: updateForForegroundUidChangedLocked: uid = 10184 foreground = true
11-21 15:59:11.365  4218  4471 I HideModeStateMachine: Uid: 10184 State: inactive_level_1st |-> setForegroundActive
11-21 15:59:11.365  4218  4471 I HideModeStateMachine: Uid: 10184 State: inactive_level_1st Feature: location |-> setSubStateForegroundActive
11-21 15:59:11.365  4218  4471 I HideModeStateMachine: Uid: 10184 State: inactive_level_1st Feature: sensor |-> setSubStateForegroundActive
11-21 15:59:11.365  4218  4471 I HideModeStateMachine: Uid: 10184 State: inactive_level_1st Feature: appIdle |-> setSubStateForegroundActive
11-21 15:59:11.365  2704  2760 I octvm_power: power mode [normal] start 1574323151
11-21 15:59:11.365  4218  4471 I HideModeStateMachine: Uid: 10184 State: active |-> setForegroundActive
11-21 15:59:11.365  4218  4471 D ActiveStateController: updateStateForFgUidChangedLocked: uid = 10184 foreground = true
11-21 15:59:11.365  4218  4471 D ActiveStateController: updateRuleForUidLocked, uid = 10184 property = 0
11-21 15:59:11.365  3128  3162 D GameBoosterService: onGameStatusChange foreground:ForegroundInfo{mForegroundPackageName='com.xm.testcodec', mForegroundUid=10184, mForegroundPid=27538, mLastForegroundPackageName='com.miui.home', mLastForegroundUid=10060, mLastForegroundPid=27818, mMultiWindowForegroundPackageName='null', mMultiWindowForegroundUid=-1, mFlags=1}
11-21 15:59:11.365  2704  2760 I octvm_power: Action: set_bcbc_cust_state(disable) for [foreground_change]
11-21 15:59:11.366  4218  4531 D PowerChecker.BaStats: uid = 10184, uidForeground = true, lastBytes = -2, curBytes = -2, deltaBytes = 0
11-21 15:59:11.366  4218  4471 D PowerKeeperConfigureProvider: appActiveTable insert 2532
11-21 15:59:11.367  1596  1686 V UidProcStateHelper: foreground changed:[27538,10184,true]
11-21 15:59:11.368  4218  4482 D ProcessObserver: onForegroundActivitiesChanged, pid: 27538 uid: 10184 foregroundActivities: true
11-21 15:59:11.368   702   702 D DisplayFeatureHal: setFeatureEnable(displayId=0 caseId=18 modeId=0 cookie=0)
11-21 15:59:11.368   702   702 D DisplayFeatureHal: current wcg state 0, setting to 0
11-21 15:59:11.368   702   702 D DisplayFeatureHal: notifySFWcgState enable = 0
11-21 15:59:11.368   668   696 I SDM     : CoreInterface::SetWCGStatus: SetWCGStatus wcg enable 0
11-21 15:59:11.369   702   702 D DisplayFeatureHal: notifyQservice cmd 47 value 0 ret 0
11-21 15:59:11.369  2704  2760 I octvm_drv_xm: platform_set_bcbc_cust_state disable success
11-21 15:59:11.369  2704  2760 I octvm_power: Action: set_dfps_cust_state(disable) for [foreground_change]
11-21 15:59:11.369  2704  2760 I octvm_drv: common drv: platform_set_dfps_cust_state -> platform not support
11-21 15:59:11.369  2704  2760 I octvm_power: Action: set_lcd_mode(default) for [foreground_change]
11-21 15:59:11.369   702   789 D DisplayFeatureHal: HandleBCBCCustom  enable:0
11-21 15:59:11.369   702   789 D ColorManager: handleHistogramCmd disable histogram
11-21 15:59:11.374   702   702 D DisplayFeatureHal: setFeatureEnable(displayId=0 caseId=7 modeId=1 cookie=0)
11-21 15:59:11.374   702   702 D DisplayFeatureHal: current wcg state 0, setting to 0
11-21 15:59:11.374   702   702 D DisplayFeatureHal: notifySFWcgState enable = 0
11-21 15:59:11.375  1596  1739 I BackLightController:  grayScale = 0.6 level = -1 factor = 1.0 inBrightness = 768 outBrightness = 768
11-21 15:59:11.376   729  1430 D SurfaceFlinger: updateWCGState enable = 0
11-21 15:59:11.377   729  1430 D SurfaceFlinger: updateWCGState enable = 0
11-21 15:59:11.377   668   696 I SDM     : CoreInterface::SetWCGStatus: SetWCGStatus wcg enable 0
11-21 15:59:11.377   702   702 D DisplayFeatureHal: notifyQservice cmd 47 value 0 ret 0
11-21 15:59:11.377   702   789 D DisplayFeatureHal: HandleCabcModeCustom enter 1 0
11-21 15:59:11.377   702   789 W DisplayFeatureHal: ---skip setting acl feature currently, return!
11-21 15:59:11.377   702   789 D DisplayFeatureHal: HandleCabcModeCustom exit 0x1000
11-21 15:59:11.378  2704  2760 I octvm_drv_xm: platform_set_lcd_mode default(1) success
11-21 15:59:11.378  2704  2760 I octvm_power: Action: set_thermal_config(restore) for [foreground_change]
11-21 15:59:11.378  2704  2760 I octvm_drv: platform_set_thermal_mode cur_global_config:[], target mode:[restore], profile=0, ret=0
11-21 15:59:11.379  2704  2760 I octvm_power: onPowerModeChanged[normal] called
11-21 15:59:11.380  1596  1857 I Timeline: Timeline: App_transition_ready time:869409340
11-21 15:59:11.384  2018  2018 D StatusBar: disable<e i a s b h r c s > disable2<q i n g r >
11-21 15:59:11.387  2018  2018 D PhoneStatusBar/NavigationBarView: setDisabledFlags back:false home:false recent:false
11-21 15:59:11.387  2018  2018 D StatusBarClock:  isNormalMode= true clock visible=true
11-21 15:59:11.390 27818 27818 D Launcher.Lifecycle: onWindowFocusChanged:false,UserHandle{0},5802d94,true
11-21 15:59:11.394   701  1853 D libsensor-B2SNotifier: Backlight2SlpiNotifier brightness = 732
11-21 15:59:11.394   729  1310 D SurfaceFlinger: updateHBMOverlayTarget brightness=732, mSupportMulExpo=0
11-21 15:59:11.408   729  1310 D SurfaceFlinger: updateHBMOverlayTarget brightness=740, mSupportMulExpo=0
11-21 15:59:11.417   701  1853 D libsensor-B2SNotifier: Backlight2SlpiNotifier brightness = 747
11-21 15:59:11.428   729  1310 D SurfaceFlinger: updateHBMOverlayTarget brightness=747, mSupportMulExpo=0
11-21 15:59:11.433   701  1853 D libsensor-B2SNotifier: Backlight2SlpiNotifier brightness = 754
11-21 15:59:11.444   729  1310 D SurfaceFlinger: updateHBMOverlayTarget brightness=754, mSupportMulExpo=0
11-21 15:59:11.444   701  1853 D libsensor-B2SNotifier: Backlight2SlpiNotifier brightness = 754
11-21 15:59:11.454  9187 17480 E SecurityDeviceCredentialManager: getService: NULL binder, retry...
11-21 15:59:11.458   701  1853 D libsensor-B2SNotifier: Backlight2SlpiNotifier brightness = 762
11-21 15:59:11.458   729  1310 D SurfaceFlinger: updateHBMOverlayTarget brightness=762, mSupportMulExpo=0
11-21 15:59:11.461  1596  1739 I BackLightController:  grayScale = 0.6 level = -1 factor = 1.0 inBrightness = 768 outBrightness = 768
11-21 15:59:11.474   701  1853 D libsensor-B2SNotifier: Backlight2SlpiNotifier brightness = 768
11-21 15:59:11.474   729  1310 D SurfaceFlinger: updateHBMOverlayTarget brightness=768, mSupportMulExpo=0
11-21 15:59:11.494 27538 27538 I Perf    : Connecting to perf service.
11-21 15:59:11.558 27538 27572 I om.xm.testcode: The ClassLoaderContext is a special shared library.
11-21 15:59:11.561 27538 27538 W Binder:intercep: type=1400 audit(0.0:577841): avc: denied { getattr } for path="/data/data/com.miui.contentcatcher" dev="sda33" ino=5516 scontext=u:r:untrusted_app:s0:c184,c256,c512,c768 tcontext=u:object_r:system_app_data_file:s0 tclass=dir permissive=0
11-21 15:59:11.572 27538 27572 D ViewContentFactory: initViewContentFetcherClass
11-21 15:59:11.572 27538 27572 D ViewContentFactory: getInterceptorPackageInfo
11-21 15:59:11.572 27538 27572 W om.xm.testcode: Accessing hidden method Landroid/app/AppGlobals;->getInitialApplication()Landroid/app/Application; (light greylist, linking)
11-21 15:59:11.573 27538 27572 D ViewContentFactory: getInitialApplication took 2ms
11-21 15:59:11.573 27538 27572 D ViewContentFactory: packageInfo.packageName: com.miui.catcherpatch
11-21 15:59:11.581 27538 27538 W Binder:intercep: type=1400 audit(0.0:577842): avc: denied { getattr } for path="/data/data/com.miui.catcherpatch" dev="sda33" ino=5841 scontext=u:r:untrusted_app:s0:c184,c256,c512,c768 tcontext=u:object_r:system_app_data_file:s0 tclass=dir permissive=0
11-21 15:59:11.589 27538 27572 D ViewContentFactory: initViewContentFetcherClass took 18ms
11-21 15:59:11.590 27538 27572 I ContentCatcher: ViewContentFetcher : ViewContentFetcher
11-21 15:59:11.590 27538 27572 D ViewContentFactory: createInterceptor took 19ms
11-21 15:59:11.595 27538 27538 W om.xm.testcode: Accessing hidden method Landroid/view/View;->computeFitSystemWindows(Landroid/graphics/Rect;Landroid/graphics/Rect;)Z (light greylist, reflection)
11-21 15:59:11.597 27538 27538 W om.xm.testcode: Accessing hidden method Landroid/view/ViewGroup;->makeOptionalFitsSystemWindows()V (light greylist, reflection)
11-21 15:59:11.606 27538 27538 W TypefaceUtils: get metaData of com.xm.testcodec failed
11-21 15:59:11.606 27538 27538 W TypefaceUtils: java.lang.NullPointerException: Attempt to invoke virtual method 'boolean android.os.Bundle.getBoolean(java.lang.String, boolean)' on a null object reference
11-21 15:59:11.606 27538 27538 W TypefaceUtils: 	at miui.util.TypefaceUtils.isUsingMiuiFont(TypefaceUtils.java:300)
11-21 15:59:11.606 27538 27538 W TypefaceUtils: 	at miui.util.TypefaceUtils.usingMiuiFonts(TypefaceUtils.java:289)
11-21 15:59:11.606 27538 27538 W TypefaceUtils: 	at miui.util.TypefaceUtils.replaceTypeface(TypefaceUtils.java:570)
11-21 15:59:11.606 27538 27538 W TypefaceUtils: 	at android.widget.TextView.replaceTypeface(TextView.java:3937)
11-21 15:59:11.606 27538 27538 W TypefaceUtils: 	at android.widget.TextView.setTypeface(TextView.java:3926)
11-21 15:59:11.606 27538 27538 W TypefaceUtils: 	at android.widget.TextView.setTypeface(TextView.java:2147)
11-21 15:59:11.606 27538 27538 W TypefaceUtils: 	at androidx.appcompat.widget.AppCompatTextView.setTypeface(AppCompatTextView.java:708)
11-21 15:59:11.606 27538 27538 W TypefaceUtils: 	at android.widget.TextView.resolveStyleAndSetTypeface(TextView.java:2037)
11-21 15:59:11.606 27538 27538 W TypefaceUtils: 	at android.widget.TextView.setTypefaceFromAttrs(TextView.java:2008)
11-21 15:59:11.606 27538 27538 W TypefaceUtils: 	at android.widget.TextView.applyTextAppearance(TextView.java:3647)
11-21 15:59:11.606 27538 27538 W TypefaceUtils: 	at android.widget.TextView.<init>(TextView.java:1498)
11-21 15:59:11.606 27538 27538 W TypefaceUtils: 	at android.widget.TextView.<init>(TextView.java:869)
11-21 15:59:11.606 27538 27538 W TypefaceUtils: 	at androidx.appcompat.widget.AppCompatTextView.<init>(AppCompatTextView.java:99)
11-21 15:59:11.606 27538 27538 W TypefaceUtils: 	at androidx.appcompat.widget.AppCompatTextView.<init>(AppCompatTextView.java:95)
11-21 15:59:11.606 27538 27538 W TypefaceUtils: 	at androidx.appcompat.widget.AppCompatTextView.<init>(AppCompatTextView.java:91)
11-21 15:59:11.606 27538 27538 W TypefaceUtils: 	at androidx.appcompat.widget.Toolbar.setTitle(Toolbar.java:763)
11-21 15:59:11.606 27538 27538 W TypefaceUtils: 	at androidx.appcompat.widget.ToolbarWidgetWrapper.setTitleInt(ToolbarWidgetWrapper.java:262)
11-21 15:59:11.606 27538 27538 W TypefaceUtils: 	at androidx.appcompat.widget.ToolbarWidgetWrapper.setWindowTitle(ToolbarWidgetWrapper.java:244)
11-21 15:59:11.606 27538 27538 W TypefaceUtils: 	at androidx.appcompat.widget.ActionBarOverlayLayout.setWindowTitle(ActionBarOverlayLayout.java:670)
11-21 15:59:11.606 27538 27538 W TypefaceUtils: 	at androidx.appcompat.app.AppCompatDelegateImpl.ensureSubDecor(AppCompatDelegateImpl.java:665)
11-21 15:59:11.606 27538 27538 W TypefaceUtils: 	at androidx.appcompat.app.AppCompatDelegateImpl.setContentView(AppCompatDelegateImpl.java:552)
11-21 15:59:11.606 27538 27538 W TypefaceUtils: 	at androidx.appcompat.app.AppCompatActivity.setContentView(AppCompatActivity.java:161)
11-21 15:59:11.606 27538 27538 W TypefaceUtils: 	at com.xm.testcodec.MainActivity.onCreate(MainActivity.java:26)
11-21 15:59:11.606 27538 27538 W TypefaceUtils: 	at android.app.Activity.performCreate(Activity.java:7232)
11-21 15:59:11.606 27538 27538 W TypefaceUtils: 	at android.app.Activity.performCreate(Activity.java:7221)
11-21 15:59:11.606 27538 27538 W TypefaceUtils: 	at android.app.Instrumentation.callActivityOnCreate(Instrumentation.java:1272)
11-21 15:59:11.606 27538 27538 W TypefaceUtils: 	at android.app.ActivityThread.performLaunchActivity(ActivityThread.java:2972)
11-21 15:59:11.606 27538 27538 W TypefaceUtils: 	at android.app.ActivityThread.handleLaunchActivity(ActivityThread.java:3127)
11-21 15:59:11.606 27538 27538 W TypefaceUtils: 	at android.app.servertransaction.LaunchActivityItem.execute(LaunchActivityItem.java:78)
11-21 15:59:11.606 27538 27538 W TypefaceUtils: 	at android.app.servertransaction.TransactionExecutor.executeCallbacks(TransactionExecutor.java:108)
11-21 15:59:11.606 27538 27538 W TypefaceUtils: 	at android.app.servertransaction.TransactionExecutor.execute(TransactionExecutor.java:68)
11-21 15:59:11.606 27538 27538 W TypefaceUtils: 	at android.app.ActivityThread$H.handleMessage(ActivityThread.java:1847)
11-21 15:59:11.606 27538 27538 W TypefaceUtils: 	at android.os.Handler.dispatchMessage(Handler.java:106)
11-21 15:59:11.606 27538 27538 W TypefaceUtils: 	at android.os.Looper.loop(Looper.java:201)
11-21 15:59:11.606 27538 27538 W TypefaceUtils: 	at android.app.ActivityThread.main(ActivityThread.java:6893)
11-21 15:59:11.606 27538 27538 W TypefaceUtils: 	at java.lang.reflect.Method.invoke(Native Method)
11-21 15:59:11.606 27538 27538 W TypefaceUtils: 	at com.android.internal.os.RuntimeInit$MethodAndArgsCaller.run(RuntimeInit.java:547)
11-21 15:59:11.606 27538 27538 W TypefaceUtils: 	at com.android.internal.os.ZygoteInit.main(ZygoteInit.java:873)
11-21 15:59:11.613 27538 27538 W TypefaceUtils: get metaData of com.xm.testcodec failed
11-21 15:59:11.613 27538 27538 W TypefaceUtils: java.lang.NullPointerException: Attempt to invoke virtual method 'boolean android.os.Bundle.getBoolean(java.lang.String, boolean)' on a null object reference
11-21 15:59:11.613 27538 27538 W TypefaceUtils: 	at miui.util.TypefaceUtils.isUsingMiuiFont(TypefaceUtils.java:300)
11-21 15:59:11.613 27538 27538 W TypefaceUtils: 	at miui.util.TypefaceUtils.usingMiuiFonts(TypefaceUtils.java:289)
11-21 15:59:11.613 27538 27538 W TypefaceUtils: 	at miui.util.TypefaceUtils.replaceTypeface(TypefaceUtils.java:570)
11-21 15:59:11.613 27538 27538 W TypefaceUtils: 	at android.widget.TextView.replaceTypeface(TextView.java:3937)
11-21 15:59:11.613 27538 27538 W TypefaceUtils: 	at android.widget.TextView.setTypeface(TextView.java:3926)
11-21 15:59:11.613 27538 27538 W TypefaceUtils: 	at android.widget.TextView.setTypeface(TextView.java:2147)
11-21 15:59:11.613 27538 27538 W TypefaceUtils: 	at androidx.appcompat.widget.AppCompatTextView.setTypeface(AppCompatTextView.java:708)
11-21 15:59:11.613 27538 27538 W TypefaceUtils: 	at androidx.appcompat.widget.AppCompatTextHelper.loadFromAttributes(AppCompatTextHelper.java:221)
11-21 15:59:11.613 27538 27538 W TypefaceUtils: 	at androidx.appcompat.widget.AppCompatTextView.<init>(AppCompatTextView.java:105)
11-21 15:59:11.613 27538 27538 W TypefaceUtils: 	at androidx.appcompat.widget.AppCompatTextView.<init>(AppCompatTextView.java:95)
11-21 15:59:11.613 27538 27538 W TypefaceUtils: 	at androidx.appcompat.widget.AppCompatTextView.<init>(AppCompatTextView.java:91)
11-21 15:59:11.613 27538 27538 W TypefaceUtils: 	at androidx.appcompat.widget.Toolbar.setTitle(Toolbar.java:763)
11-21 15:59:11.613 27538 27538 W TypefaceUtils: 	at androidx.appcompat.widget.ToolbarWidgetWrapper.setTitleInt(ToolbarWidgetWrapper.java:262)
11-21 15:59:11.613 27538 27538 W TypefaceUtils: 	at androidx.appcompat.widget.ToolbarWidgetWrapper.setWindowTitle(ToolbarWidgetWrapper.java:244)
11-21 15:59:11.613 27538 27538 W TypefaceUtils: 	at androidx.appcompat.widget.ActionBarOverlayLayout.setWindowTitle(ActionBarOverlayLayout.java:670)
11-21 15:59:11.613 27538 27538 W TypefaceUtils: 	at androidx.appcompat.app.AppCompatDelegateImpl.ensureSubDecor(AppCompatDelegateImpl.java:665)
11-21 15:59:11.613 27538 27538 W TypefaceUtils: 	at androidx.appcompat.app.AppCompatDelegateImpl.setContentView(AppCompatDelegateImpl.java:552)
11-21 15:59:11.613 27538 27538 W TypefaceUtils: 	at androidx.appcompat.app.AppCompatActivity.setContentView(AppCompatActivity.java:161)
11-21 15:59:11.613 27538 27538 W TypefaceUtils: 	at com.xm.testcodec.MainActivity.onCreate(MainActivity.java:26)
11-21 15:59:11.613 27538 27538 W TypefaceUtils: 	at android.app.Activity.performCreate(Activity.java:7232)
11-21 15:59:11.613 27538 27538 W TypefaceUtils: 	at android.app.Activity.performCreate(Activity.java:7221)
11-21 15:59:11.613 27538 27538 W TypefaceUtils: 	at android.app.Instrumentation.callActivityOnCreate(Instrumentation.java:1272)
11-21 15:59:11.613 27538 27538 W TypefaceUtils: 	at android.app.ActivityThread.performLaunchActivity(ActivityThread.java:2972)
11-21 15:59:11.613 27538 27538 W TypefaceUtils: 	at android.app.ActivityThread.handleLaunchActivity(ActivityThread.java:3127)
11-21 15:59:11.613 27538 27538 W TypefaceUtils: 	at android.app.servertransaction.LaunchActivityItem.execute(LaunchActivityItem.java:78)
11-21 15:59:11.613 27538 27538 W TypefaceUtils: 	at android.app.servertransaction.TransactionExecutor.executeCallbacks(TransactionExecutor.java:108)
11-21 15:59:11.613 27538 27538 W TypefaceUtils: 	at android.app.servertransaction.TransactionExecutor.execute(TransactionExecutor.java:68)
11-21 15:59:11.613 27538 27538 W TypefaceUtils: 	at android.app.ActivityThread$H.handleMessage(ActivityThread.java:1847)
11-21 15:59:11.613 27538 27538 W TypefaceUtils: 	at android.os.Handler.dispatchMessage(Handler.java:106)
11-21 15:59:11.613 27538 27538 W TypefaceUtils: 	at android.os.Looper.loop(Looper.java:201)
11-21 15:59:11.613 27538 27538 W TypefaceUtils: 	at android.app.ActivityThread.main(ActivityThread.java:6893)
11-21 15:59:11.613 27538 27538 W TypefaceUtils: 	at java.lang.reflect.Method.invoke(Native Method)
11-21 15:59:11.613 27538 27538 W TypefaceUtils: 	at com.android.internal.os.RuntimeInit$MethodAndArgsCaller.run(RuntimeInit.java:547)
11-21 15:59:11.613 27538 27538 W TypefaceUtils: 	at com.android.internal.os.ZygoteInit.main(ZygoteInit.java:873)
11-21 15:59:11.618 27538 27538 W TypefaceUtils: get metaData of com.xm.testcodec failed
11-21 15:59:11.618 27538 27538 W TypefaceUtils: java.lang.NullPointerException: Attempt to invoke virtual method 'boolean android.os.Bundle.getBoolean(java.lang.String, boolean)' on a null object reference
11-21 15:59:11.618 27538 27538 W TypefaceUtils: 	at miui.util.TypefaceUtils.isUsingMiuiFont(TypefaceUtils.java:300)
11-21 15:59:11.618 27538 27538 W TypefaceUtils: 	at miui.util.TypefaceUtils.usingMiuiFonts(TypefaceUtils.java:289)
11-21 15:59:11.618 27538 27538 W TypefaceUtils: 	at miui.util.TypefaceUtils.replaceTypeface(TypefaceUtils.java:570)
11-21 15:59:11.618 27538 27538 W TypefaceUtils: 	at android.widget.TextView.replaceTypeface(TextView.java:3937)
11-21 15:59:11.618 27538 27538 W TypefaceUtils: 	at android.widget.TextView.setTypeface(TextView.java:3926)
11-21 15:59:11.618 27538 27538 W TypefaceUtils: 	at android.widget.TextView.setTypeface(TextView.java:2147)
11-21 15:59:11.618 27538 27538 W TypefaceUtils: 	at androidx.appcompat.widget.AppCompatTextView.setTypeface(AppCompatTextView.java:708)
11-21 15:59:11.618 27538 27538 W TypefaceUtils: 	at android.widget.TextView.resolveStyleAndSetTypeface(TextView.java:2037)
11-21 15:59:11.618 27538 27538 W TypefaceUtils: 	at android.widget.TextView.setTypefaceFromAttrs(TextView.java:2008)
11-21 15:59:11.618 27538 27538 W TypefaceUtils: 	at android.widget.TextView.applyTextAppearance(TextView.java:3647)
11-21 15:59:11.618 27538 27538 W TypefaceUtils: 	at android.widget.TextView.setTextAppearance(TextView.java:3417)
11-21 15:59:11.618 27538 27538 W TypefaceUtils: 	at androidx.appcompat.widget.AppCompatTextView.setTextAppearance(AppCompatTextView.java:185)
11-21 15:59:11.618 27538 27538 W TypefaceUtils: 	at androidx.appcompat.widget.Toolbar.setTitle(Toolbar.java:767)
11-21 15:59:11.618 27538 27538 W TypefaceUtils: 	at androidx.appcompat.widget.ToolbarWidgetWrapper.setTitleInt(ToolbarWidgetWrapper.java:262)
11-21 15:59:11.618 27538 27538 W TypefaceUtils: 	at androidx.appcompat.widget.ToolbarWidgetWrapper.setWindowTitle(ToolbarWidgetWrapper.java:244)
11-21 15:59:11.618 27538 27538 W TypefaceUtils: 	at androidx.appcompat.widget.ActionBarOverlayLayout.setWindowTitle(ActionBarOverlayLayout.java:670)
11-21 15:59:11.618 27538 27538 W TypefaceUtils: 	at androidx.appcompat.app.AppCompatDelegateImpl.ensureSubDecor(AppCompatDelegateImpl.java:665)
11-21 15:59:11.618 27538 27538 W TypefaceUtils: 	at androidx.appcompat.app.AppCompatDelegateImpl.setContentView(AppCompatDelegateImpl.java:552)
11-21 15:59:11.618 27538 27538 W TypefaceUtils: 	at androidx.appcompat.app.AppCompatActivity.setContentView(AppCompatActivity.java:161)
11-21 15:59:11.618 27538 27538 W TypefaceUtils: 	at com.xm.testcodec.MainActivity.onCreate(MainActivity.java:26)
11-21 15:59:11.618 27538 27538 W TypefaceUtils: 	at android.app.Activity.performCreate(Activity.java:7232)
11-21 15:59:11.618 27538 27538 W TypefaceUtils: 	at android.app.Activity.performCreate(Activity.java:7221)
11-21 15:59:11.618 27538 27538 W TypefaceUtils: 	at android.app.Instrumentation.callActivityOnCreate(Instrumentation.java:1272)
11-21 15:59:11.618 27538 27538 W TypefaceUtils: 	at android.app.ActivityThread.performLaunchActivity(ActivityThread.java:2972)
11-21 15:59:11.618 27538 27538 W TypefaceUtils: 	at android.app.ActivityThread.handleLaunchActivity(ActivityThread.java:3127)
11-21 15:59:11.618 27538 27538 W TypefaceUtils: 	at android.app.servertransaction.LaunchActivityItem.execute(LaunchActivityItem.java:78)
11-21 15:59:11.618 27538 27538 W TypefaceUtils: 	at android.app.servertransaction.TransactionExecutor.executeCallbacks(TransactionExecutor.java:108)
11-21 15:59:11.618 27538 27538 W TypefaceUtils: 	at android.app.servertransaction.TransactionExecutor.execute(TransactionExecutor.java:68)
11-21 15:59:11.618 27538 27538 W TypefaceUtils: 	at android.app.ActivityThread$H.handleMessage(ActivityThread.java:1847)
11-21 15:59:11.618 27538 27538 W TypefaceUtils: 	at android.os.Handler.dispatchMessage(Handler.java:106)
11-21 15:59:11.618 27538 27538 W TypefaceUtils: 	at android.os.Looper.loop(Looper.java:201)
11-21 15:59:11.618 27538 27538 W TypefaceUtils: 	at android.app.ActivityThread.main(ActivityThread.java:6893)
11-21 15:59:11.618 27538 27538 W TypefaceUtils: 	at java.lang.reflect.Method.invoke(Native Method)
11-21 15:59:11.618 27538 27538 W TypefaceUtils: 	at com.android.internal.os.RuntimeInit$MethodAndArgsCaller.run(RuntimeInit.java:547)
11-21 15:59:11.618 27538 27538 W TypefaceUtils: 	at com.android.internal.os.ZygoteInit.main(ZygoteInit.java:873)
11-21 15:59:11.621 27538 27538 W TypefaceUtils: get metaData of com.xm.testcodec failed
11-21 15:59:11.621 27538 27538 W TypefaceUtils: java.lang.NullPointerException: Attempt to invoke virtual method 'boolean android.os.Bundle.getBoolean(java.lang.String, boolean)' on a null object reference
11-21 15:59:11.621 27538 27538 W TypefaceUtils: 	at miui.util.TypefaceUtils.isUsingMiuiFont(TypefaceUtils.java:300)
11-21 15:59:11.621 27538 27538 W TypefaceUtils: 	at miui.util.TypefaceUtils.usingMiuiFonts(TypefaceUtils.java:289)
11-21 15:59:11.621 27538 27538 W TypefaceUtils: 	at miui.util.TypefaceUtils.replaceTypeface(TypefaceUtils.java:570)
11-21 15:59:11.621 27538 27538 W TypefaceUtils: 	at android.widget.TextView.replaceTypeface(TextView.java:3937)
11-21 15:59:11.621 27538 27538 W TypefaceUtils: 	at android.widget.TextView.setTypeface(TextView.java:3926)
11-21 15:59:11.621 27538 27538 W TypefaceUtils: 	at android.widget.TextView.setTypeface(TextView.java:2147)
11-21 15:59:11.621 27538 27538 W TypefaceUtils: 	at androidx.appcompat.widget.AppCompatTextView.setTypeface(AppCompatTextView.java:708)
11-21 15:59:11.621 27538 27538 W TypefaceUtils: 	at androidx.appcompat.widget.AppCompatTextHelper.onSetTextAppearance(AppCompatTextHelper.java:523)
11-21 15:59:11.621 27538 27538 W TypefaceUtils: 	at androidx.appcompat.widget.AppCompatTextView.setTextAppearance(AppCompatTextView.java:187)
11-21 15:59:11.621 27538 27538 W TypefaceUtils: 	at androidx.appcompat.widget.Toolbar.setTitle(Toolbar.java:767)
11-21 15:59:11.621 27538 27538 W TypefaceUtils: 	at androidx.appcompat.widget.ToolbarWidgetWrapper.setTitleInt(ToolbarWidgetWrapper.java:262)
11-21 15:59:11.621 27538 27538 W TypefaceUtils: 	at androidx.appcompat.widget.ToolbarWidgetWrapper.setWindowTitle(ToolbarWidgetWrapper.java:244)
11-21 15:59:11.621 27538 27538 W TypefaceUtils: 	at androidx.appcompat.widget.ActionBarOverlayLayout.setWindowTitle(ActionBarOverlayLayout.java:670)
11-21 15:59:11.621 27538 27538 W TypefaceUtils: 	at androidx.appcompat.app.AppCompatDelegateImpl.ensureSubDecor(AppCompatDelegateImpl.java:665)
11-21 15:59:11.621 27538 27538 W TypefaceUtils: 	at androidx.appcompat.app.AppCompatDelegateImpl.setContentView(AppCompatDelegateImpl.java:552)
11-21 15:59:11.621 27538 27538 W TypefaceUtils: 	at androidx.appcompat.app.AppCompatActivity.setContentView(AppCompatActivity.java:161)
11-21 15:59:11.621 27538 27538 W TypefaceUtils: 	at com.xm.testcodec.MainActivity.onCreate(MainActivity.java:26)
11-21 15:59:11.621 27538 27538 W TypefaceUtils: 	at android.app.Activity.performCreate(Activity.java:7232)
11-21 15:59:11.621 27538 27538 W TypefaceUtils: 	at android.app.Activity.performCreate(Activity.java:7221)
11-21 15:59:11.621 27538 27538 W TypefaceUtils: 	at android.app.Instrumentation.callActivityOnCreate(Instrumentation.java:1272)
11-21 15:59:11.621 27538 27538 W TypefaceUtils: 	at android.app.ActivityThread.performLaunchActivity(ActivityThread.java:2972)
11-21 15:59:11.621 27538 27538 W TypefaceUtils: 	at android.app.ActivityThread.handleLaunchActivity(ActivityThread.java:3127)
11-21 15:59:11.621 27538 27538 W TypefaceUtils: 	at android.app.servertransaction.LaunchActivityItem.execute(LaunchActivityItem.java:78)
11-21 15:59:11.621 27538 27538 W TypefaceUtils: 	at android.app.servertransaction.TransactionExecutor.executeCallbacks(TransactionExecutor.java:108)
11-21 15:59:11.621 27538 27538 W TypefaceUtils: 	at android.app.servertransaction.TransactionExecutor.execute(TransactionExecutor.java:68)
11-21 15:59:11.621 27538 27538 W TypefaceUtils: 	at android.app.ActivityThread$H.handleMessage(ActivityThread.java:1847)
11-21 15:59:11.621 27538 27538 W TypefaceUtils: 	at android.os.Handler.dispatchMessage(Handler.java:106)
11-21 15:59:11.621 27538 27538 W TypefaceUtils: 	at android.os.Looper.loop(Looper.java:201)
11-21 15:59:11.621 27538 27538 W TypefaceUtils: 	at android.app.ActivityThread.main(ActivityThread.java:6893)
11-21 15:59:11.621 27538 27538 W TypefaceUtils: 	at java.lang.reflect.Method.invoke(Native Method)
11-21 15:59:11.621 27538 27538 W TypefaceUtils: 	at com.android.internal.os.RuntimeInit$MethodAndArgsCaller.run(RuntimeInit.java:547)
11-21 15:59:11.621 27538 27538 W TypefaceUtils: 	at com.android.internal.os.ZygoteInit.main(ZygoteInit.java:873)
11-21 15:59:11.631 27538 27538 W TypefaceUtils: get metaData of com.xm.testcodec failed
11-21 15:59:11.631 27538 27538 W TypefaceUtils: java.lang.NullPointerException: Attempt to invoke virtual method 'boolean android.os.Bundle.getBoolean(java.lang.String, boolean)' on a null object reference
11-21 15:59:11.631 27538 27538 W TypefaceUtils: 	at miui.util.TypefaceUtils.isUsingMiuiFont(TypefaceUtils.java:300)
11-21 15:59:11.631 27538 27538 W TypefaceUtils: 	at miui.util.TypefaceUtils.usingMiuiFonts(TypefaceUtils.java:289)
11-21 15:59:11.631 27538 27538 W TypefaceUtils: 	at miui.util.TypefaceUtils.replaceTypeface(TypefaceUtils.java:570)
11-21 15:59:11.631 27538 27538 W TypefaceUtils: 	at android.widget.TextView.replaceTypeface(TextView.java:3937)
11-21 15:59:11.631 27538 27538 W TypefaceUtils: 	at android.widget.TextView.setTypeface(TextView.java:3926)
11-21 15:59:11.631 27538 27538 W TypefaceUtils: 	at android.widget.TextView.setTypeface(TextView.java:2147)
11-21 15:59:11.631 27538 27538 W TypefaceUtils: 	at androidx.appcompat.widget.AppCompatTextView.setTypeface(AppCompatTextView.java:708)
11-21 15:59:11.631 27538 27538 W TypefaceUtils: 	at android.widget.TextView.resolveStyleAndSetTypeface(TextView.java:2037)
11-21 15:59:11.631 27538 27538 W TypefaceUtils: 	at android.widget.TextView.setTypefaceFromAttrs(TextView.java:2008)
11-21 15:59:11.631 27538 27538 W TypefaceUtils: 	at android.widget.TextView.applyTextAppearance(TextView.java:3647)
11-21 15:59:11.631 27538 27538 W TypefaceUtils: 	at android.widget.TextView.<init>(TextView.java:1498)
11-21 15:59:11.631 27538 27538 W TypefaceUtils: 	at android.widget.TextView.<init>(TextView.java:869)
11-21 15:59:11.631 27538 27538 W TypefaceUtils: 	at androidx.appcompat.widget.AppCompatTextView.<init>(AppCompatTextView.java:99)
11-21 15:59:11.631 27538 27538 W TypefaceUtils: 	at androidx.appcompat.widget.AppCompatTextView.<init>(AppCompatTextView.java:95)
